2025-02-06 09:44:07,823 - numexpr.utils - INFO - _init_num_threads:148 - Note: NumExpr detected 16 cores but "NUMEXPR_MAX_THREADS" not set, so enforcing safe limit of 8.
2025-02-06 09:44:07,823 - numexpr.utils - INFO - _init_num_threads:160 - NumExpr defaulting to 8 threads.
2025-02-06 09:44:07,918 - Reading Coords - INFO - syri:135 - Reading input from BAM file
2025-02-06 09:44:07,971 - syri - INFO - syri:214 - starting
2025-02-06 09:44:07,971 - syri - INFO - syri:214 - Analysing chromosomes: ['contig_1']
2025-02-06 09:44:07,978 - syri.contig_1 - INFO - mapstar:48 - contig_1 (10, 11)
2025-02-06 09:44:07,978 - syri.contig_1 - INFO - mapstar:48 - Identifying Synteny for chromosome contig_1
2025-02-06 09:44:07,999 - syri.contig_1 - INFO - mapstar:48 - Identifying Inversions for chromosome contig_1
2025-02-06 09:44:08,214 - syri.contig_1 - INFO - mapstar:48 - Identifying translocation and duplication for chromosome contig_1
2025-02-06 09:44:08,246 - getCTX - INFO - syri:214 - Identifying cross-chromosomal translocation and duplication for chromosome2025-02-06 09:44:08.246675
2025-02-06 09:44:08,297 - local_variation - INFO - syri:225 - Finding SVs in synOut.txt, invOut.txt, TLOut.txt, invTLOut.txt, ctxOut.txt
2025-02-06 09:44:08,558 - local_variation - INFO - syri:245 - Finding SNPs and small indels
2025-02-06 09:44:08,617 - local_variation - INFO - syri:257 - Combining outputs
2025-02-06 09:44:08,617 - local_variation - INFO - syri:262 - Generating table output
2025-02-06 09:44:08,717 - local_variation - INFO - syri:267 - Generating VCF
2025-02-06 09:44:08,725 - local_variation - WARNING - syri:275 - Finished syri
2025-02-09 01:18:38,209 - numexpr.utils - INFO - _init_num_threads:148 - Note: NumExpr detected 16 cores but "NUMEXPR_MAX_THREADS" not set, so enforcing safe limit of 8.
2025-02-09 01:18:38,210 - numexpr.utils - INFO - _init_num_threads:160 - NumExpr defaulting to 8 threads.
2025-02-09 01:18:38,295 - Reading Coords - INFO - syri:135 - Reading input from BAM file
2025-02-09 01:18:38,344 - syri - INFO - syri:214 - starting
2025-02-09 01:18:38,344 - syri - INFO - syri:214 - Analysing chromosomes: ['contig_1']
2025-02-09 01:18:38,351 - syri.contig_1 - INFO - mapstar:48 - contig_1 (10, 11)
2025-02-09 01:18:38,351 - syri.contig_1 - INFO - mapstar:48 - Identifying Synteny for chromosome contig_1
2025-02-09 01:18:38,371 - syri.contig_1 - INFO - mapstar:48 - Identifying Inversions for chromosome contig_1
2025-02-09 01:18:38,560 - syri.contig_1 - INFO - mapstar:48 - Identifying translocation and duplication for chromosome contig_1
2025-02-09 01:18:38,590 - getCTX - INFO - syri:214 - Identifying cross-chromosomal translocation and duplication for chromosome2025-02-09 01:18:38.590875
2025-02-09 01:18:38,640 - local_variation - INFO - syri:225 - Finding SVs in synOut.txt, invOut.txt, TLOut.txt, invTLOut.txt, ctxOut.txt
2025-02-09 01:18:38,872 - local_variation - INFO - syri:245 - Finding SNPs and small indels
2025-02-09 01:18:38,925 - local_variation - INFO - syri:257 - Combining outputs
2025-02-09 01:18:38,925 - local_variation - INFO - syri:262 - Generating table output
2025-02-09 01:18:39,018 - local_variation - INFO - syri:267 - Generating VCF
2025-02-09 01:18:39,025 - local_variation - WARNING - syri:275 - Finished syri
2025-02-09 01:23:37,143 - numexpr.utils - INFO - _init_num_threads:148 - Note: NumExpr detected 16 cores but "NUMEXPR_MAX_THREADS" not set, so enforcing safe limit of 8.
2025-02-09 01:23:37,143 - numexpr.utils - INFO - _init_num_threads:160 - NumExpr defaulting to 8 threads.
2025-02-09 01:23:37,228 - Reading Coords - INFO - syri:135 - Reading input from BAM file
2025-02-09 01:23:37,276 - syri - INFO - syri:214 - starting
2025-02-09 01:23:37,276 - syri - INFO - syri:214 - Analysing chromosomes: ['contig_1']
2025-02-09 01:23:37,282 - syri.contig_1 - INFO - mapstar:48 - contig_1 (10, 11)
2025-02-09 01:23:37,283 - syri.contig_1 - INFO - mapstar:48 - Identifying Synteny for chromosome contig_1
2025-02-09 01:23:37,302 - syri.contig_1 - INFO - mapstar:48 - Identifying Inversions for chromosome contig_1
2025-02-09 01:23:37,488 - syri.contig_1 - INFO - mapstar:48 - Identifying translocation and duplication for chromosome contig_1
2025-02-09 01:23:37,516 - getCTX - INFO - syri:214 - Identifying cross-chromosomal translocation and duplication for chromosome2025-02-09 01:23:37.516193
2025-02-09 01:23:37,562 - local_variation - INFO - syri:225 - Finding SVs in synOut.txt, invOut.txt, TLOut.txt, invTLOut.txt, ctxOut.txt
2025-02-09 01:23:37,792 - local_variation - INFO - syri:245 - Finding SNPs and small indels
2025-02-09 01:23:37,847 - local_variation - INFO - syri:257 - Combining outputs
2025-02-09 01:23:37,847 - local_variation - INFO - syri:262 - Generating table output
2025-02-09 01:23:37,937 - local_variation - INFO - syri:267 - Generating VCF
2025-02-09 01:23:37,944 - local_variation - WARNING - syri:275 - Finished syri
2025-02-09 01:28:19,568 - numexpr.utils - INFO - _init_num_threads:148 - Note: NumExpr detected 16 cores but "NUMEXPR_MAX_THREADS" not set, so enforcing safe limit of 8.
2025-02-09 01:28:19,568 - numexpr.utils - INFO - _init_num_threads:160 - NumExpr defaulting to 8 threads.
2025-02-09 01:28:19,654 - Reading Coords - INFO - syri:135 - Reading input from BAM file
2025-02-09 01:28:19,702 - syri - INFO - syri:214 - starting
2025-02-09 01:28:19,702 - syri - INFO - syri:214 - Analysing chromosomes: ['contig_1']
2025-02-09 01:28:19,708 - syri.contig_1 - INFO - mapstar:48 - contig_1 (10, 11)
2025-02-09 01:28:19,708 - syri.contig_1 - INFO - mapstar:48 - Identifying Synteny for chromosome contig_1
2025-02-09 01:28:19,728 - syri.contig_1 - INFO - mapstar:48 - Identifying Inversions for chromosome contig_1
2025-02-09 01:28:19,914 - syri.contig_1 - INFO - mapstar:48 - Identifying translocation and duplication for chromosome contig_1
2025-02-09 01:28:19,942 - getCTX - INFO - syri:214 - Identifying cross-chromosomal translocation and duplication for chromosome2025-02-09 01:28:19.942416
2025-02-09 01:28:19,990 - local_variation - INFO - syri:225 - Finding SVs in synOut.txt, invOut.txt, TLOut.txt, invTLOut.txt, ctxOut.txt
2025-02-09 01:28:20,227 - local_variation - INFO - syri:245 - Finding SNPs and small indels
2025-02-09 01:28:20,281 - local_variation - INFO - syri:257 - Combining outputs
2025-02-09 01:28:20,281 - local_variation - INFO - syri:262 - Generating table output
2025-02-09 01:28:20,375 - local_variation - INFO - syri:267 - Generating VCF
2025-02-09 01:28:20,382 - local_variation - WARNING - syri:275 - Finished syri
2025-02-09 01:29:27,639 - numexpr.utils - INFO - _init_num_threads:148 - Note: NumExpr detected 16 cores but "NUMEXPR_MAX_THREADS" not set, so enforcing safe limit of 8.
2025-02-09 01:29:27,639 - numexpr.utils - INFO - _init_num_threads:160 - NumExpr defaulting to 8 threads.
2025-02-09 01:29:27,723 - Reading Coords - INFO - syri:135 - Reading input from BAM file
2025-02-09 01:29:27,770 - syri - INFO - syri:214 - starting
2025-02-09 01:29:27,770 - syri - INFO - syri:214 - Analysing chromosomes: ['contig_1']
2025-02-09 01:29:27,777 - syri.contig_1 - INFO - mapstar:48 - contig_1 (10, 11)
2025-02-09 01:29:27,777 - syri.contig_1 - INFO - mapstar:48 - Identifying Synteny for chromosome contig_1
2025-02-09 01:29:27,798 - syri.contig_1 - INFO - mapstar:48 - Identifying Inversions for chromosome contig_1
2025-02-09 01:29:27,983 - syri.contig_1 - INFO - mapstar:48 - Identifying translocation and duplication for chromosome contig_1
2025-02-09 01:29:28,013 - getCTX - INFO - syri:214 - Identifying cross-chromosomal translocation and duplication for chromosome2025-02-09 01:29:28.013584
2025-02-09 01:29:28,068 - local_variation - INFO - syri:225 - Finding SVs in synOut.txt, invOut.txt, TLOut.txt, invTLOut.txt, ctxOut.txt
2025-02-09 01:29:28,299 - local_variation - INFO - syri:245 - Finding SNPs and small indels
2025-02-09 01:29:28,353 - local_variation - INFO - syri:257 - Combining outputs
2025-02-09 01:29:28,353 - local_variation - INFO - syri:262 - Generating table output
2025-02-09 01:29:28,444 - local_variation - INFO - syri:267 - Generating VCF
2025-02-09 01:29:28,451 - local_variation - WARNING - syri:275 - Finished syri
2025-02-09 01:36:49,880 - numexpr.utils - INFO - _init_num_threads:148 - Note: NumExpr detected 16 cores but "NUMEXPR_MAX_THREADS" not set, so enforcing safe limit of 8.
2025-02-09 01:36:49,880 - numexpr.utils - INFO - _init_num_threads:160 - NumExpr defaulting to 8 threads.
2025-02-09 01:36:49,965 - Reading Coords - INFO - syri:135 - Reading input from BAM file
2025-02-09 01:36:50,013 - syri - INFO - syri:214 - starting
2025-02-09 01:36:50,013 - syri - INFO - syri:214 - Analysing chromosomes: ['contig_1']
2025-02-09 01:36:50,020 - syri.contig_1 - INFO - mapstar:48 - contig_1 (10, 11)
2025-02-09 01:36:50,020 - syri.contig_1 - INFO - mapstar:48 - Identifying Synteny for chromosome contig_1
2025-02-09 01:36:50,040 - syri.contig_1 - INFO - mapstar:48 - Identifying Inversions for chromosome contig_1
2025-02-09 01:36:50,223 - syri.contig_1 - INFO - mapstar:48 - Identifying translocation and duplication for chromosome contig_1
2025-02-09 01:36:50,251 - getCTX - INFO - syri:214 - Identifying cross-chromosomal translocation and duplication for chromosome2025-02-09 01:36:50.251151
2025-02-09 01:36:50,298 - local_variation - INFO - syri:225 - Finding SVs in synOut.txt, invOut.txt, TLOut.txt, invTLOut.txt, ctxOut.txt
2025-02-09 01:36:50,529 - local_variation - INFO - syri:245 - Finding SNPs and small indels
2025-02-09 01:36:50,582 - local_variation - INFO - syri:257 - Combining outputs
2025-02-09 01:36:50,582 - local_variation - INFO - syri:262 - Generating table output
2025-02-09 01:36:50,672 - local_variation - INFO - syri:267 - Generating VCF
2025-02-09 01:36:50,679 - local_variation - WARNING - syri:275 - Finished syri
2025-02-09 01:40:31,997 - numexpr.utils - INFO - _init_num_threads:148 - Note: NumExpr detected 16 cores but "NUMEXPR_MAX_THREADS" not set, so enforcing safe limit of 8.
2025-02-09 01:40:31,997 - numexpr.utils - INFO - _init_num_threads:160 - NumExpr defaulting to 8 threads.
2025-02-09 01:40:32,082 - Reading Coords - INFO - syri:135 - Reading input from BAM file
2025-02-09 01:40:32,131 - syri - INFO - syri:214 - starting
2025-02-09 01:40:32,131 - syri - INFO - syri:214 - Analysing chromosomes: ['contig_1']
2025-02-09 01:40:32,138 - syri.contig_1 - INFO - mapstar:48 - contig_1 (10, 11)
2025-02-09 01:40:32,138 - syri.contig_1 - INFO - mapstar:48 - Identifying Synteny for chromosome contig_1
2025-02-09 01:40:32,157 - syri.contig_1 - INFO - mapstar:48 - Identifying Inversions for chromosome contig_1
2025-02-09 01:40:32,344 - syri.contig_1 - INFO - mapstar:48 - Identifying translocation and duplication for chromosome contig_1
2025-02-09 01:40:32,372 - getCTX - INFO - syri:214 - Identifying cross-chromosomal translocation and duplication for chromosome2025-02-09 01:40:32.372800
2025-02-09 01:40:32,419 - local_variation - INFO - syri:225 - Finding SVs in synOut.txt, invOut.txt, TLOut.txt, invTLOut.txt, ctxOut.txt
2025-02-09 01:40:32,652 - local_variation - INFO - syri:245 - Finding SNPs and small indels
2025-02-09 01:40:32,706 - local_variation - INFO - syri:257 - Combining outputs
2025-02-09 01:40:32,706 - local_variation - INFO - syri:262 - Generating table output
2025-02-09 01:40:32,799 - local_variation - INFO - syri:267 - Generating VCF
2025-02-09 01:40:32,806 - local_variation - WARNING - syri:275 - Finished syri
2025-02-09 14:55:57,951 - numexpr.utils - INFO - _init_num_threads:148 - Note: NumExpr detected 16 cores but "NUMEXPR_MAX_THREADS" not set, so enforcing safe limit of 8.
2025-02-09 14:55:57,952 - numexpr.utils - INFO - _init_num_threads:160 - NumExpr defaulting to 8 threads.
2025-02-09 14:55:58,032 - Reading Coords - INFO - syri:135 - Reading input from BAM file
2025-02-09 14:55:58,077 - syri - INFO - syri:214 - starting
2025-02-09 14:55:58,077 - syri - INFO - syri:214 - Analysing chromosomes: ['contig_1']
2025-02-09 14:55:58,083 - syri.contig_1 - INFO - mapstar:48 - contig_1 (10, 11)
2025-02-09 14:55:58,083 - syri.contig_1 - INFO - mapstar:48 - Identifying Synteny for chromosome contig_1
2025-02-09 14:55:58,101 - syri.contig_1 - INFO - mapstar:48 - Identifying Inversions for chromosome contig_1
2025-02-09 14:55:58,277 - syri.contig_1 - INFO - mapstar:48 - Identifying translocation and duplication for chromosome contig_1
2025-02-09 14:55:58,304 - getCTX - INFO - syri:214 - Identifying cross-chromosomal translocation and duplication for chromosome2025-02-09 14:55:58.304526
2025-02-09 14:55:58,348 - local_variation - INFO - syri:225 - Finding SVs in synOut.txt, invOut.txt, TLOut.txt, invTLOut.txt, ctxOut.txt
2025-02-09 14:55:58,570 - local_variation - INFO - syri:245 - Finding SNPs and small indels
2025-02-09 14:55:58,621 - local_variation - INFO - syri:257 - Combining outputs
2025-02-09 14:55:58,621 - local_variation - INFO - syri:262 - Generating table output
2025-02-09 14:55:58,707 - local_variation - INFO - syri:267 - Generating VCF
2025-02-09 14:55:58,714 - local_variation - WARNING - syri:275 - Finished syri
2025-02-15 21:15:43,495 - numexpr.utils - INFO - _init_num_threads:148 - Note: NumExpr detected 16 cores but "NUMEXPR_MAX_THREADS" not set, so enforcing safe limit of 8.
2025-02-15 21:15:43,495 - numexpr.utils - INFO - _init_num_threads:160 - NumExpr defaulting to 8 threads.
2025-02-15 21:15:43,586 - Reading Coords - INFO - syri:135 - Reading input from BAM file
2025-02-15 21:15:43,637 - syri - INFO - syri:214 - starting
2025-02-15 21:15:43,637 - syri - INFO - syri:214 - Analysing chromosomes: ['contig_1']
2025-02-15 21:15:43,644 - syri.contig_1 - INFO - mapstar:48 - contig_1 (10, 11)
2025-02-15 21:15:43,644 - syri.contig_1 - INFO - mapstar:48 - Identifying Synteny for chromosome contig_1
2025-02-15 21:15:43,664 - syri.contig_1 - INFO - mapstar:48 - Identifying Inversions for chromosome contig_1
2025-02-15 21:15:43,873 - syri.contig_1 - INFO - mapstar:48 - Identifying translocation and duplication for chromosome contig_1
2025-02-15 21:15:43,903 - getCTX - INFO - syri:214 - Identifying cross-chromosomal translocation and duplication for chromosome2025-02-15 21:15:43.903909
2025-02-15 21:15:43,952 - local_variation - INFO - syri:225 - Finding SVs in synOut.txt, invOut.txt, TLOut.txt, invTLOut.txt, ctxOut.txt
2025-02-15 21:15:44,199 - local_variation - INFO - syri:245 - Finding SNPs and small indels
2025-02-15 21:15:44,255 - local_variation - INFO - syri:257 - Combining outputs
2025-02-15 21:15:44,256 - local_variation - INFO - syri:262 - Generating table output
2025-02-15 21:15:44,353 - local_variation - INFO - syri:267 - Generating VCF
2025-02-15 21:15:44,361 - local_variation - WARNING - syri:275 - Finished syri
