2025-02-06 10:00:17,154 - numexpr.utils - INFO - _init_num_threads:148 - Note: NumExpr detected 16 cores but "NUMEXPR_MAX_THREADS" not set, so enforcing safe limit of 8.
2025-02-06 10:00:17,154 - numexpr.utils - INFO - _init_num_threads:160 - NumExpr defaulting to 8 threads.
2025-02-06 10:00:17,280 - Reading Coords - INFO - syri:135 - Reading input from BAM file
2025-02-06 10:00:17,349 - syri - INFO - syri:214 - starting
2025-02-06 10:00:17,350 - syri - INFO - syri:214 - Analysing chromosomes: ['contig_1']
2025-02-06 10:00:17,358 - syri.contig_1 - INFO - mapstar:48 - contig_1 (4, 11)
2025-02-06 10:00:17,359 - syri.contig_1 - INFO - mapstar:48 - Identifying Synteny for chromosome contig_1
2025-02-06 10:00:17,385 - syri.contig_1 - INFO - mapstar:48 - Identifying Inversions for chromosome contig_1
2025-02-06 10:00:17,652 - syri.contig_1 - INFO - mapstar:48 - Identifying translocation and duplication for chromosome contig_1
2025-02-06 10:00:17,681 - getCTX - INFO - syri:214 - Identifying cross-chromosomal translocation and duplication for chromosome2025-02-06 10:00:17.681357
2025-02-06 10:00:17,757 - local_variation - INFO - syri:225 - Finding SVs in synOut.txt, invOut.txt, TLOut.txt, invTLOut.txt, ctxOut.txt
2025-02-06 10:00:18,087 - local_variation - INFO - syri:245 - Finding SNPs and small indels
2025-02-06 10:00:18,141 - local_variation - INFO - syri:257 - Combining outputs
2025-02-06 10:00:18,141 - local_variation - INFO - syri:262 - Generating table output
2025-02-06 10:00:18,247 - local_variation - INFO - syri:267 - Generating VCF
2025-02-06 10:00:18,256 - local_variation - WARNING - syri:275 - Finished syri
2025-02-09 02:03:04,020 - numexpr.utils - INFO - _init_num_threads:148 - Note: NumExpr detected 16 cores but "NUMEXPR_MAX_THREADS" not set, so enforcing safe limit of 8.
2025-02-09 02:03:04,021 - numexpr.utils - INFO - _init_num_threads:160 - NumExpr defaulting to 8 threads.
2025-02-09 02:03:04,104 - Reading Coords - INFO - syri:135 - Reading input from BAM file
2025-02-09 02:03:04,151 - syri - INFO - syri:214 - starting
2025-02-09 02:03:04,151 - syri - INFO - syri:214 - Analysing chromosomes: ['contig_1']
2025-02-09 02:03:04,158 - syri.contig_1 - INFO - mapstar:48 - contig_1 (4, 11)
2025-02-09 02:03:04,158 - syri.contig_1 - INFO - mapstar:48 - Identifying Synteny for chromosome contig_1
2025-02-09 02:03:04,177 - syri.contig_1 - INFO - mapstar:48 - Identifying Inversions for chromosome contig_1
2025-02-09 02:03:04,357 - syri.contig_1 - INFO - mapstar:48 - Identifying translocation and duplication for chromosome contig_1
2025-02-09 02:03:04,376 - getCTX - INFO - syri:214 - Identifying cross-chromosomal translocation and duplication for chromosome2025-02-09 02:03:04.376730
2025-02-09 02:03:04,424 - local_variation - INFO - syri:225 - Finding SVs in synOut.txt, invOut.txt, TLOut.txt, invTLOut.txt, ctxOut.txt
2025-02-09 02:03:04,641 - local_variation - INFO - syri:245 - Finding SNPs and small indels
2025-02-09 02:03:04,676 - local_variation - INFO - syri:257 - Combining outputs
2025-02-09 02:03:04,677 - local_variation - INFO - syri:262 - Generating table output
2025-02-09 02:03:04,745 - local_variation - INFO - syri:267 - Generating VCF
2025-02-09 02:03:04,751 - local_variation - WARNING - syri:275 - Finished syri
2025-02-09 15:08:43,514 - numexpr.utils - INFO - _init_num_threads:148 - Note: NumExpr detected 16 cores but "NUMEXPR_MAX_THREADS" not set, so enforcing safe limit of 8.
2025-02-09 15:08:43,514 - numexpr.utils - INFO - _init_num_threads:160 - NumExpr defaulting to 8 threads.
2025-02-09 15:08:43,596 - Reading Coords - INFO - syri:135 - Reading input from BAM file
2025-02-09 15:08:43,641 - syri - INFO - syri:214 - starting
2025-02-09 15:08:43,641 - syri - INFO - syri:214 - Analysing chromosomes: ['contig_1']
2025-02-09 15:08:43,648 - syri.contig_1 - INFO - mapstar:48 - contig_1 (4, 11)
2025-02-09 15:08:43,648 - syri.contig_1 - INFO - mapstar:48 - Identifying Synteny for chromosome contig_1
2025-02-09 15:08:43,666 - syri.contig_1 - INFO - mapstar:48 - Identifying Inversions for chromosome contig_1
2025-02-09 15:08:43,841 - syri.contig_1 - INFO - mapstar:48 - Identifying translocation and duplication for chromosome contig_1
2025-02-09 15:08:43,860 - getCTX - INFO - syri:214 - Identifying cross-chromosomal translocation and duplication for chromosome2025-02-09 15:08:43.860148
2025-02-09 15:08:43,921 - local_variation - INFO - syri:225 - Finding SVs in synOut.txt, invOut.txt, TLOut.txt, invTLOut.txt, ctxOut.txt
2025-02-09 15:08:44,134 - local_variation - INFO - syri:245 - Finding SNPs and small indels
2025-02-09 15:08:44,169 - local_variation - INFO - syri:257 - Combining outputs
2025-02-09 15:08:44,170 - local_variation - INFO - syri:262 - Generating table output
2025-02-09 15:08:44,237 - local_variation - INFO - syri:267 - Generating VCF
2025-02-09 15:08:44,243 - local_variation - WARNING - syri:275 - Finished syri
2025-02-15 21:29:31,635 - numexpr.utils - INFO - _init_num_threads:148 - Note: NumExpr detected 16 cores but "NUMEXPR_MAX_THREADS" not set, so enforcing safe limit of 8.
2025-02-15 21:29:31,636 - numexpr.utils - INFO - _init_num_threads:160 - NumExpr defaulting to 8 threads.
2025-02-15 21:29:31,727 - Reading Coords - INFO - syri:135 - Reading input from BAM file
2025-02-15 21:29:31,776 - syri - INFO - syri:214 - starting
2025-02-15 21:29:31,777 - syri - INFO - syri:214 - Analysing chromosomes: ['contig_1']
2025-02-15 21:29:31,783 - syri.contig_1 - INFO - mapstar:48 - contig_1 (4, 11)
2025-02-15 21:29:31,784 - syri.contig_1 - INFO - mapstar:48 - Identifying Synteny for chromosome contig_1
2025-02-15 21:29:31,804 - syri.contig_1 - INFO - mapstar:48 - Identifying Inversions for chromosome contig_1
2025-02-15 21:29:31,996 - syri.contig_1 - INFO - mapstar:48 - Identifying translocation and duplication for chromosome contig_1
2025-02-15 21:29:32,017 - getCTX - INFO - syri:214 - Identifying cross-chromosomal translocation and duplication for chromosome2025-02-15 21:29:32.017727
2025-02-15 21:29:32,087 - local_variation - INFO - syri:225 - Finding SVs in synOut.txt, invOut.txt, TLOut.txt, invTLOut.txt, ctxOut.txt
2025-02-15 21:29:32,330 - local_variation - INFO - syri:245 - Finding SNPs and small indels
2025-02-15 21:29:32,369 - local_variation - INFO - syri:257 - Combining outputs
2025-02-15 21:29:32,369 - local_variation - INFO - syri:262 - Generating table output
2025-02-15 21:29:32,453 - local_variation - INFO - syri:267 - Generating VCF
2025-02-15 21:29:32,460 - local_variation - WARNING - syri:275 - Finished syri
