contig_1	1	1185979	-	-	contig_1	1	1188619	SYN1	-	SYN	-
contig_1	1	1185979	-	-	contig_1	1	1188619	SYNAL1	SYN1	SYNAL	-
contig_1	2950	2951	CT	C	contig_1	2950	2950	DEL7	SYN1	DEL	-
contig_1	5433	5434	AG	A	contig_1	5432	5432	DEL8	SYN1	DEL	-
contig_1	5811	5811	A	AG	contig_1	5809	5810	INS9	SYN1	INS	-
contig_1	16728	16728	A	AG	contig_1	16727	16728	INS10	SYN1	INS	-
contig_1	54138	54138	C	CT	contig_1	54138	54139	INS11	SYN1	INS	-
contig_1	56928	56929	TC	T	contig_1	56929	56929	DEL12	SYN1	DEL	-
contig_1	63230	63231	CT	C	contig_1	63230	63230	DEL13	SYN1	DEL	-
contig_1	63618	63618	C	CA	contig_1	63617	63618	INS14	SYN1	INS	-
contig_1	76954	76954	G	GC	contig_1	76954	76955	INS15	SYN1	INS	-
contig_1	110446	110446	A	AG	contig_1	110447	110448	INS16	SYN1	INS	-
contig_1	124091	124091	G	GA	contig_1	124093	124094	INS17	SYN1	INS	-
contig_1	132519	132519	A	AC	contig_1	132522	132523	INS18	SYN1	INS	-
contig_1	134483	134484	GT	G	contig_1	134487	134487	DEL19	SYN1	DEL	-
contig_1	134519	134519	G	GT	contig_1	134522	134523	INS20	SYN1	INS	-
contig_1	144729	144730	AG	A	contig_1	144733	144733	DEL21	SYN1	DEL	-
contig_1	173684	173684	C	T	contig_1	173687	173687	SNP22	SYN1	SNP	-
contig_1	181588	181588	A	AG	contig_1	181591	181592	INS23	SYN1	INS	-
contig_1	184166	184166	G	GA	contig_1	184170	184171	INS24	SYN1	INS	-
contig_1	196604	196604	T	TG	contig_1	196609	196610	INS25	SYN1	INS	-
contig_1	206689	206690	CT	C	contig_1	206695	206695	DEL26	SYN1	DEL	-
contig_1	263866	263867	TG	T	contig_1	263871	263871	DEL27	SYN1	DEL	-
contig_1	274844	274845	CT	C	contig_1	274848	274848	DEL28	SYN1	DEL	-
contig_1	281784	281785	TC	T	contig_1	281787	281787	DEL29	SYN1	DEL	-
contig_1	302099	302099	G	GA	contig_1	302101	302102	INS30	SYN1	INS	-
contig_1	305439	305439	A	G	contig_1	305442	305442	SNP31	SYN1	SNP	-
contig_1	310153	310154	GA	G	contig_1	310156	310156	DEL32	SYN1	DEL	-
contig_1	315977	315977	G	GC	contig_1	315979	315980	INS33	SYN1	INS	-
contig_1	318570	318570	C	CT	contig_1	318573	318574	INS34	SYN1	INS	-
contig_1	325200	325200	G	GA	contig_1	325204	325205	INS35	SYN1	INS	-
contig_1	348966	348967	TA	T	contig_1	348971	348971	DEL36	SYN1	DEL	-
contig_1	349519	349519	T	C	contig_1	349523	349523	SNP37	SYN1	SNP	-
contig_1	356385	356386	TA	T	contig_1	356389	356389	DEL38	SYN1	DEL	-
contig_1	367343	367343	T	TG	contig_1	367346	367347	INS39	SYN1	INS	-
contig_1	370582	370583	AT	A	contig_1	370586	370586	DEL40	SYN1	DEL	-
contig_1	373699	373699	A	AT	contig_1	373702	373703	INS41	SYN1	INS	-
contig_1	377961	377961	A	G	contig_1	377965	377965	SNP42	SYN1	SNP	-
contig_1	400173	400174	CG	C	contig_1	400177	400177	DEL43	SYN1	DEL	-
contig_1	404204	404204	A	AT	contig_1	404207	404208	INS44	SYN1	INS	-
contig_1	404645	404645	G	GAA	contig_1	404649	404651	INS45	SYN1	INS	-
contig_1	404766	404766	G	GC	contig_1	404772	404773	INS46	SYN1	INS	-
contig_1	404802	404803	CG	C	contig_1	404809	404809	DEL47	SYN1	DEL	-
contig_1	406249	406249	G	GA	contig_1	406255	406256	INS48	SYN1	INS	-
contig_1	407410	407411	CA	C	contig_1	407417	407417	DEL49	SYN1	DEL	-
contig_1	407413	407413	T	C	contig_1	407419	407419	SNP50	SYN1	SNP	-
contig_1	407414	407414	T	C	contig_1	407420	407420	SNP51	SYN1	SNP	-
contig_1	408635	408635	C	CG	contig_1	408641	408642	INS52	SYN1	INS	-
contig_1	408681	408681	A	G	contig_1	408688	408688	SNP53	SYN1	SNP	-
contig_1	411008	411008	C	CT	contig_1	411015	411016	INS54	SYN1	INS	-
contig_1	411233	411233	T	TG	contig_1	411241	411242	INS55	SYN1	INS	-
contig_1	412240	412240	C	CA	contig_1	412249	412250	INS56	SYN1	INS	-
contig_1	412722	412723	CT	C	contig_1	412732	412732	DEL57	SYN1	DEL	-
contig_1	426622	426622	C	CA	contig_1	426631	426632	INS58	SYN1	INS	-
contig_1	427193	427193	C	CT	contig_1	427203	427204	INS59	SYN1	INS	-
contig_1	457883	457883	G	GT	contig_1	457894	457895	INS60	SYN1	INS	-
contig_1	460050	460050	G	GA	contig_1	460062	460063	INS61	SYN1	INS	-
contig_1	464542	464543	GA	G	contig_1	464555	464555	DEL62	SYN1	DEL	-
contig_1	466393	466393	T	TG	contig_1	466405	466406	INS63	SYN1	INS	-
contig_1	469193	469194	TG	T	contig_1	469206	469206	DEL64	SYN1	DEL	-
contig_1	476902	476903	TA	T	contig_1	476914	476914	DEL65	SYN1	DEL	-
contig_1	493107	493108	CG	C	contig_1	493119	493119	DEL66	SYN1	DEL	-
contig_1	525580	525580	T	TA	contig_1	525591	525592	INS67	SYN1	INS	-
contig_1	536623	536624	CG	C	contig_1	536635	536635	DEL68	SYN1	DEL	-
contig_1	541956	541957	AG	A	contig_1	541967	541967	DEL69	SYN1	DEL	-
contig_1	549643	549643	C	CA	contig_1	549653	549654	INS70	SYN1	INS	-
contig_1	551493	551494	AC	A	contig_1	551504	551504	DEL71	SYN1	DEL	-
contig_1	552053	552515	-	-	contig_1	552063	552063	DEL72	SYN1	DEL	-
contig_1	556309	556310	TA	T	contig_1	555857	555857	DEL73	SYN1	DEL	-
contig_1	572521	572521	T	TC	contig_1	572068	572069	INS74	SYN1	INS	-
contig_1	586906	586906	A	AG	contig_1	586454	586455	INS75	SYN1	INS	-
contig_1	587026	587027	AG	A	contig_1	586575	586575	DEL76	SYN1	DEL	-
contig_1	590147	590148	TC	T	contig_1	589695	589695	DEL77	SYN1	DEL	-
contig_1	618552	618552	G	GA	contig_1	618099	618100	INS78	SYN1	INS	-
contig_1	622769	622770	CT	C	contig_1	622317	622317	DEL79	SYN1	DEL	-
contig_1	632359	632359	T	TA	contig_1	631906	631907	INS80	SYN1	INS	-
contig_1	645709	645709	A	G	contig_1	645257	645257	SNP81	SYN1	SNP	-
contig_1	647994	647995	AG	A	contig_1	647542	647542	DEL82	SYN1	DEL	-
contig_1	657164	657164	C	CT	contig_1	656711	656712	INS83	SYN1	INS	-
contig_1	667092	667092	A	AT	contig_1	666640	666641	INS84	SYN1	INS	-
contig_1	687352	687352	C	CA	contig_1	686901	686902	INS85	SYN1	INS	-
contig_1	694873	694873	G	GT	contig_1	694423	694424	INS86	SYN1	INS	-
contig_1	698765	698766	CT	C	contig_1	698316	698316	DEL87	SYN1	DEL	-
contig_1	701620	701621	AG	A	contig_1	701170	701170	DEL88	SYN1	DEL	-
contig_1	727932	727932	G	GTT	contig_1	727482	727484	INS89	SYN1	INS	-
contig_1	774866	774866	A	G	contig_1	774418	774418	SNP90	SYN1	SNP	-
contig_1	774867	774867	A	T	contig_1	774419	774419	SNP91	SYN1	SNP	-
contig_1	781244	781245	AC	A	contig_1	780796	780796	DEL92	SYN1	DEL	-
contig_1	784932	784933	TC	T	contig_1	784483	784483	DEL93	SYN1	DEL	-
contig_1	787980	787980	C	T	contig_1	787530	787530	SNP94	SYN1	SNP	-
contig_1	788615	788615	T	C	contig_1	788165	788165	SNP95	SYN1	SNP	-
contig_1	827281	827282	CG	C	contig_1	826831	826831	DEL96	SYN1	DEL	-
contig_1	829606	829607	GA	G	contig_1	829155	829155	DEL97	SYN1	DEL	-
contig_1	837430	837431	TA	T	contig_1	836978	836978	DEL98	SYN1	DEL	-
contig_1	838908	838909	AG	A	contig_1	838455	838455	DEL99	SYN1	DEL	-
contig_1	851816	851817	CA	C	contig_1	851362	851362	DEL100	SYN1	DEL	-
contig_1	852810	852811	TG	T	contig_1	852355	852355	DEL101	SYN1	DEL	-
contig_1	865137	865137	C	CA	contig_1	864681	864682	INS102	SYN1	INS	-
contig_1	866652	866652	G	GA	contig_1	866197	866198	INS103	SYN1	INS	-
contig_1	867763	867763	C	CT	contig_1	867309	867310	INS104	SYN1	INS	-
contig_1	874055	874056	AT	A	contig_1	873602	873602	DEL105	SYN1	DEL	-
contig_1	918352	918352	T	G	contig_1	917898	917898	SNP106	SYN1	SNP	-
contig_1	918478	918478	A	G	contig_1	918024	918024	SNP107	SYN1	SNP	-
contig_1	918820	918820	C	T	contig_1	918366	918366	SNP108	SYN1	SNP	-
contig_1	918830	918830	T	A	contig_1	918376	918376	SNP109	SYN1	SNP	-
contig_1	919184	919184	A	G	contig_1	918730	918730	SNP110	SYN1	SNP	-
contig_1	919259	919259	A	T	contig_1	918805	918805	SNP111	SYN1	SNP	-
contig_1	919260	919260	T	G	contig_1	918806	918806	SNP112	SYN1	SNP	-
contig_1	919311	919311	T	C	contig_1	918857	918857	SNP113	SYN1	SNP	-
contig_1	944069	944070	CT	C	contig_1	943615	943615	DEL114	SYN1	DEL	-
contig_1	963875	963876	AT	A	contig_1	963420	963420	DEL115	SYN1	DEL	-
contig_1	968963	968963	C	CT	contig_1	968507	968508	INS116	SYN1	INS	-
contig_1	980148	980149	CT	C	contig_1	979693	979693	DEL117	SYN1	DEL	-
contig_1	999954	999955	TA	T	contig_1	999498	999498	DEL118	SYN1	DEL	-
contig_1	1003486	1003487	CT	C	contig_1	1003029	1003029	DEL119	SYN1	DEL	-
contig_1	1024879	1024879	C	T	contig_1	1024421	1024421	SNP120	SYN1	SNP	-
contig_1	1026729	1026730	CA	C	contig_1	1026271	1026271	DEL121	SYN1	DEL	-
contig_1	1030516	1030517	AG	A	contig_1	1030057	1030057	DEL122	SYN1	DEL	-
contig_1	1035935	1035935	T	C	contig_1	1035475	1035475	SNP123	SYN1	SNP	-
contig_1	1040495	1040495	C	CA	contig_1	1040035	1040036	INS124	SYN1	INS	-
contig_1	1062676	1062676	A	AGGCATTATG	contig_1	1062217	1062226	INS125	SYN1	INS	-
contig_1	1071223	1071224	CT	C	contig_1	1073866	1073866	DEL126	SYN1	DEL	-
contig_1	1085248	1085249	GA	G	contig_1	1087890	1087890	DEL127	SYN1	DEL	-
contig_1	1112166	1112166	A	AT	contig_1	1114807	1114808	INS128	SYN1	INS	-
contig_1	1123795	1123796	AG	A	contig_1	1126437	1126437	DEL129	SYN1	DEL	-
contig_1	1156669	1156670	GT	G	contig_1	1159310	1159310	DEL130	SYN1	DEL	-
contig_1	1190643	1390262	-	-	contig_1	1193280	1392884	INV5	-	INV	-
contig_1	1190643	1390262	-	-	contig_1	1392884	1193280	INVAL10	INV5	INVAL	-
contig_1	1190745	1190745	A	AG	contig_1	1392781	1392782	INS131	INV5	INS	-
contig_1	1191013	1191014	GT	G	contig_1	1392513	1392513	DEL132	INV5	DEL	-
contig_1	1202444	1202445	GA	G	contig_1	1381083	1381083	DEL133	INV5	DEL	-
contig_1	1203699	1203700	CA	C	contig_1	1379829	1379829	DEL134	INV5	DEL	-
contig_1	1208465	1208466	CG	C	contig_1	1375065	1375065	DEL135	INV5	DEL	-
contig_1	1239216	1239217	GA	G	contig_1	1344315	1344315	DEL136	INV5	DEL	-
contig_1	1268022	1268023	CT	C	contig_1	1315510	1315510	DEL137	INV5	DEL	-
contig_1	1279384	1279384	A	G	contig_1	1304149	1304149	SNP138	INV5	SNP	-
contig_1	1304300	1304300	T	C	contig_1	1279233	1279233	SNP139	INV5	SNP	-
contig_1	1304302	1304302	C	A	contig_1	1279231	1279231	SNP140	INV5	SNP	-
contig_1	1304303	1304303	A	T	contig_1	1279230	1279230	SNP141	INV5	SNP	-
contig_1	1314036	1314036	A	G	contig_1	1269497	1269497	SNP142	INV5	SNP	-
contig_1	1315020	1315020	G	GT	contig_1	1268512	1268513	INS143	INV5	INS	-
contig_1	1325449	1325451	TGG	T	contig_1	1258083	1258083	DEL144	INV5	DEL	-
contig_1	1342885	1342886	AT	A	contig_1	1240649	1240649	DEL145	INV5	DEL	-
contig_1	1347390	1347391	GA	G	contig_1	1236145	1236145	DEL146	INV5	DEL	-
contig_1	1348243	1348244	CA	C	contig_1	1235293	1235293	DEL147	INV5	DEL	-
contig_1	1353049	1353050	GC	G	contig_1	1230488	1230488	DEL148	INV5	DEL	-
contig_1	1355406	1355407	TG	T	contig_1	1228132	1228132	DEL149	INV5	DEL	-
contig_1	1356433	1356434	CT	C	contig_1	1227106	1227106	DEL150	INV5	DEL	-
contig_1	1358684	1358684	G	GT	contig_1	1224855	1224856	INS151	INV5	INS	-
contig_1	1361442	1361443	AT	A	contig_1	1222097	1222097	DEL152	INV5	DEL	-
contig_1	1363616	1363617	TC	T	contig_1	1219924	1219924	DEL153	INV5	DEL	-
contig_1	1380837	1380838	AT	A	contig_1	1202704	1202704	DEL154	INV5	DEL	-
contig_1	1390254	2258553	-	-	contig_1	1395977	2154218	SYN2	-	SYN	-
contig_1	1390254	1676262	-	-	contig_1	1395977	1685074	SYNAL2	SYN2	SYNAL	-
contig_1	1402270	1402271	CA	C	contig_1	1407993	1407993	DEL155	SYN2	DEL	-
contig_1	1403177	1403178	CT	C	contig_1	1408899	1408899	DEL156	SYN2	DEL	-
contig_1	1403669	1403670	TC	T	contig_1	1409390	1409390	DEL157	SYN2	DEL	-
contig_1	1404996	1404997	TA	T	contig_1	1410716	1410716	DEL158	SYN2	DEL	-
contig_1	1405005	1405005	C	CT	contig_1	1410724	1410725	INS159	SYN2	INS	-
contig_1	1405147	1405147	C	CT	contig_1	1410867	1410868	INS160	SYN2	INS	-
contig_1	1405149	1405149	C	T	contig_1	1410870	1410870	SNP161	SYN2	SNP	-
contig_1	1412288	1412288	G	T	contig_1	1418010	1418010	SNP162	SYN2	SNP	-
contig_1	1413208	1413209	TC	T	contig_1	1418930	1418930	DEL163	SYN2	DEL	-
contig_1	1415975	1415975	C	CG	contig_1	1421696	1421697	INS164	SYN2	INS	-
contig_1	1418462	1418462	A	G	contig_1	1424184	1424184	SNP165	SYN2	SNP	-
contig_1	1420829	1420830	TC	T	contig_1	1426551	1426551	DEL166	SYN2	DEL	-
contig_1	1427280	1427280	T	TA	contig_1	1433001	1433002	INS167	SYN2	INS	-
contig_1	1428549	1428549	C	CG	contig_1	1434271	1434272	INS168	SYN2	INS	-
contig_1	1443522	1443522	T	TC	contig_1	1449245	1449246	INS169	SYN2	INS	-
contig_1	1446366	1446367	TC	T	contig_1	1452090	1452090	DEL170	SYN2	DEL	-
contig_1	1450264	1450264	A	AT	contig_1	1455987	1455988	INS171	SYN2	INS	-
contig_1	1450675	1450676	TG	T	contig_1	1456399	1456399	DEL172	SYN2	DEL	-
contig_1	1453862	1453862	T	TC	contig_1	1459585	1459586	INS173	SYN2	INS	-
contig_1	1461298	1461299	TA	T	contig_1	1467022	1467022	DEL174	SYN2	DEL	-
contig_1	1464595	1464596	CT	C	contig_1	1470318	1470318	DEL175	SYN2	DEL	-
contig_1	1467912	1467912	G	GT	contig_1	1473634	1473635	INS176	SYN2	INS	-
contig_1	1472687	1472688	CA	C	contig_1	1478410	1478410	DEL177	SYN2	DEL	-
contig_1	1506163	1506164	TG	T	contig_1	1511886	1511886	DEL178	SYN2	DEL	-
contig_1	1510933	1510934	TA	T	contig_1	1516655	1516655	DEL179	SYN2	DEL	-
contig_1	1512060	1512061	GC	G	contig_1	1517781	1517781	DEL180	SYN2	DEL	-
contig_1	1513262	1513262	G	GA	contig_1	1518982	1518983	INS181	SYN2	INS	-
contig_1	1515119	1515120	AG	A	contig_1	1520840	1520840	DEL182	SYN2	DEL	-
contig_1	1519239	1519239	G	GA	contig_1	1524959	1524960	INS183	SYN2	INS	-
contig_1	1520235	1520235	T	TA	contig_1	1525956	1525957	INS184	SYN2	INS	-
contig_1	1521872	1521872	G	GT	contig_1	1527594	1527595	INS185	SYN2	INS	-
contig_1	1524200	1524200	T	C	contig_1	1529923	1529923	SNP186	SYN2	SNP	-
contig_1	1527965	1527966	AG	A	contig_1	1533688	1533688	DEL187	SYN2	DEL	-
contig_1	1535925	1535925	G	GA	contig_1	1541647	1541648	INS188	SYN2	INS	-
contig_1	1543615	1543615	A	AG	contig_1	1549338	1549339	INS189	SYN2	INS	-
contig_1	1547464	1547464	G	GC	contig_1	1553188	1553189	INS190	SYN2	INS	-
contig_1	1551820	1551820	A	G	contig_1	1557545	1557545	SNP191	SYN2	SNP	-
contig_1	1555070	1555070	G	GA	contig_1	1560795	1560796	INS192	SYN2	INS	-
contig_1	1582179	1582180	AG	A	contig_1	1587905	1587905	DEL193	SYN2	DEL	-
contig_1	1582332	1582333	GA	G	contig_1	1588057	1588057	DEL194	SYN2	DEL	-
contig_1	1582393	1582394	CT	C	contig_1	1588117	1588117	DEL195	SYN2	DEL	-
contig_1	1586888	1586889	TA	T	contig_1	1592611	1592611	DEL196	SYN2	DEL	-
contig_1	1587351	1587351	C	CA	contig_1	1593073	1593074	INS197	SYN2	INS	-
contig_1	1588408	1588408	G	GA	contig_1	1594131	1594132	INS198	SYN2	INS	-
contig_1	1590101	1590102	AG	A	contig_1	1595825	1595825	DEL199	SYN2	DEL	-
contig_1	1593321	1593322	TA	T	contig_1	1599044	1599044	DEL200	SYN2	DEL	-
contig_1	1596812	1596813	TG	T	contig_1	1602534	1602534	DEL201	SYN2	DEL	-
contig_1	1599949	1599949	T	TA	contig_1	1605670	1605671	INS202	SYN2	INS	-
contig_1	1600033	1600033	A	AG	contig_1	1605755	1605756	INS203	SYN2	INS	-
contig_1	1600138	1600138	A	AG	contig_1	1605861	1605862	INS204	SYN2	INS	-
contig_1	1600153	1600154	AG	A	contig_1	1605877	1605877	DEL205	SYN2	DEL	-
contig_1	1600173	1600173	A	AG	contig_1	1605896	1605897	INS206	SYN2	INS	-
contig_1	1608670	1608670	A	AG	contig_1	1614394	1614395	INS207	SYN2	INS	-
contig_1	1620244	1620245	CA	C	contig_1	1625969	1625969	DEL208	SYN2	DEL	-
contig_1	1620553	1620553	T	TC	contig_1	1626277	1626278	INS209	SYN2	INS	-
contig_1	1621373	1621374	GA	G	contig_1	1627098	1627098	DEL210	SYN2	DEL	-
contig_1	1626197	1626198	CT	C	contig_1	1631921	1631921	DEL211	SYN2	DEL	-
contig_1	1634734	1634735	AT	A	contig_1	1640457	1640457	DEL212	SYN2	DEL	-
contig_1	1642987	1642987	A	AT	contig_1	1648709	1648710	INS213	SYN2	INS	-
contig_1	1644961	1644962	AG	A	contig_1	1650684	1650684	DEL214	SYN2	DEL	-
contig_1	1652463	1652463	T	C	contig_1	1658185	1658185	SNP215	SYN2	SNP	-
contig_1	1652635	1652636	AG	A	contig_1	1658357	1658357	DEL216	SYN2	DEL	-
contig_1	1653708	1653709	CG	C	contig_1	1659429	1659429	DEL217	SYN2	DEL	-
contig_1	1670435	1670435	T	TA	contig_1	1676155	1676156	INS218	SYN2	INS	-
contig_1	1672798	1672799	CT	C	contig_1	1678519	1678519	DEL219	SYN2	DEL	-
contig_1	1676262	1680759	-	-	contig_1	1685074	1685074	DEL1	SYN2	DEL	-
contig_1	1680760	1838802	-	-	contig_1	1685074	1851803	SYNAL3	SYN2	SYNAL	-
contig_1	1684808	1684809	CA	C	contig_1	1689122	1689122	DEL220	SYN2	DEL	-
contig_1	1687461	1687462	AT	A	contig_1	1691774	1691774	DEL221	SYN2	DEL	-
contig_1	1703315	1703315	A	AC	contig_1	1707627	1707628	INS222	SYN2	INS	-
contig_1	1703982	1703983	TC	T	contig_1	1708295	1708295	DEL223	SYN2	DEL	-
contig_1	1705957	1705958	AG	A	contig_1	1710269	1710269	DEL224	SYN2	DEL	-
contig_1	1723365	1723366	GC	G	contig_1	1727676	1727676	DEL225	SYN2	DEL	-
contig_1	1744598	1744599	GT	G	contig_1	1748908	1748908	DEL226	SYN2	DEL	-
contig_1	1746531	1746531	C	CCATAAAGCG	contig_1	1750840	1750849	INS227	SYN2	INS	-
contig_1	1760047	1760048	TC	T	contig_1	1767457	1767457	DEL228	SYN2	DEL	-
contig_1	1763599	1763601	CAA	C	contig_1	1771008	1771008	DEL229	SYN2	DEL	-
contig_1	1769943	1769943	G	A	contig_1	1777350	1777350	SNP230	SYN2	SNP	-
contig_1	1775152	1775152	T	TGCCAGCGGG	contig_1	1782559	1782568	INS231	SYN2	INS	-
contig_1	1791832	1792427	-	-	contig_1	1802341	1802341	DEL232	SYN2	DEL	-
contig_1	1792853	1792854	CT	C	contig_1	1805860	1805860	DEL233	SYN2	DEL	-
contig_1	1809862	1809863	GT	G	contig_1	1822868	1822868	DEL234	SYN2	DEL	-
contig_1	1810598	1810599	CT	C	contig_1	1823603	1823603	DEL235	SYN2	DEL	-
contig_1	1811405	1811405	C	CT	contig_1	1824409	1824410	INS236	SYN2	INS	-
contig_1	1817255	1817257	AAG	A	contig_1	1830260	1830260	DEL237	SYN2	DEL	-
contig_1	1818970	1818971	GT	G	contig_1	1831973	1831973	DEL238	SYN2	DEL	-
contig_1	1833014	1833015	AT	A	contig_1	1846016	1846016	DEL239	SYN2	DEL	-
contig_1	1838802	1927265	-	-	contig_1	1851803	1851803	DEL2	SYN2	DEL	-
contig_1	1927266	1996990	-	-	contig_1	1854896	1924608	SYNAL4	SYN2	SYNAL	-
contig_1	1928487	1928488	CT	C	contig_1	1856117	1856117	DEL240	SYN2	DEL	-
contig_1	1935253	1935254	CT	C	contig_1	1862882	1862882	DEL241	SYN2	DEL	-
contig_1	1938004	1938005	AT	A	contig_1	1865632	1865632	DEL242	SYN2	DEL	-
contig_1	1945655	1945656	GC	G	contig_1	1873282	1873282	DEL243	SYN2	DEL	-
contig_1	1948835	1948836	AC	A	contig_1	1876461	1876461	DEL244	SYN2	DEL	-
contig_1	1950799	1950800	TA	T	contig_1	1878424	1878424	DEL245	SYN2	DEL	-
contig_1	1957313	2030476	-	-	contig_1	1888030	1924608	CPL3	SYN2	DEL	-
contig_1	1965707	1965708	GT	G	contig_1	1893327	1893327	DEL246	SYN2	DEL	-
contig_1	1993894	1993894	A	AT	contig_1	1921513	1921514	INS247	SYN2	INS	-
contig_1	1996990	2258553	-	-	contig_1	1888030	2154218	SYNAL5	SYN2	SYNAL	-
contig_1	2011857	2011858	CT	C	contig_1	1902897	1902897	DEL248	SYN2	DEL	-
contig_1	2018476	2018477	CT	C	contig_1	1909515	1909515	DEL249	SYN2	DEL	-
contig_1	2040490	2040490	T	TG	contig_1	1929957	1929958	INS250	SYN2	INS	-
contig_1	2041206	2041206	C	CT	contig_1	1930674	1930675	INS251	SYN2	INS	-
contig_1	2064974	2064974	C	CT	contig_1	1954443	1954444	INS252	SYN2	INS	-
contig_1	2070806	2070806	T	TC	contig_1	1960276	1960277	INS253	SYN2	INS	-
contig_1	2077372	2077373	CT	C	contig_1	1966843	1966843	DEL254	SYN2	DEL	-
contig_1	2079449	2079451	GCC	G	contig_1	1968919	1968919	DEL255	SYN2	DEL	-
contig_1	2081777	2081778	GC	G	contig_1	1971245	1971245	DEL256	SYN2	DEL	-
contig_1	2085871	2085872	CG	C	contig_1	1975338	1975338	DEL257	SYN2	DEL	-
contig_1	2099485	2099486	GA	G	contig_1	1988951	1988951	DEL258	SYN2	DEL	-
contig_1	2121911	2121911	G	GA	contig_1	2011376	2011377	INS259	SYN2	INS	-
contig_1	2134901	2134902	GT	G	contig_1	2024367	2024367	DEL260	SYN2	DEL	-
contig_1	2145375	2145376	CA	C	contig_1	2034840	2034840	DEL261	SYN2	DEL	-
contig_1	2153542	2153543	CT	C	contig_1	2043006	2043006	DEL262	SYN2	DEL	-
contig_1	2161387	2161388	AT	A	contig_1	2050850	2050850	DEL263	SYN2	DEL	-
contig_1	2173999	2173999	G	GATTGATATT	contig_1	2063461	2063470	INS264	SYN2	INS	-
contig_1	2179941	2179942	GC	G	contig_1	2072505	2072505	DEL265	SYN2	DEL	-
contig_1	2183257	2183258	CA	C	contig_1	2075820	2075820	DEL266	SYN2	DEL	-
contig_1	2187174	2187174	G	GA	contig_1	2079736	2079737	INS267	SYN2	INS	-
contig_1	2189481	2189482	TG	T	contig_1	2082044	2082044	DEL268	SYN2	DEL	-
contig_1	2206436	2206436	C	CT	contig_1	2098998	2098999	INS269	SYN2	INS	-
contig_1	2217613	2217613	C	CACGCTTGAT	contig_1	2110176	2110185	INS270	SYN2	INS	-
contig_1	2223787	2223788	AT	A	contig_1	2119451	2119451	DEL271	SYN2	DEL	-
contig_1	2225206	2225206	C	CT	contig_1	2120869	2120870	INS272	SYN2	INS	-
contig_1	2233220	2233221	AG	A	contig_1	2128884	2128884	DEL273	SYN2	DEL	-
contig_1	2238643	2238643	G	GA	contig_1	2134306	2134307	INS274	SYN2	INS	-
contig_1	2239311	2239311	G	GT	contig_1	2134975	2134976	INS275	SYN2	INS	-
contig_1	2250499	2250500	CT	C	contig_1	2146164	2146164	DEL276	SYN2	DEL	-
contig_1	2254789	2254789	C	CT	contig_1	2150453	2150454	INS277	SYN2	INS	-
contig_1	2258554	2269662	-	-	-	-	-	NOTAL1	-	NOTAL	-
contig_1	2269663	2355176	-	-	contig_1	2154218	2242817	INV6	-	INV	-
contig_1	2269663	2355176	-	-	contig_1	2242817	2154218	INVAL11	INV6	INVAL	-
contig_1	2270236	2270237	CA	C	contig_1	2239151	2239151	DEL278	INV6	DEL	-
contig_1	2293794	2293794	G	GC	contig_1	2215593	2215594	INS279	INV6	INS	-
contig_1	2295466	2295466	T	TC	contig_1	2213920	2213921	INS280	INV6	INS	-
contig_1	2296480	2296481	GA	G	contig_1	2212906	2212906	DEL281	INV6	DEL	-
contig_1	2297170	2297171	CA	C	contig_1	2212217	2212217	DEL282	INV6	DEL	-
contig_1	2297820	2297821	AG	A	contig_1	2211568	2211568	DEL283	INV6	DEL	-
contig_1	2340668	2340669	TA	T	contig_1	2168721	2168721	DEL284	INV6	DEL	-
contig_1	2341517	2341518	CG	C	contig_1	2167873	2167873	DEL285	INV6	DEL	-
contig_1	2341905	2341906	TA	T	contig_1	2167486	2167486	DEL286	INV6	DEL	-
contig_1	2348416	2348417	AG	A	contig_1	2160976	2160976	DEL287	INV6	DEL	-
contig_1	2349780	2349780	G	A	contig_1	2159613	2159613	SNP288	INV6	SNP	-
contig_1	2355177	2363481	-	-	-	-	-	NOTAL2	-	NOTAL	-
contig_1	2363482	3097391	-	-	contig_1	2242817	2976832	SYN3	-	SYN	-
contig_1	2363482	2446534	-	-	contig_1	2242817	2328959	SYNAL6	SYN3	SYNAL	-
contig_1	2366601	2366602	GA	G	contig_1	2245936	2245936	DEL289	SYN3	DEL	-
contig_1	2373051	2373052	AT	A	contig_1	2252385	2252385	DEL290	SYN3	DEL	-
contig_1	2379269	2379270	AT	A	contig_1	2258602	2258602	DEL291	SYN3	DEL	-
contig_1	2379517	2379517	C	CT	contig_1	2258849	2258850	INS292	SYN3	INS	-
contig_1	2383041	2383041	A	AT	contig_1	2262374	2262375	INS293	SYN3	INS	-
contig_1	2394288	2394288	T	TG	contig_1	2273622	2273623	INS294	SYN3	INS	-
contig_1	2395968	2395968	C	T	contig_1	2275303	2275303	SNP295	SYN3	SNP	-
contig_1	2430041	2430042	TC	T	contig_1	2309376	2309376	DEL296	SYN3	DEL	-
contig_1	2445943	2445944	AG	A	contig_1	2325277	2325277	DEL297	SYN3	DEL	-
contig_1	2445955	2445956	CG	C	contig_1	2325288	2325288	DEL298	SYN3	DEL	-
contig_1	2446534	2451019	-	-	contig_1	2328959	2328959	DEL4	SYN3	DEL	-
contig_1	2451020	2705357	-	-	contig_1	2328958	2583285	SYNAL7	SYN3	SYNAL	-
contig_1	2456094	2456095	CA	C	contig_1	2334032	2334032	DEL299	SYN3	DEL	-
contig_1	2463925	2463925	T	C	contig_1	2341862	2341862	SNP300	SYN3	SNP	-
contig_1	2469909	2469910	CT	C	contig_1	2347846	2347846	DEL301	SYN3	DEL	-
contig_1	2473218	2473219	TA	T	contig_1	2351154	2351154	DEL302	SYN3	DEL	-
contig_1	2478030	2478031	CG	C	contig_1	2355965	2355965	DEL303	SYN3	DEL	-
contig_1	2493879	2493879	A	AG	contig_1	2371813	2371814	INS304	SYN3	INS	-
contig_1	2509296	2509297	TG	T	contig_1	2387231	2387231	DEL305	SYN3	DEL	-
contig_1	2516971	2516972	AG	A	contig_1	2394905	2394905	DEL306	SYN3	DEL	-
contig_1	2522166	2522166	G	GA	contig_1	2400099	2400100	INS307	SYN3	INS	-
contig_1	2523064	2523065	GT	G	contig_1	2400998	2400998	DEL308	SYN3	DEL	-
contig_1	2551954	2551954	T	TC	contig_1	2429887	2429888	INS309	SYN3	INS	-
contig_1	2565328	2565329	AT	A	contig_1	2443262	2443262	DEL310	SYN3	DEL	-
contig_1	2584353	2584353	T	TC	contig_1	2462286	2462287	INS311	SYN3	INS	-
contig_1	2584381	2584382	CG	C	contig_1	2462315	2462315	DEL312	SYN3	DEL	-
contig_1	2590774	2590775	GT	G	contig_1	2468707	2468707	DEL313	SYN3	DEL	-
contig_1	2599688	2599689	TC	T	contig_1	2477620	2477620	DEL314	SYN3	DEL	-
contig_1	2617189	2617190	AT	A	contig_1	2495120	2495120	DEL315	SYN3	DEL	-
contig_1	2642298	2642298	T	TG	contig_1	2520228	2520229	INS316	SYN3	INS	-
contig_1	2644303	2644303	A	AG	contig_1	2522234	2522235	INS317	SYN3	INS	-
contig_1	2659995	2659995	T	TA	contig_1	2537927	2537928	INS318	SYN3	INS	-
contig_1	2660255	2660256	TC	T	contig_1	2538188	2538188	DEL319	SYN3	DEL	-
contig_1	2662333	2662334	TG	T	contig_1	2540265	2540265	DEL320	SYN3	DEL	-
contig_1	2667676	2667677	AG	A	contig_1	2545607	2545607	DEL321	SYN3	DEL	-
contig_1	2668202	2668203	CA	C	contig_1	2546132	2546132	DEL322	SYN3	DEL	-
contig_1	2675827	2675828	GC	G	contig_1	2553756	2553756	DEL323	SYN3	DEL	-
contig_1	2680083	2680084	GC	G	contig_1	2558011	2558011	DEL324	SYN3	DEL	-
contig_1	2681532	2681532	G	A	contig_1	2559459	2559459	SNP325	SYN3	SNP	-
contig_1	2683358	2683358	T	C	contig_1	2561285	2561285	SNP326	SYN3	SNP	-
contig_1	2683518	2683518	C	CG	contig_1	2561445	2561446	INS327	SYN3	INS	-
contig_1	2686457	2686457	T	C	contig_1	2564385	2564385	SNP328	SYN3	SNP	-
contig_1	2705357	2710037	-	-	contig_1	2583285	2583285	DEL5	SYN3	DEL	-
contig_1	2710038	3097391	-	-	contig_1	2586379	2976832	SYNAL8	SYN3	SYNAL	-
contig_1	2710768	2710768	C	T	contig_1	2587109	2587109	SNP329	SYN3	SNP	-
contig_1	2716606	2716607	TC	T	contig_1	2592947	2592947	DEL330	SYN3	DEL	-
contig_1	2723509	2723509	T	TG	contig_1	2599849	2599850	INS331	SYN3	INS	-
contig_1	2725985	2725986	GA	G	contig_1	2602326	2602326	DEL332	SYN3	DEL	-
contig_1	2727558	2727559	CA	C	contig_1	2603898	2603898	DEL333	SYN3	DEL	-
contig_1	2728624	2728624	C	CA	contig_1	2604963	2604964	INS334	SYN3	INS	-
contig_1	2728979	2728980	AC	A	contig_1	2605319	2605319	DEL335	SYN3	DEL	-
contig_1	2730302	2730303	CA	C	contig_1	2606641	2606641	DEL336	SYN3	DEL	-
contig_1	2758575	2758575	G	GA	contig_1	2634913	2634914	INS337	SYN3	INS	-
contig_1	2772148	2772149	AT	A	contig_1	2648487	2648487	DEL338	SYN3	DEL	-
contig_1	2789894	2789894	T	TC	contig_1	2666232	2666233	INS339	SYN3	INS	-
contig_1	2798493	2798493	G	GC	contig_1	2674832	2674833	INS340	SYN3	INS	-
contig_1	2803972	2803973	GT	G	contig_1	2680312	2680312	DEL341	SYN3	DEL	-
contig_1	2805067	2805067	T	TA	contig_1	2681406	2681407	INS342	SYN3	INS	-
contig_1	2815400	2815400	T	TC	contig_1	2691740	2691741	INS343	SYN3	INS	-
contig_1	2816015	2816015	A	AG	contig_1	2692356	2692357	INS344	SYN3	INS	-
contig_1	2830986	2830987	GC	G	contig_1	2707328	2707328	DEL345	SYN3	DEL	-
contig_1	2833874	2833875	TG	T	contig_1	2710215	2710215	DEL346	SYN3	DEL	-
contig_1	2840473	2840474	GA	G	contig_1	2716813	2716813	DEL347	SYN3	DEL	-
contig_1	2843590	2843590	T	TC	contig_1	2719929	2719930	INS348	SYN3	INS	-
contig_1	2845082	2845082	G	GA	contig_1	2721422	2721423	INS349	SYN3	INS	-
contig_1	2849872	2849872	C	CA	contig_1	2726213	2726214	INS350	SYN3	INS	-
contig_1	2858096	2858096	T	TTCATCATTA	contig_1	2734438	2734447	INS351	SYN3	INS	-
contig_1	2858399	2858400	CA	C	contig_1	2737843	2737843	DEL352	SYN3	DEL	-
contig_1	2880787	2880788	GT	G	contig_1	2760230	2760230	DEL353	SYN3	DEL	-
contig_1	2929521	2929522	TA	T	contig_1	2808963	2808963	DEL354	SYN3	DEL	-
contig_1	2929533	2929533	A	AC	contig_1	2808974	2808975	INS355	SYN3	INS	-
contig_1	2940983	2940983	T	TC	contig_1	2820425	2820426	INS356	SYN3	INS	-
contig_1	2944414	2944415	CT	C	contig_1	2823857	2823857	DEL357	SYN3	DEL	-
contig_1	2955508	2955509	GC	G	contig_1	2834950	2834950	DEL358	SYN3	DEL	-
contig_1	2959455	2959455	A	AC	contig_1	2838896	2838897	INS359	SYN3	INS	-
contig_1	2971960	2971961	AT	A	contig_1	2851402	2851402	DEL360	SYN3	DEL	-
contig_1	2983871	2983871	G	GA	contig_1	2863312	2863313	INS361	SYN3	INS	-
contig_1	2984994	2984994	C	CT	contig_1	2864436	2864437	INS362	SYN3	INS	-
contig_1	2993159	2993160	CT	C	contig_1	2872602	2872602	DEL363	SYN3	DEL	-
contig_1	2993494	2993495	CT	C	contig_1	2872936	2872936	DEL364	SYN3	DEL	-
contig_1	2994432	2994433	TC	T	contig_1	2873873	2873873	DEL365	SYN3	DEL	-
contig_1	3005247	3005248	CT	C	contig_1	2884687	2884687	DEL366	SYN3	DEL	-
contig_1	3010461	3010462	CA	C	contig_1	2889900	2889900	DEL367	SYN3	DEL	-
contig_1	3015301	3015301	G	GC	contig_1	2894739	2894740	INS368	SYN3	INS	-
contig_1	3016533	3016534	TA	T	contig_1	2895972	2895972	DEL369	SYN3	DEL	-
contig_1	3018316	3018316	G	GA	contig_1	2897754	2897755	INS370	SYN3	INS	-
contig_1	3060346	3060346	T	TA	contig_1	2939785	2939786	INS371	SYN3	INS	-
contig_1	3062741	3062742	GA	G	contig_1	2942181	2942181	DEL372	SYN3	DEL	-
contig_1	3077961	3077962	TC	T	contig_1	2957400	2957400	DEL373	SYN3	DEL	-
contig_1	3090259	3090259	G	GT	contig_1	2969697	2969698	INS374	SYN3	INS	-
contig_1	3094170	3094170	C	CAA	contig_1	2973609	2973611	INS375	SYN3	INS	-
contig_1	3097383	3110163	-	-	contig_1	2976832	2992704	INV7	-	INV	-
contig_1	3097383	3110163	-	-	contig_1	2992704	2976832	INVAL12	INV7	INVAL	-
contig_1	3110164	3128600	-	-	-	-	-	NOTAL3	-	NOTAL	-
contig_1	3128601	4051419	-	-	contig_1	2997917	3923637	SYN4	-	SYN	-
contig_1	3128601	4051419	-	-	contig_1	2997917	3923637	SYNAL9	SYN4	SYNAL	-
contig_1	3133158	3133159	TA	T	contig_1	3002474	3002474	DEL376	SYN4	DEL	-
contig_1	3136131	3136132	TG	T	contig_1	3005446	3005446	DEL377	SYN4	DEL	-
contig_1	3136764	3136765	CT	C	contig_1	3006078	3006078	DEL378	SYN4	DEL	-
contig_1	3159743	3159744	AT	A	contig_1	3029056	3029056	DEL379	SYN4	DEL	-
contig_1	3169971	3169972	GA	G	contig_1	3039283	3039283	DEL380	SYN4	DEL	-
contig_1	3173199	3173200	CT	C	contig_1	3042510	3042510	DEL381	SYN4	DEL	-
contig_1	3179529	3179530	TA	T	contig_1	3048839	3048839	DEL382	SYN4	DEL	-
contig_1	3183351	3183352	CA	C	contig_1	3052660	3052660	DEL383	SYN4	DEL	-
contig_1	3189492	3189493	CT	C	contig_1	3058800	3058800	DEL384	SYN4	DEL	-
contig_1	3189946	3189946	T	C	contig_1	3059253	3059253	SNP385	SYN4	SNP	-
contig_1	3204940	3204941	CA	C	contig_1	3074247	3074247	DEL386	SYN4	DEL	-
contig_1	3205820	3205820	G	GA	contig_1	3075126	3075127	INS387	SYN4	INS	-
contig_1	3249438	3249439	CT	C	contig_1	3118745	3118745	DEL388	SYN4	DEL	-
contig_1	3261414	3261414	C	T	contig_1	3130720	3130720	SNP389	SYN4	SNP	-
contig_1	3261445	3261447	ATT	A	contig_1	3130751	3130751	DEL390	SYN4	DEL	-
contig_1	3262635	3262636	TA	T	contig_1	3131939	3131939	DEL391	SYN4	DEL	-
contig_1	3277818	3277818	C	CA	contig_1	3147121	3147122	INS392	SYN4	INS	-
contig_1	3326773	3326774	CT	C	contig_1	3196077	3196077	DEL393	SYN4	DEL	-
contig_1	3327207	3327208	CG	C	contig_1	3196510	3196510	DEL394	SYN4	DEL	-
contig_1	3333324	3333324	G	GA	contig_1	3202626	3202627	INS395	SYN4	INS	-
contig_1	3351875	3351876	AG	A	contig_1	3221178	3221178	DEL396	SYN4	DEL	-
contig_1	3389446	3389446	G	GA	contig_1	3258748	3258749	INS397	SYN4	INS	-
contig_1	3393175	3393175	T	TC	contig_1	3262478	3262479	INS398	SYN4	INS	-
contig_1	3397908	3397909	TC	T	contig_1	3267212	3267212	DEL399	SYN4	DEL	-
contig_1	3405088	3405088	C	CG	contig_1	3274391	3274392	INS400	SYN4	INS	-
contig_1	3407602	3407603	TA	T	contig_1	3276906	3276906	DEL401	SYN4	DEL	-
contig_1	3409857	3409857	G	GT	contig_1	3279160	3279161	INS402	SYN4	INS	-
contig_1	3414894	3414894	C	CA	contig_1	3284198	3284199	INS403	SYN4	INS	-
contig_1	3436873	3436874	GT	G	contig_1	3306178	3306178	DEL404	SYN4	DEL	-
contig_1	3448823	3448824	TA	T	contig_1	3318127	3318127	DEL405	SYN4	DEL	-
contig_1	3448842	3448843	GA	G	contig_1	3318145	3318145	DEL406	SYN4	DEL	-
contig_1	3453137	3453137	T	TAA	contig_1	3322439	3322441	INS407	SYN4	INS	-
contig_1	3477983	3477983	G	A	contig_1	3347287	3347287	SNP408	SYN4	SNP	-
contig_1	3487882	3487883	AG	A	contig_1	3357186	3357186	DEL409	SYN4	DEL	-
contig_1	3493334	3493335	GA	G	contig_1	3362637	3362637	DEL410	SYN4	DEL	-
contig_1	3494447	3494449	TCC	T	contig_1	3363749	3363749	DEL411	SYN4	DEL	-
contig_1	3497018	3497018	A	AT	contig_1	3366318	3366319	INS412	SYN4	INS	-
contig_1	3508021	3508022	TC	T	contig_1	3377322	3377322	DEL413	SYN4	DEL	-
contig_1	3522046	3522047	AC	A	contig_1	3391346	3391346	DEL414	SYN4	DEL	-
contig_1	3533537	3533538	TC	T	contig_1	3402836	3402836	DEL415	SYN4	DEL	-
contig_1	3535242	3535243	GT	G	contig_1	3404540	3404540	DEL416	SYN4	DEL	-
contig_1	3551667	3551668	GC	G	contig_1	3420964	3420964	DEL417	SYN4	DEL	-
contig_1	3555730	3555731	GA	G	contig_1	3425026	3425026	DEL418	SYN4	DEL	-
contig_1	3568099	3568099	C	CT	contig_1	3437394	3437395	INS419	SYN4	INS	-
contig_1	3582369	3582370	AC	A	contig_1	3451665	3451665	DEL420	SYN4	DEL	-
contig_1	3583267	3583267	A	AT	contig_1	3452562	3452563	INS421	SYN4	INS	-
contig_1	3585179	3585180	GC	G	contig_1	3454475	3454475	DEL422	SYN4	DEL	-
contig_1	3592612	3592613	GA	G	contig_1	3461907	3461907	DEL423	SYN4	DEL	-
contig_1	3612771	3612772	GT	G	contig_1	3482065	3482065	DEL424	SYN4	DEL	-
contig_1	3673244	3673244	C	CG	contig_1	3542537	3542538	INS425	SYN4	INS	-
contig_1	3726856	3726857	CT	C	contig_1	3596150	3596150	DEL426	SYN4	DEL	-
contig_1	3738654	3738655	GA	G	contig_1	3607947	3607947	DEL427	SYN4	DEL	-
contig_1	3738667	3738668	GT	G	contig_1	3607959	3607959	DEL428	SYN4	DEL	-
contig_1	3747504	3752337	-	-	contig_1	3616795	3616795	DEL429	SYN4	DEL	-
contig_1	3761891	3761892	GT	G	contig_1	3631012	3631012	DEL430	SYN4	DEL	-
contig_1	3771997	3771998	TA	T	contig_1	3641117	3641117	DEL431	SYN4	DEL	-
contig_1	3783486	3783487	CT	C	contig_1	3652605	3652605	DEL432	SYN4	DEL	-
contig_1	3783581	3783582	TA	T	contig_1	3652699	3652699	DEL433	SYN4	DEL	-
contig_1	3794108	3794108	C	CT	contig_1	3663225	3663226	INS434	SYN4	INS	-
contig_1	3840542	3840543	GA	G	contig_1	3709660	3709660	DEL435	SYN4	DEL	-
contig_1	3844755	3844756	GC	G	contig_1	3713872	3713872	DEL436	SYN4	DEL	-
contig_1	3856671	3856672	TC	T	contig_1	3725787	3725787	DEL437	SYN4	DEL	-
contig_1	3865329	3865330	AT	A	contig_1	3734444	3734444	DEL438	SYN4	DEL	-
contig_1	3875309	3875309	A	AT	contig_1	3744423	3744424	INS439	SYN4	INS	-
contig_1	3882703	3882703	T	TTCTCCAGCC	contig_1	3751818	3751827	INS440	SYN4	INS	-
contig_1	3894679	3894679	A	AG	contig_1	3766897	3766898	INS441	SYN4	INS	-
contig_1	3896447	3896448	TA	T	contig_1	3768666	3768666	DEL442	SYN4	DEL	-
contig_1	3897468	3897469	CT	C	contig_1	3769686	3769686	DEL443	SYN4	DEL	-
contig_1	3897483	3897483	T	C	contig_1	3769700	3769700	SNP444	SYN4	SNP	-
contig_1	3905439	3905439	G	GA	contig_1	3777656	3777657	INS445	SYN4	INS	-
contig_1	3911730	3911730	G	A	contig_1	3783948	3783948	SNP446	SYN4	SNP	-
contig_1	3918903	3918903	C	CA	contig_1	3791120	3791121	INS447	SYN4	INS	-
contig_1	3919542	3919542	A	AG	contig_1	3791760	3791761	INS448	SYN4	INS	-
contig_1	3920578	3920579	TC	T	contig_1	3792797	3792797	DEL449	SYN4	DEL	-
contig_1	3921787	3921788	TC	T	contig_1	3794005	3794005	DEL450	SYN4	DEL	-
contig_1	3921903	3921903	G	A	contig_1	3794120	3794120	SNP451	SYN4	SNP	-
contig_1	3922060	3922061	AT	A	contig_1	3794277	3794277	DEL452	SYN4	DEL	-
contig_1	3922500	3922500	A	AG	contig_1	3794716	3794717	INS453	SYN4	INS	-
contig_1	3922810	3922810	C	CT	contig_1	3795027	3795028	INS454	SYN4	INS	-
contig_1	3922930	3922931	GA	G	contig_1	3795148	3795148	DEL455	SYN4	DEL	-
contig_1	3923233	3923234	CT	C	contig_1	3795450	3795450	DEL456	SYN4	DEL	-
contig_1	3923499	3923499	G	GT	contig_1	3795715	3795716	INS457	SYN4	INS	-
contig_1	3925494	3925494	C	CT	contig_1	3797711	3797712	INS458	SYN4	INS	-
contig_1	3925891	3925891	G	GA	contig_1	3798109	3798110	INS459	SYN4	INS	-
contig_1	3926090	3926090	T	TC	contig_1	3798309	3798310	INS460	SYN4	INS	-
contig_1	3926806	3926808	TCC	T	contig_1	3799026	3799026	DEL461	SYN4	DEL	-
contig_1	3926810	3926810	A	G	contig_1	3799028	3799028	SNP462	SYN4	SNP	-
contig_1	3926811	3926811	G	A	contig_1	3799029	3799029	SNP463	SYN4	SNP	-
contig_1	3927157	3927157	G	GA	contig_1	3799375	3799376	INS464	SYN4	INS	-
contig_1	3927726	3927726	T	TA	contig_1	3799945	3799946	INS465	SYN4	INS	-
contig_1	3928141	3928141	C	CT	contig_1	3800361	3800362	INS466	SYN4	INS	-
contig_1	3928456	3928457	CT	C	contig_1	3800677	3800677	DEL467	SYN4	DEL	-
contig_1	3934106	3934107	GT	G	contig_1	3806326	3806326	DEL468	SYN4	DEL	-
contig_1	3935543	3935543	G	GA	contig_1	3807762	3807763	INS469	SYN4	INS	-
contig_1	3942124	3942124	T	TC	contig_1	3814344	3814345	INS470	SYN4	INS	-
contig_1	3956114	3956114	T	C	contig_1	3828335	3828335	SNP471	SYN4	SNP	-
contig_1	3959274	3959275	AG	A	contig_1	3831495	3831495	DEL472	SYN4	DEL	-
contig_1	3969123	3969123	A	AT	contig_1	3841343	3841344	INS473	SYN4	INS	-
contig_1	3974068	3974068	T	TA	contig_1	3846289	3846290	INS474	SYN4	INS	-
contig_1	3986596	3986597	TC	T	contig_1	3858818	3858818	DEL475	SYN4	DEL	-
contig_1	3987138	3987139	TA	T	contig_1	3859359	3859359	DEL476	SYN4	DEL	-
contig_1	3990889	3990889	C	CT	contig_1	3863109	3863110	INS477	SYN4	INS	-
contig_1	3996554	3996555	AT	A	contig_1	3868775	3868775	DEL478	SYN4	DEL	-
contig_1	4031306	4031306	C	CA	contig_1	3903525	3903526	INS479	SYN4	INS	-
contig_1	4034201	4034202	AG	A	contig_1	3906421	3906421	DEL480	SYN4	DEL	-
contig_1	4041117	4041118	AG	A	contig_1	3913336	3913336	DEL481	SYN4	DEL	-
contig_1	4041537	4041537	A	G	contig_1	3913755	3913755	SNP482	SYN4	SNP	-
