02/06/2025 09:28:44: INFO: Start analyzing using SyRI_IS output
02/06/2025 09:28:44: INFO: CMD: ../src/SyRI_IS/classify_IS_events.py --prefix L01-1 --out exp/multiple_runs14/export/classify_IS_events --log exp/multiple_runs14/log --input exp/multiple_runs14/tmp/L01-1 --calc_depth_interval --rid 1 --qid 2
02/06/2025 09:28:44: INFO: blastn -task blastn -query exp/multiple_runs14/tmp/L01-1/L01-1_genome.2.ISflank.fasta -evalue 1e-40 -num_threads 1 -outfmt "7 sseqid qseqid qstart qend sstart send length evalue" -out exp/multiple_runs14/tmp/L01-1/L01-1-FlkinRef-blastn -db exp/multiple_runs14/tmp/L01-1/blastdb/L01-1_genome.1.fasta
02/06/2025 09:28:45: INFO: Ran Blast search to find flanking sequences in references.
02/06/2025 09:28:45: INFO: 34 out of 34 flanks aligned reference sequence well.
02/06/2025 09:28:45: INFO: GetInsertions: Detected 27 IS insertions.
02/06/2025 09:28:45: INFO: IS position conversion vectors saved to exp/multiple_runs14/tmp/L01-1/classify_is_events/L01-1_is_pos_conversion_vecs_2
02/06/2025 09:28:45: INFO: Found syri file exp/multiple_runs14/tmp/L01-1/is_deleted/syri/L01-1.1.syri.out
02/06/2025 09:28:45: INFO: Calculating depth...
02/06/2025 09:28:50: INFO: Depth calculation finished: exp/multiple_runs14/tmp/L01-1/bam/L01-1_genome.deleted_IS.2.prev_align.bam
02/06/2025 09:28:50: INFO: Finished calculating depth interval from exp/multiple_runs14/tmp/L01-1/bam/L01-1_genome.deleted_IS.2.prev_align.bam. Saved to exp/multiple_runs14/export/classify_IS_events/L01-1/L01-1_genome.2.depth_interval.csv
02/06/2025 09:28:51: INFO: Start analyzing using SyRI_IS output
02/06/2025 09:28:51: INFO: CMD: ../src/SyRI_IS/classify_IS_events.py --prefix L01-1 --out exp/multiple_runs14/export/classify_IS_events --log exp/multiple_runs14/log --input exp/multiple_runs14/tmp/L01-1 --calc_depth_interval --rid 2 --qid 3
02/06/2025 09:28:51: INFO: blastn -task blastn -query exp/multiple_runs14/tmp/L01-1/L01-1_genome.3.ISflank.fasta -evalue 1e-40 -num_threads 1 -outfmt "7 sseqid qseqid qstart qend sstart send length evalue" -out exp/multiple_runs14/tmp/L01-1/L01-1-FlkinRef-blastn -db exp/multiple_runs14/tmp/L01-1/blastdb/L01-1_genome.2.fasta
02/06/2025 09:28:52: INFO: Ran Blast search to find flanking sequences in references.
02/06/2025 09:28:52: INFO: 60 out of 60 flanks aligned reference sequence well.
02/06/2025 09:28:52: INFO: GetInsertions: Detected 51 IS insertions.
02/06/2025 09:28:53: INFO: IS position conversion vectors saved to exp/multiple_runs14/tmp/L01-1/classify_is_events/L01-1_is_pos_conversion_vecs_3
02/06/2025 09:28:53: INFO: Found syri file exp/multiple_runs14/tmp/L01-1/is_deleted/syri/L01-1.2.syri.out
02/06/2025 09:28:53: INFO: Calculating depth...
02/06/2025 09:28:57: INFO: Depth calculation finished: exp/multiple_runs14/tmp/L01-1/bam/L01-1_genome.deleted_IS.3.prev_align.bam
02/06/2025 09:28:57: INFO: Finished calculating depth interval from exp/multiple_runs14/tmp/L01-1/bam/L01-1_genome.deleted_IS.3.prev_align.bam. Saved to exp/multiple_runs14/export/classify_IS_events/L01-1/L01-1_genome.3.depth_interval.csv
02/06/2025 09:44:00: INFO: Start analyzing using SyRI_IS output
02/06/2025 09:44:00: INFO: CMD: ../src/SyRI_IS/classify_IS_events.py --prefix L01-1 --out exp/multiple_runs14/export/classify_IS_events_Anc --log exp/multiple_runs14/log --input exp/multiple_runs14/tmp/L01-1 --calc_depth_interval --rid 1 --qid 2
02/06/2025 09:44:00: INFO: blastn -task blastn -query exp/multiple_runs14/tmp/L01-1/L01-1_genome.2.ISflank.fasta -evalue 1e-40 -num_threads 1 -outfmt "7 sseqid qseqid qstart qend sstart send length evalue" -out exp/multiple_runs14/tmp/L01-1/L01-1-FlkinRef-blastn -db exp/multiple_runs14/tmp/L01-1/blastdb/L01-1_genome.1.fasta
02/06/2025 09:44:00: INFO: Ran Blast search to find flanking sequences in references.
02/06/2025 09:44:00: INFO: 34 out of 34 flanks aligned reference sequence well.
02/06/2025 09:44:00: INFO: GetInsertions: Detected 27 IS insertions.
02/06/2025 09:44:01: INFO: IS position conversion vectors saved to exp/multiple_runs14/tmp/L01-1/classify_is_events/L01-1_is_pos_conversion_vecs_2
02/06/2025 09:44:01: INFO: Found syri file exp/multiple_runs14/tmp/L01-1/is_deleted/syri/L01-1.1.syri.out
02/06/2025 09:44:01: INFO: Calculating depth...
02/06/2025 09:44:06: INFO: Depth calculation finished: exp/multiple_runs14/tmp/L01-1/bam/L01-1_genome.deleted_IS.2.prev_align.bam
02/06/2025 09:44:06: INFO: Finished calculating depth interval from exp/multiple_runs14/tmp/L01-1/bam/L01-1_genome.deleted_IS.2.prev_align.bam. Saved to exp/multiple_runs14/export/classify_IS_events_Anc/L01-1/L01-1_genome.2.depth_interval.csv
02/06/2025 09:44:09: INFO: Start analyzing using SyRI_IS output
02/06/2025 09:44:09: INFO: CMD: ../src/SyRI_IS/classify_IS_events.py --prefix L01-1 --out exp/multiple_runs14/export/classify_IS_events_Anc --log exp/multiple_runs14/log --input exp/multiple_runs14/tmp/L01-1 --calc_depth_interval --rid 1 --qid 3
02/06/2025 09:44:10: INFO: blastn -task blastn -query exp/multiple_runs14/tmp/L01-1/L01-1_genome.3.ISflank.fasta -evalue 1e-40 -num_threads 1 -outfmt "7 sseqid qseqid qstart qend sstart send length evalue" -out exp/multiple_runs14/tmp/L01-1/L01-1-FlkinRef-blastn -db exp/multiple_runs14/tmp/L01-1/blastdb/L01-1_genome.1.fasta
02/06/2025 09:44:11: INFO: Ran Blast search to find flanking sequences in references.
02/06/2025 09:44:11: INFO: 60 out of 60 flanks aligned reference sequence well.
02/06/2025 09:44:11: INFO: GetInsertions: Detected 48 IS insertions.
02/06/2025 09:44:11: INFO: IS position conversion vectors saved to exp/multiple_runs14/tmp/L01-1/classify_is_events/L01-1_is_pos_conversion_vecs_3
02/06/2025 09:44:11: INFO: Found syri file exp/multiple_runs14/tmp/L01-1/is_deleted/syri/L01-1.1_3.syri.out
02/06/2025 09:44:11: INFO: Calculating depth...
02/06/2025 09:44:16: INFO: Depth calculation finished: exp/multiple_runs14/tmp/L01-1/bam/L01-1_genome.deleted_IS.1_3.bam
02/06/2025 09:44:16: INFO: Finished calculating depth interval from exp/multiple_runs14/tmp/L01-1/bam/L01-1_genome.deleted_IS.1_3.bam. Saved to exp/multiple_runs14/export/classify_IS_events_Anc/L01-1/L01-1_genome.3.depth_interval.csv
02/06/2025 10:00:19: INFO: Start analyzing using SyRI_IS output
02/06/2025 10:00:19: INFO: CMD: ../src/SyRI_IS/classify_IS_events.py --prefix L01-1 --out exp/multiple_runs14/export/classify_IS_events_MDS --log exp/multiple_runs14/log --input exp/multiple_runs14/tmp/L01-1 --calc_depth_interval --rid 0 --qid 1
02/06/2025 10:00:19: INFO: blastn -task blastn -query exp/multiple_runs14/tmp/L01-1/L01-1_genome.1.ISflank.fasta -evalue 1e-40 -num_threads 1 -outfmt "7 sseqid qseqid qstart qend sstart send length evalue" -out exp/multiple_runs14/tmp/L01-1/L01-1-FlkinRef-blastn -db exp/multiple_runs14/tmp/L01-1/blastdb/L01-1_genome.0.fasta
02/06/2025 10:00:20: INFO: Ran Blast search to find flanking sequences in references.
02/06/2025 10:00:20: INFO: 20 out of 20 flanks aligned reference sequence well.
02/06/2025 10:00:20: INFO: GetInsertions: Detected 14 IS insertions.
02/06/2025 10:00:20: INFO: IS position conversion vectors saved to exp/multiple_runs14/tmp/L01-1/classify_is_events/L01-1_is_pos_conversion_vecs_1
02/06/2025 10:00:20: INFO: Found syri file exp/multiple_runs14/tmp/L01-1/is_deleted/syri/L01-1.0.syri.out
02/06/2025 10:00:20: INFO: Calculating depth...
02/06/2025 10:00:26: INFO: Depth calculation finished: exp/multiple_runs14/tmp/L01-1/bam/L01-1_genome.deleted_IS.1.prev_align.bam
02/06/2025 10:00:26: INFO: Finished calculating depth interval from exp/multiple_runs14/tmp/L01-1/bam/L01-1_genome.deleted_IS.1.prev_align.bam. Saved to exp/multiple_runs14/export/classify_IS_events_MDS/L01-1/L01-1_genome.1.depth_interval.csv
02/06/2025 10:00:30: INFO: Start analyzing using SyRI_IS output
02/06/2025 10:00:30: INFO: CMD: ../src/SyRI_IS/classify_IS_events.py --prefix L01-1 --out exp/multiple_runs14/export/classify_IS_events_MDS --log exp/multiple_runs14/log --input exp/multiple_runs14/tmp/L01-1 --calc_depth_interval --rid 0 --qid 2
02/06/2025 10:00:30: INFO: blastn -task blastn -query exp/multiple_runs14/tmp/L01-1/L01-1_genome.2.ISflank.fasta -evalue 1e-40 -num_threads 1 -outfmt "7 sseqid qseqid qstart qend sstart send length evalue" -out exp/multiple_runs14/tmp/L01-1/L01-1-FlkinRef-blastn -db exp/multiple_runs14/tmp/L01-1/blastdb/L01-1_genome.0.fasta
02/06/2025 10:00:31: INFO: Ran Blast search to find flanking sequences in references.
02/06/2025 10:00:31: INFO: 34 out of 34 flanks aligned reference sequence well.
02/06/2025 10:00:31: INFO: GetInsertions: Detected 22 IS insertions.
02/06/2025 10:00:31: INFO: IS position conversion vectors saved to exp/multiple_runs14/tmp/L01-1/classify_is_events/L01-1_is_pos_conversion_vecs_2
02/06/2025 10:00:31: INFO: Found syri file exp/multiple_runs14/tmp/L01-1/is_deleted/syri/L01-1.0_2.syri.out
02/06/2025 10:00:31: INFO: Calculating depth...
02/06/2025 10:00:37: INFO: Depth calculation finished: exp/multiple_runs14/tmp/L01-1/bam/L01-1_genome.deleted_IS.0_2.bam
02/06/2025 10:00:37: INFO: Finished calculating depth interval from exp/multiple_runs14/tmp/L01-1/bam/L01-1_genome.deleted_IS.0_2.bam. Saved to exp/multiple_runs14/export/classify_IS_events_MDS/L01-1/L01-1_genome.2.depth_interval.csv
02/06/2025 10:00:41: INFO: Start analyzing using SyRI_IS output
02/06/2025 10:00:41: INFO: CMD: ../src/SyRI_IS/classify_IS_events.py --prefix L01-1 --out exp/multiple_runs14/export/classify_IS_events_MDS --log exp/multiple_runs14/log --input exp/multiple_runs14/tmp/L01-1 --calc_depth_interval --rid 0 --qid 3
02/06/2025 10:00:42: INFO: blastn -task blastn -query exp/multiple_runs14/tmp/L01-1/L01-1_genome.3.ISflank.fasta -evalue 1e-40 -num_threads 1 -outfmt "7 sseqid qseqid qstart qend sstart send length evalue" -out exp/multiple_runs14/tmp/L01-1/L01-1-FlkinRef-blastn -db exp/multiple_runs14/tmp/L01-1/blastdb/L01-1_genome.0.fasta
02/06/2025 10:00:42: INFO: Ran Blast search to find flanking sequences in references.
02/06/2025 10:00:42: INFO: 60 out of 60 flanks aligned reference sequence well.
02/06/2025 10:00:42: INFO: GetInsertions: Detected 44 IS insertions.
02/06/2025 10:00:42: INFO: IS position conversion vectors saved to exp/multiple_runs14/tmp/L01-1/classify_is_events/L01-1_is_pos_conversion_vecs_3
02/06/2025 10:00:42: INFO: Found syri file exp/multiple_runs14/tmp/L01-1/is_deleted/syri/L01-1.0_3.syri.out
02/06/2025 10:00:43: INFO: Calculating depth...
02/06/2025 10:00:48: INFO: Depth calculation finished: exp/multiple_runs14/tmp/L01-1/bam/L01-1_genome.deleted_IS.0_3.bam
02/06/2025 10:00:48: INFO: Finished calculating depth interval from exp/multiple_runs14/tmp/L01-1/bam/L01-1_genome.deleted_IS.0_3.bam. Saved to exp/multiple_runs14/export/classify_IS_events_MDS/L01-1/L01-1_genome.3.depth_interval.csv
02/09/2025 00:43:21: INFO: Start analyzing using SyRI_IS output
02/09/2025 00:43:21: INFO: CMD: ../src/SyRI_IS/classify_IS_events.py --prefix L01-1 --out exp/multiple_runs14/export/classify_IS_events --log exp/multiple_runs14/log --input exp/multiple_runs14/tmp/L01-1 --calc_depth_interval --rid 1 --qid 2
02/09/2025 00:43:21: INFO: blastn -task blastn -query exp/multiple_runs14/tmp/L01-1/L01-1_genome.2.ISflank.fasta -evalue 1e-40 -num_threads 1 -outfmt "7 sseqid qseqid qstart qend sstart send length evalue" -out exp/multiple_runs14/tmp/L01-1/L01-1-FlkinRef-blastn -db exp/multiple_runs14/tmp/L01-1/blastdb/L01-1_genome.1.fasta
02/09/2025 00:43:22: INFO: Ran Blast search to find flanking sequences in references.
02/09/2025 00:43:22: INFO: 34 out of 34 flanks aligned reference sequence well.
02/09/2025 00:43:22: INFO: GetInsertions: Detected 27 IS insertions.
02/09/2025 00:43:22: INFO: IS position conversion vectors saved to exp/multiple_runs14/tmp/L01-1/classify_is_events/L01-1_is_pos_conversion_vecs_2
02/09/2025 00:43:22: INFO: Found syri file exp/multiple_runs14/tmp/L01-1/is_deleted/syri/L01-1.1.syri.out
02/09/2025 00:43:22: INFO: Calculating depth...
02/09/2025 00:43:27: INFO: Depth calculation finished: exp/multiple_runs14/tmp/L01-1/bam/L01-1_genome.deleted_IS.2.prev_align.bam
02/09/2025 00:43:27: INFO: Finished calculating depth interval from exp/multiple_runs14/tmp/L01-1/bam/L01-1_genome.deleted_IS.2.prev_align.bam. Saved to exp/multiple_runs14/export/classify_IS_events/L01-1/L01-1_genome.2.depth_interval.csv
02/09/2025 00:43:28: INFO: Start analyzing using SyRI_IS output
02/09/2025 00:43:28: INFO: CMD: ../src/SyRI_IS/classify_IS_events.py --prefix L01-1 --out exp/multiple_runs14/export/classify_IS_events --log exp/multiple_runs14/log --input exp/multiple_runs14/tmp/L01-1 --calc_depth_interval --rid 2 --qid 3
02/09/2025 00:43:28: INFO: blastn -task blastn -query exp/multiple_runs14/tmp/L01-1/L01-1_genome.3.ISflank.fasta -evalue 1e-40 -num_threads 1 -outfmt "7 sseqid qseqid qstart qend sstart send length evalue" -out exp/multiple_runs14/tmp/L01-1/L01-1-FlkinRef-blastn -db exp/multiple_runs14/tmp/L01-1/blastdb/L01-1_genome.2.fasta
02/09/2025 00:43:30: INFO: Ran Blast search to find flanking sequences in references.
02/09/2025 00:43:30: INFO: 60 out of 60 flanks aligned reference sequence well.
02/09/2025 00:43:30: INFO: GetInsertions: Detected 51 IS insertions.
02/09/2025 00:43:30: INFO: IS position conversion vectors saved to exp/multiple_runs14/tmp/L01-1/classify_is_events/L01-1_is_pos_conversion_vecs_3
02/09/2025 00:43:30: INFO: Found syri file exp/multiple_runs14/tmp/L01-1/is_deleted/syri/L01-1.2.syri.out
02/09/2025 00:43:30: INFO: Calculating depth...
02/09/2025 00:43:35: INFO: Depth calculation finished: exp/multiple_runs14/tmp/L01-1/bam/L01-1_genome.deleted_IS.3.prev_align.bam
02/09/2025 00:43:35: INFO: Finished calculating depth interval from exp/multiple_runs14/tmp/L01-1/bam/L01-1_genome.deleted_IS.3.prev_align.bam. Saved to exp/multiple_runs14/export/classify_IS_events/L01-1/L01-1_genome.3.depth_interval.csv
02/09/2025 00:48:53: INFO: Start analyzing using SyRI_IS output
02/09/2025 00:48:53: INFO: Start analyzing using SyRI_IS output
02/09/2025 00:48:53: INFO: CMD: ../src/SyRI_IS/classify_IS_events.py --prefix L01-1 --out exp/multiple_runs14/export/classify_IS_events --log exp/multiple_runs14/log --input exp/multiple_runs14/tmp/L01-1 --calc_depth_interval --rid 2 --qid 3
02/09/2025 00:48:53: INFO: CMD: ../src/SyRI_IS/classify_IS_events.py --prefix L01-1 --out exp/multiple_runs14/export/classify_IS_events --log exp/multiple_runs14/log --input exp/multiple_runs14/tmp/L01-1 --calc_depth_interval --rid 1 --qid 2
02/09/2025 00:48:53: INFO: blastn -task blastn -query exp/multiple_runs14/tmp/L01-1/L01-1_genome.2.ISflank.fasta -evalue 1e-40 -num_threads 1 -outfmt "7 sseqid qseqid qstart qend sstart send length evalue" -out exp/multiple_runs14/tmp/L01-1/L01-1-FlkinRef-blastn -db exp/multiple_runs14/tmp/L01-1/blastdb/L01-1_genome.1.fasta
02/09/2025 00:48:53: INFO: blastn -task blastn -query exp/multiple_runs14/tmp/L01-1/L01-1_genome.3.ISflank.fasta -evalue 1e-40 -num_threads 1 -outfmt "7 sseqid qseqid qstart qend sstart send length evalue" -out exp/multiple_runs14/tmp/L01-1/L01-1-FlkinRef-blastn -db exp/multiple_runs14/tmp/L01-1/blastdb/L01-1_genome.2.fasta
02/09/2025 00:48:53: INFO: Ran Blast search to find flanking sequences in references.
02/09/2025 00:48:53: INFO: 34 out of 34 flanks aligned reference sequence well.
02/09/2025 00:48:53: INFO: GetInsertions: Detected 27 IS insertions.
02/09/2025 00:48:55: INFO: Ran Blast search to find flanking sequences in references.
02/09/2025 00:48:55: INFO: 60 out of 60 flanks aligned reference sequence well.
02/09/2025 00:48:55: INFO: GetInsertions: Detected 51 IS insertions.
02/09/2025 00:53:49: INFO: Start analyzing using SyRI_IS output
02/09/2025 00:53:49: INFO: CMD: ../src/SyRI_IS/classify_IS_events.py --prefix L01-1 --out exp/multiple_runs14/export/classify_IS_events --log exp/multiple_runs14/log --input exp/multiple_runs14/tmp/L01-1 --calc_depth_interval --rid 1 --qid 2
02/09/2025 00:53:49: INFO: blastn -task blastn -query exp/multiple_runs14/tmp/L01-1/L01-1_genome.2.ISflank.fasta -evalue 1e-40 -num_threads 1 -outfmt "7 sseqid qseqid qstart qend sstart send length evalue" -out exp/multiple_runs14/tmp/L01-1/L01-1-FlkinRef-blastn -db exp/multiple_runs14/tmp/L01-1/blastdb/L01-1_genome.1.fasta
02/09/2025 00:53:49: INFO: Ran Blast search to find flanking sequences in references.
02/09/2025 00:53:49: INFO: 34 out of 34 flanks aligned reference sequence well.
02/09/2025 00:53:49: INFO: GetInsertions: Detected 27 IS insertions.
02/09/2025 00:53:50: INFO: IS position conversion vectors saved to exp/multiple_runs14/tmp/L01-1/classify_is_events/L01-1_is_pos_conversion_vecs_2
02/09/2025 00:53:50: INFO: Found syri file exp/multiple_runs14/tmp/L01-1/is_deleted/syri/L01-1.1.syri.out
02/09/2025 00:53:50: INFO: Calculating depth...
02/09/2025 00:53:54: INFO: Depth calculation finished: exp/multiple_runs14/tmp/L01-1/bam/L01-1_genome.deleted_IS.2.prev_align.bam
02/09/2025 00:53:54: INFO: Finished calculating depth interval from exp/multiple_runs14/tmp/L01-1/bam/L01-1_genome.deleted_IS.2.prev_align.bam. Saved to exp/multiple_runs14/export/classify_IS_events/L01-1/L01-1_genome.2.depth_interval.csv
02/09/2025 00:56:52: INFO: Start analyzing using SyRI_IS output
02/09/2025 00:56:52: INFO: CMD: ../src/SyRI_IS/classify_IS_events.py --prefix L01-1 --out exp/multiple_runs14/export/classify_IS_events --log exp/multiple_runs14/log --input exp/multiple_runs14/tmp/L01-1 --calc_depth_interval --rid 2 --qid 3
02/09/2025 00:56:52: INFO: Start analyzing using SyRI_IS output
02/09/2025 00:56:52: INFO: CMD: ../src/SyRI_IS/classify_IS_events.py --prefix L01-1 --out exp/multiple_runs14/export/classify_IS_events --log exp/multiple_runs14/log --input exp/multiple_runs14/tmp/L01-1 --calc_depth_interval --rid 1 --qid 2
02/09/2025 00:56:53: INFO: blastn -task blastn -query exp/multiple_runs14/tmp/L01-1/L01-1_genome.3.ISflank.fasta -evalue 1e-40 -num_threads 1 -outfmt "7 sseqid qseqid qstart qend sstart send length evalue" -out exp/multiple_runs14/tmp/L01-1/L01-1-FlkinRef-blastn -db exp/multiple_runs14/tmp/L01-1/blastdb/L01-1_genome.2.fasta
02/09/2025 00:56:53: INFO: blastn -task blastn -query exp/multiple_runs14/tmp/L01-1/L01-1_genome.2.ISflank.fasta -evalue 1e-40 -num_threads 1 -outfmt "7 sseqid qseqid qstart qend sstart send length evalue" -out exp/multiple_runs14/tmp/L01-1/L01-1-FlkinRef-blastn -db exp/multiple_runs14/tmp/L01-1/blastdb/L01-1_genome.1.fasta
02/09/2025 00:56:53: INFO: Ran Blast search to find flanking sequences in references.
02/09/2025 00:56:53: INFO: 34 out of 34 flanks aligned reference sequence well.
02/09/2025 00:56:53: INFO: GetInsertions: Detected 27 IS insertions.
02/09/2025 00:56:54: INFO: Ran Blast search to find flanking sequences in references.
02/09/2025 00:56:54: INFO: 60 out of 60 flanks aligned reference sequence well.
02/09/2025 00:56:54: INFO: GetInsertions: Detected 51 IS insertions.
02/09/2025 00:58:00: INFO: Start analyzing using SyRI_IS output
02/09/2025 00:58:00: INFO: CMD: ../src/SyRI_IS/classify_IS_events.py --prefix L01-1 --out exp/multiple_runs14/export/classify_IS_events --log exp/multiple_runs14/log --input exp/multiple_runs14/tmp/L01-1 --calc_depth_interval --rid 1 --qid 2
02/09/2025 00:58:00: INFO: blastn -task blastn -query exp/multiple_runs14/tmp/L01-1/L01-1_genome.2.ISflank.fasta -evalue 1e-40 -num_threads 1 -outfmt "7 sseqid qseqid qstart qend sstart send length evalue" -out exp/multiple_runs14/tmp/L01-1/L01-1-FlkinRef-blastn -db exp/multiple_runs14/tmp/L01-1/blastdb/L01-1_genome.1.fasta
02/09/2025 00:58:01: INFO: Ran Blast search to find flanking sequences in references.
02/09/2025 00:58:01: INFO: 34 out of 34 flanks aligned reference sequence well.
02/09/2025 00:58:01: INFO: GetInsertions: Detected 27 IS insertions.
02/09/2025 00:58:01: INFO: IS position conversion vectors saved to exp/multiple_runs14/tmp/L01-1/classify_is_events/L01-1_is_pos_conversion_vecs_2
02/09/2025 00:58:01: INFO: Found syri file exp/multiple_runs14/tmp/L01-1/is_deleted/syri/L01-1.1.syri.out
02/09/2025 00:58:02: INFO: Calculating depth...
02/09/2025 00:58:06: INFO: Depth calculation finished: exp/multiple_runs14/tmp/L01-1/bam/L01-1_genome.deleted_IS.2.prev_align.bam
02/09/2025 00:58:06: INFO: Finished calculating depth interval from exp/multiple_runs14/tmp/L01-1/bam/L01-1_genome.deleted_IS.2.prev_align.bam. Saved to exp/multiple_runs14/export/classify_IS_events/L01-1/L01-1_genome.2.depth_interval.csv
02/09/2025 00:58:44: INFO: Start analyzing using SyRI_IS output
02/09/2025 00:58:44: INFO: CMD: ../src/SyRI_IS/classify_IS_events.py --prefix L01-1 --out exp/multiple_runs14/export/classify_IS_events --log exp/multiple_runs14/log --input exp/multiple_runs14/tmp/L01-1 --calc_depth_interval --rid 1 --qid 2
02/09/2025 00:58:44: INFO: Start analyzing using SyRI_IS output
02/09/2025 00:58:44: INFO: CMD: ../src/SyRI_IS/classify_IS_events.py --prefix L01-1 --out exp/multiple_runs14/export/classify_IS_events --log exp/multiple_runs14/log --input exp/multiple_runs14/tmp/L01-1 --calc_depth_interval --rid 2 --qid 3
02/09/2025 00:58:44: INFO: blastn -task blastn -query exp/multiple_runs14/tmp/L01-1/L01-1_genome.2.ISflank.fasta -evalue 1e-40 -num_threads 1 -outfmt "7 sseqid qseqid qstart qend sstart send length evalue" -out exp/multiple_runs14/tmp/L01-1/L01-1-FlkinRef-blastn -db exp/multiple_runs14/tmp/L01-1/blastdb/L01-1_genome.1.fasta
02/09/2025 00:58:44: INFO: blastn -task blastn -query exp/multiple_runs14/tmp/L01-1/L01-1_genome.3.ISflank.fasta -evalue 1e-40 -num_threads 1 -outfmt "7 sseqid qseqid qstart qend sstart send length evalue" -out exp/multiple_runs14/tmp/L01-1/L01-1-FlkinRef-blastn -db exp/multiple_runs14/tmp/L01-1/blastdb/L01-1_genome.2.fasta
02/09/2025 00:58:45: INFO: Ran Blast search to find flanking sequences in references.
02/09/2025 00:58:45: INFO: 34 out of 34 flanks aligned reference sequence well.
02/09/2025 00:58:45: INFO: GetInsertions: Detected 27 IS insertions.
02/09/2025 00:58:46: INFO: Ran Blast search to find flanking sequences in references.
02/09/2025 00:58:46: INFO: 60 out of 60 flanks aligned reference sequence well.
02/09/2025 00:58:46: INFO: GetInsertions: Detected 51 IS insertions.
02/09/2025 00:59:28: INFO: Start analyzing using SyRI_IS output
02/09/2025 00:59:28: INFO: CMD: ../src/SyRI_IS/classify_IS_events.py --prefix L01-1 --out exp/multiple_runs14/export/classify_IS_events --log exp/multiple_runs14/log --input exp/multiple_runs14/tmp/L01-1 --calc_depth_interval --rid 2 --qid 3
02/09/2025 00:59:28: INFO: Start analyzing using SyRI_IS output
02/09/2025 00:59:28: INFO: CMD: ../src/SyRI_IS/classify_IS_events.py --prefix L01-1 --out exp/multiple_runs14/export/classify_IS_events --log exp/multiple_runs14/log --input exp/multiple_runs14/tmp/L01-1 --calc_depth_interval --rid 1 --qid 2
02/09/2025 00:59:28: INFO: blastn -task blastn -query exp/multiple_runs14/tmp/L01-1/L01-1_genome.2.ISflank.fasta -evalue 1e-40 -num_threads 1 -outfmt "7 sseqid qseqid qstart qend sstart send length evalue" -out exp/multiple_runs14/tmp/L01-1/L01-1-FlkinRef-blastn -db exp/multiple_runs14/tmp/L01-1/blastdb/L01-1_genome.1.fasta
02/09/2025 00:59:28: INFO: blastn -task blastn -query exp/multiple_runs14/tmp/L01-1/L01-1_genome.3.ISflank.fasta -evalue 1e-40 -num_threads 1 -outfmt "7 sseqid qseqid qstart qend sstart send length evalue" -out exp/multiple_runs14/tmp/L01-1/L01-1-FlkinRef-blastn -db exp/multiple_runs14/tmp/L01-1/blastdb/L01-1_genome.2.fasta
02/09/2025 00:59:29: INFO: Ran Blast search to find flanking sequences in references.
02/09/2025 00:59:29: INFO: 34 out of 34 flanks aligned reference sequence well.
02/09/2025 00:59:29: INFO: GetInsertions: Detected 27 IS insertions.
02/09/2025 00:59:30: INFO: Ran Blast search to find flanking sequences in references.
02/09/2025 00:59:30: INFO: 60 out of 60 flanks aligned reference sequence well.
02/09/2025 00:59:30: INFO: GetInsertions: Detected 51 IS insertions.
02/09/2025 00:59:54: INFO: Start analyzing using SyRI_IS output
02/09/2025 00:59:54: INFO: CMD: ../src/SyRI_IS/classify_IS_events.py --prefix L01-1 --out exp/multiple_runs14/export/classify_IS_events --log exp/multiple_runs14/log --input exp/multiple_runs14/tmp/L01-1 --calc_depth_interval --rid 2 --qid 3
02/09/2025 00:59:54: INFO: blastn -task blastn -query exp/multiple_runs14/tmp/L01-1/L01-1_genome.3.ISflank.fasta -evalue 1e-40 -num_threads 1 -outfmt "7 sseqid qseqid qstart qend sstart send length evalue" -out exp/multiple_runs14/tmp/L01-1/L01-1-FlkinRef-blastn -db exp/multiple_runs14/tmp/L01-1/blastdb/L01-1_genome.2.fasta
02/09/2025 00:59:56: INFO: Ran Blast search to find flanking sequences in references.
02/09/2025 00:59:56: INFO: 60 out of 60 flanks aligned reference sequence well.
02/09/2025 00:59:56: INFO: GetInsertions: Detected 51 IS insertions.
02/09/2025 00:59:56: INFO: IS position conversion vectors saved to exp/multiple_runs14/tmp/L01-1/classify_is_events/L01-1_is_pos_conversion_vecs_3
02/09/2025 00:59:56: INFO: Found syri file exp/multiple_runs14/tmp/L01-1/is_deleted/syri/L01-1.2.syri.out
02/09/2025 00:59:56: INFO: Calculating depth...
02/09/2025 01:00:01: INFO: Depth calculation finished: exp/multiple_runs14/tmp/L01-1/bam/L01-1_genome.deleted_IS.3.prev_align.bam
02/09/2025 01:00:01: INFO: Finished calculating depth interval from exp/multiple_runs14/tmp/L01-1/bam/L01-1_genome.deleted_IS.3.prev_align.bam. Saved to exp/multiple_runs14/export/classify_IS_events/L01-1/L01-1_genome.3.depth_interval.csv
02/09/2025 01:00:29: INFO: Start analyzing using SyRI_IS output
02/09/2025 01:00:29: INFO: CMD: ../src/SyRI_IS/classify_IS_events.py --prefix L01-1 --out exp/multiple_runs14/export/classify_IS_events --log exp/multiple_runs14/log --input exp/multiple_runs14/tmp/L01-1 --calc_depth_interval --rid 1 --qid 2
02/09/2025 01:00:29: INFO: blastn -task blastn -query exp/multiple_runs14/tmp/L01-1/L01-1_genome.2.ISflank.fasta -evalue 1e-40 -num_threads 1 -outfmt "7 sseqid qseqid qstart qend sstart send length evalue" -out exp/multiple_runs14/tmp/L01-1/L01-1-FlkinRef-blastn -db exp/multiple_runs14/tmp/L01-1/blastdb/L01-1_genome.1.fasta
02/09/2025 01:00:29: INFO: Ran Blast search to find flanking sequences in references.
02/09/2025 01:00:29: INFO: 34 out of 34 flanks aligned reference sequence well.
02/09/2025 01:00:30: INFO: GetInsertions: Detected 27 IS insertions.
02/09/2025 01:00:30: INFO: IS position conversion vectors saved to exp/multiple_runs14/tmp/L01-1/classify_is_events/L01-1_is_pos_conversion_vecs_2
02/09/2025 01:00:30: INFO: Found syri file exp/multiple_runs14/tmp/L01-1/is_deleted/syri/L01-1.1.syri.out
02/09/2025 01:00:30: INFO: Calculating depth...
02/09/2025 01:00:35: INFO: Depth calculation finished: exp/multiple_runs14/tmp/L01-1/bam/L01-1_genome.deleted_IS.2.prev_align.bam
02/09/2025 01:00:35: INFO: Finished calculating depth interval from exp/multiple_runs14/tmp/L01-1/bam/L01-1_genome.deleted_IS.2.prev_align.bam. Saved to exp/multiple_runs14/export/classify_IS_events/L01-1/L01-1_genome.2.depth_interval.csv
02/09/2025 01:00:36: INFO: Start analyzing using SyRI_IS output
02/09/2025 01:00:36: INFO: CMD: ../src/SyRI_IS/classify_IS_events.py --prefix L01-1 --out exp/multiple_runs14/export/classify_IS_events --log exp/multiple_runs14/log --input exp/multiple_runs14/tmp/L01-1 --calc_depth_interval --rid 2 --qid 3
02/09/2025 01:00:36: INFO: blastn -task blastn -query exp/multiple_runs14/tmp/L01-1/L01-1_genome.3.ISflank.fasta -evalue 1e-40 -num_threads 1 -outfmt "7 sseqid qseqid qstart qend sstart send length evalue" -out exp/multiple_runs14/tmp/L01-1/L01-1-FlkinRef-blastn -db exp/multiple_runs14/tmp/L01-1/blastdb/L01-1_genome.2.fasta
02/09/2025 01:00:37: INFO: Ran Blast search to find flanking sequences in references.
02/09/2025 01:00:37: INFO: 60 out of 60 flanks aligned reference sequence well.
02/09/2025 01:00:37: INFO: GetInsertions: Detected 51 IS insertions.
02/09/2025 01:00:37: INFO: IS position conversion vectors saved to exp/multiple_runs14/tmp/L01-1/classify_is_events/L01-1_is_pos_conversion_vecs_3
02/09/2025 01:00:37: INFO: Found syri file exp/multiple_runs14/tmp/L01-1/is_deleted/syri/L01-1.2.syri.out
02/09/2025 01:00:38: INFO: Calculating depth...
02/09/2025 01:00:42: INFO: Depth calculation finished: exp/multiple_runs14/tmp/L01-1/bam/L01-1_genome.deleted_IS.3.prev_align.bam
02/09/2025 01:00:42: INFO: Finished calculating depth interval from exp/multiple_runs14/tmp/L01-1/bam/L01-1_genome.deleted_IS.3.prev_align.bam. Saved to exp/multiple_runs14/export/classify_IS_events/L01-1/L01-1_genome.3.depth_interval.csv
02/09/2025 01:01:55: INFO: Start analyzing using SyRI_IS output
02/09/2025 01:01:55: INFO: CMD: ../src/SyRI_IS/classify_IS_events.py --prefix L01-1 --out exp/multiple_runs14/export/classify_IS_events --log exp/multiple_runs14/log --input exp/multiple_runs14/tmp/L01-1 --calc_depth_interval --rid 1 --qid 2
02/09/2025 01:01:55: INFO: blastn -task blastn -query exp/multiple_runs14/tmp/L01-1/L01-1_genome.2.ISflank.fasta -evalue 1e-40 -num_threads 1 -outfmt "7 sseqid qseqid qstart qend sstart send length evalue" -out exp/multiple_runs14/tmp/L01-1/L01-1-FlkinRef-blastn -db exp/multiple_runs14/tmp/L01-1/blastdb/L01-1_genome.1.fasta
02/09/2025 01:01:56: INFO: Ran Blast search to find flanking sequences in references.
02/09/2025 01:01:56: INFO: 34 out of 34 flanks aligned reference sequence well.
02/09/2025 01:01:56: INFO: GetInsertions: Detected 27 IS insertions.
02/09/2025 01:01:56: INFO: IS position conversion vectors saved to exp/multiple_runs14/tmp/L01-1/classify_is_events/L01-1_is_pos_conversion_vecs_2
02/09/2025 01:01:56: INFO: Found syri file exp/multiple_runs14/tmp/L01-1/is_deleted/syri/L01-1.1.syri.out
02/09/2025 01:01:56: INFO: Calculating depth...
02/09/2025 01:02:01: INFO: Depth calculation finished: exp/multiple_runs14/tmp/L01-1/bam/L01-1_genome.deleted_IS.2.prev_align.bam
02/09/2025 01:02:01: INFO: Finished calculating depth interval from exp/multiple_runs14/tmp/L01-1/bam/L01-1_genome.deleted_IS.2.prev_align.bam. Saved to exp/multiple_runs14/export/classify_IS_events/L01-1/L01-1_genome.2.depth_interval.csv
02/09/2025 01:02:02: INFO: Start analyzing using SyRI_IS output
02/09/2025 01:02:02: INFO: CMD: ../src/SyRI_IS/classify_IS_events.py --prefix L01-1 --out exp/multiple_runs14/export/classify_IS_events --log exp/multiple_runs14/log --input exp/multiple_runs14/tmp/L01-1 --calc_depth_interval --rid 2 --qid 3
02/09/2025 01:02:02: INFO: blastn -task blastn -query exp/multiple_runs14/tmp/L01-1/L01-1_genome.3.ISflank.fasta -evalue 1e-40 -num_threads 1 -outfmt "7 sseqid qseqid qstart qend sstart send length evalue" -out exp/multiple_runs14/tmp/L01-1/L01-1-FlkinRef-blastn -db exp/multiple_runs14/tmp/L01-1/blastdb/L01-1_genome.2.fasta
02/09/2025 01:02:03: INFO: Ran Blast search to find flanking sequences in references.
02/09/2025 01:02:03: INFO: 60 out of 60 flanks aligned reference sequence well.
02/09/2025 01:02:03: INFO: GetInsertions: Detected 51 IS insertions.
02/09/2025 01:02:04: INFO: IS position conversion vectors saved to exp/multiple_runs14/tmp/L01-1/classify_is_events/L01-1_is_pos_conversion_vecs_3
02/09/2025 01:02:04: INFO: Found syri file exp/multiple_runs14/tmp/L01-1/is_deleted/syri/L01-1.2.syri.out
02/09/2025 01:02:04: INFO: Calculating depth...
02/09/2025 01:02:08: INFO: Depth calculation finished: exp/multiple_runs14/tmp/L01-1/bam/L01-1_genome.deleted_IS.3.prev_align.bam
02/09/2025 01:02:09: INFO: Finished calculating depth interval from exp/multiple_runs14/tmp/L01-1/bam/L01-1_genome.deleted_IS.3.prev_align.bam. Saved to exp/multiple_runs14/export/classify_IS_events/L01-1/L01-1_genome.3.depth_interval.csv
02/09/2025 01:08:21: INFO: Start analyzing using SyRI_IS output
02/09/2025 01:08:21: INFO: CMD: ../src/SyRI_IS/classify_IS_events.py --prefix L01-1 --out exp/multiple_runs14/export/classify_IS_events --log exp/multiple_runs14/log --input exp/multiple_runs14/tmp/L01-1 --calc_depth_interval --rid 1 --qid 2
02/09/2025 01:08:21: INFO: blastn -task blastn -query exp/multiple_runs14/tmp/L01-1/L01-1_genome.2.ISflank.fasta -evalue 1e-40 -num_threads 1 -outfmt "7 sseqid qseqid qstart qend sstart send length evalue" -out exp/multiple_runs14/tmp/L01-1/L01-1-FlkinRef-blastn -db exp/multiple_runs14/tmp/L01-1/blastdb/L01-1_genome.1.fasta
02/09/2025 01:08:23: INFO: Ran Blast search to find flanking sequences in references.
02/09/2025 01:08:23: INFO: 34 out of 34 flanks aligned reference sequence well.
02/09/2025 01:08:23: INFO: GetInsertions: Detected 27 IS insertions.
02/09/2025 01:08:23: INFO: IS position conversion vectors saved to exp/multiple_runs14/tmp/L01-1/classify_is_events/L01-1_is_pos_conversion_vecs_2
02/09/2025 01:08:23: INFO: Found syri file exp/multiple_runs14/tmp/L01-1/is_deleted/syri/L01-1.1.syri.out
02/09/2025 01:08:24: INFO: Calculating depth...
02/09/2025 01:08:31: INFO: Depth calculation finished: exp/multiple_runs14/tmp/L01-1/bam/L01-1_genome.deleted_IS.2.prev_align.bam
02/09/2025 01:08:31: INFO: Finished calculating depth interval from exp/multiple_runs14/tmp/L01-1/bam/L01-1_genome.deleted_IS.2.prev_align.bam. Saved to exp/multiple_runs14/export/classify_IS_events/L01-1/L01-1_genome.2.depth_interval.csv
02/09/2025 01:08:32: INFO: Start analyzing using SyRI_IS output
02/09/2025 01:08:32: INFO: CMD: ../src/SyRI_IS/classify_IS_events.py --prefix L01-1 --out exp/multiple_runs14/export/classify_IS_events --log exp/multiple_runs14/log --input exp/multiple_runs14/tmp/L01-1 --calc_depth_interval --rid 2 --qid 3
02/09/2025 01:08:32: INFO: blastn -task blastn -query exp/multiple_runs14/tmp/L01-1/L01-1_genome.3.ISflank.fasta -evalue 1e-40 -num_threads 1 -outfmt "7 sseqid qseqid qstart qend sstart send length evalue" -out exp/multiple_runs14/tmp/L01-1/L01-1-FlkinRef-blastn -db exp/multiple_runs14/tmp/L01-1/blastdb/L01-1_genome.2.fasta
02/09/2025 01:08:34: INFO: Ran Blast search to find flanking sequences in references.
02/09/2025 01:08:34: INFO: 60 out of 60 flanks aligned reference sequence well.
02/09/2025 01:08:34: INFO: GetInsertions: Detected 51 IS insertions.
02/09/2025 01:08:34: INFO: IS position conversion vectors saved to exp/multiple_runs14/tmp/L01-1/classify_is_events/L01-1_is_pos_conversion_vecs_3
02/09/2025 01:08:34: INFO: Found syri file exp/multiple_runs14/tmp/L01-1/is_deleted/syri/L01-1.2.syri.out
02/09/2025 01:08:34: INFO: Calculating depth...
02/09/2025 01:08:39: INFO: Depth calculation finished: exp/multiple_runs14/tmp/L01-1/bam/L01-1_genome.deleted_IS.3.prev_align.bam
02/09/2025 01:08:39: INFO: Finished calculating depth interval from exp/multiple_runs14/tmp/L01-1/bam/L01-1_genome.deleted_IS.3.prev_align.bam. Saved to exp/multiple_runs14/export/classify_IS_events/L01-1/L01-1_genome.3.depth_interval.csv
02/09/2025 01:18:31: INFO: Start analyzing using SyRI_IS output
02/09/2025 01:18:31: INFO: CMD: ../src/SyRI_IS/classify_IS_events.py --prefix L01-1 --out exp/multiple_runs14/export/classify_IS_events_Anc --log exp/multiple_runs14/log --input exp/multiple_runs14/tmp/L01-1 --calc_depth_interval --rid 1 --qid 2
02/09/2025 01:18:31: INFO: blastn -task blastn -query exp/multiple_runs14/tmp/L01-1/L01-1_genome.2.ISflank.fasta -evalue 1e-40 -num_threads 1 -outfmt "7 sseqid qseqid qstart qend sstart send length evalue" -out exp/multiple_runs14/tmp/L01-1/L01-1-FlkinRef-blastn -db exp/multiple_runs14/tmp/L01-1/blastdb/L01-1_genome.1.fasta
02/09/2025 01:18:32: INFO: Ran Blast search to find flanking sequences in references.
02/09/2025 01:18:32: INFO: 34 out of 34 flanks aligned reference sequence well.
02/09/2025 01:18:32: INFO: GetInsertions: Detected 27 IS insertions.
02/09/2025 01:18:32: INFO: IS position conversion vectors saved to exp/multiple_runs14/tmp/L01-1/classify_is_events/L01-1_is_pos_conversion_vecs_2
02/09/2025 01:18:32: INFO: Found syri file exp/multiple_runs14/tmp/L01-1/is_deleted/syri/L01-1.1.syri.out
02/09/2025 01:18:32: INFO: Calculating depth...
02/09/2025 01:18:36: INFO: Depth calculation finished: exp/multiple_runs14/tmp/L01-1/bam/L01-1_genome.deleted_IS.2.prev_align.bam
02/09/2025 01:18:37: INFO: Finished calculating depth interval from exp/multiple_runs14/tmp/L01-1/bam/L01-1_genome.deleted_IS.2.prev_align.bam. Saved to exp/multiple_runs14/export/classify_IS_events_Anc/L01-1/L01-1_genome.2.depth_interval.csv
02/09/2025 01:18:40: INFO: Start analyzing using SyRI_IS output
02/09/2025 01:18:40: INFO: CMD: ../src/SyRI_IS/classify_IS_events.py --prefix L01-1 --out exp/multiple_runs14/export/classify_IS_events_Anc --log exp/multiple_runs14/log --input exp/multiple_runs14/tmp/L01-1 --calc_depth_interval --rid 1 --qid 3
02/09/2025 01:18:40: INFO: blastn -task blastn -query exp/multiple_runs14/tmp/L01-1/L01-1_genome.3.ISflank.fasta -evalue 1e-40 -num_threads 1 -outfmt "7 sseqid qseqid qstart qend sstart send length evalue" -out exp/multiple_runs14/tmp/L01-1/L01-1-FlkinRef-blastn -db exp/multiple_runs14/tmp/L01-1/blastdb/L01-1_genome.1.fasta
02/09/2025 01:18:41: INFO: Ran Blast search to find flanking sequences in references.
02/09/2025 01:18:41: INFO: 60 out of 60 flanks aligned reference sequence well.
02/09/2025 01:18:41: INFO: GetInsertions: Detected 48 IS insertions.
02/09/2025 01:18:41: INFO: IS position conversion vectors saved to exp/multiple_runs14/tmp/L01-1/classify_is_events/L01-1_is_pos_conversion_vecs_3
02/09/2025 01:18:41: INFO: Found syri file exp/multiple_runs14/tmp/L01-1/is_deleted/syri/L01-1.1_3.syri.out
02/09/2025 01:18:41: INFO: Calculating depth...
02/09/2025 01:18:46: INFO: Depth calculation finished: exp/multiple_runs14/tmp/L01-1/bam/L01-1_genome.deleted_IS.1_3.bam
02/09/2025 01:18:46: INFO: Finished calculating depth interval from exp/multiple_runs14/tmp/L01-1/bam/L01-1_genome.deleted_IS.1_3.bam. Saved to exp/multiple_runs14/export/classify_IS_events_Anc/L01-1/L01-1_genome.3.depth_interval.csv
02/09/2025 01:23:30: INFO: Start analyzing using SyRI_IS output
02/09/2025 01:23:30: INFO: CMD: ../src/SyRI_IS/classify_IS_events.py --prefix L01-1 --out exp/multiple_runs14/export/classify_IS_events_Anc --log exp/multiple_runs14/log --input exp/multiple_runs14/tmp/L01-1 --calc_depth_interval --rid 1 --qid 2
02/09/2025 01:23:30: INFO: blastn -task blastn -query exp/multiple_runs14/tmp/L01-1/L01-1_genome.2.ISflank.fasta -evalue 1e-40 -num_threads 1 -outfmt "7 sseqid qseqid qstart qend sstart send length evalue" -out exp/multiple_runs14/tmp/L01-1/L01-1-FlkinRef-blastn -db exp/multiple_runs14/tmp/L01-1/blastdb/L01-1_genome.1.fasta
02/09/2025 01:23:31: INFO: Ran Blast search to find flanking sequences in references.
02/09/2025 01:23:31: INFO: 34 out of 34 flanks aligned reference sequence well.
02/09/2025 01:23:31: INFO: GetInsertions: Detected 27 IS insertions.
02/09/2025 01:23:31: INFO: IS position conversion vectors saved to exp/multiple_runs14/tmp/L01-1/classify_is_events/L01-1_is_pos_conversion_vecs_2
02/09/2025 01:23:31: INFO: Found syri file exp/multiple_runs14/tmp/L01-1/is_deleted/syri/L01-1.1.syri.out
02/09/2025 01:23:31: INFO: Calculating depth...
02/09/2025 01:23:35: INFO: Depth calculation finished: exp/multiple_runs14/tmp/L01-1/bam/L01-1_genome.deleted_IS.2.prev_align.bam
02/09/2025 01:23:36: INFO: Finished calculating depth interval from exp/multiple_runs14/tmp/L01-1/bam/L01-1_genome.deleted_IS.2.prev_align.bam. Saved to exp/multiple_runs14/export/classify_IS_events_Anc/L01-1/L01-1_genome.2.depth_interval.csv
02/09/2025 01:23:39: INFO: Start analyzing using SyRI_IS output
02/09/2025 01:23:39: INFO: CMD: ../src/SyRI_IS/classify_IS_events.py --prefix L01-1 --out exp/multiple_runs14/export/classify_IS_events_Anc --log exp/multiple_runs14/log --input exp/multiple_runs14/tmp/L01-1 --calc_depth_interval --rid 1 --qid 3
02/09/2025 01:23:39: INFO: blastn -task blastn -query exp/multiple_runs14/tmp/L01-1/L01-1_genome.3.ISflank.fasta -evalue 1e-40 -num_threads 1 -outfmt "7 sseqid qseqid qstart qend sstart send length evalue" -out exp/multiple_runs14/tmp/L01-1/L01-1-FlkinRef-blastn -db exp/multiple_runs14/tmp/L01-1/blastdb/L01-1_genome.1.fasta
02/09/2025 01:23:40: INFO: Ran Blast search to find flanking sequences in references.
02/09/2025 01:23:40: INFO: 60 out of 60 flanks aligned reference sequence well.
02/09/2025 01:23:40: INFO: GetInsertions: Detected 48 IS insertions.
02/09/2025 01:23:40: INFO: IS position conversion vectors saved to exp/multiple_runs14/tmp/L01-1/classify_is_events/L01-1_is_pos_conversion_vecs_3
02/09/2025 01:23:40: INFO: Found syri file exp/multiple_runs14/tmp/L01-1/is_deleted/syri/L01-1.1_3.syri.out
02/09/2025 01:23:40: INFO: Calculating depth...
02/09/2025 01:23:45: INFO: Depth calculation finished: exp/multiple_runs14/tmp/L01-1/bam/L01-1_genome.deleted_IS.1_3.bam
02/09/2025 01:23:45: INFO: Finished calculating depth interval from exp/multiple_runs14/tmp/L01-1/bam/L01-1_genome.deleted_IS.1_3.bam. Saved to exp/multiple_runs14/export/classify_IS_events_Anc/L01-1/L01-1_genome.3.depth_interval.csv
02/09/2025 01:28:12: INFO: Start analyzing using SyRI_IS output
02/09/2025 01:28:12: INFO: CMD: ../src/SyRI_IS/classify_IS_events.py --prefix L01-1 --out exp/multiple_runs14/export/classify_IS_events_Anc --log exp/multiple_runs14/log --input exp/multiple_runs14/tmp/L01-1 --calc_depth_interval --rid 1 --qid 2
02/09/2025 01:28:12: INFO: blastn -task blastn -query exp/multiple_runs14/tmp/L01-1/L01-1_genome.2.ISflank.fasta -evalue 1e-40 -num_threads 1 -outfmt "7 sseqid qseqid qstart qend sstart send length evalue" -out exp/multiple_runs14/tmp/L01-1/L01-1-FlkinRef-blastn -db exp/multiple_runs14/tmp/L01-1/blastdb/L01-1_genome.1.fasta
02/09/2025 01:28:13: INFO: Ran Blast search to find flanking sequences in references.
02/09/2025 01:28:13: INFO: 34 out of 34 flanks aligned reference sequence well.
02/09/2025 01:28:13: INFO: GetInsertions: Detected 27 IS insertions.
02/09/2025 01:28:13: INFO: IS position conversion vectors saved to exp/multiple_runs14/tmp/L01-1/classify_is_events/L01-1_is_pos_conversion_vecs_2
02/09/2025 01:28:13: INFO: Found syri file exp/multiple_runs14/tmp/L01-1/is_deleted/syri/L01-1.1.syri.out
02/09/2025 01:28:13: INFO: Calculating depth...
02/09/2025 01:28:18: INFO: Depth calculation finished: exp/multiple_runs14/tmp/L01-1/bam/L01-1_genome.deleted_IS.2.prev_align.bam
02/09/2025 01:28:18: INFO: Finished calculating depth interval from exp/multiple_runs14/tmp/L01-1/bam/L01-1_genome.deleted_IS.2.prev_align.bam. Saved to exp/multiple_runs14/export/classify_IS_events_Anc/L01-1/L01-1_genome.2.depth_interval.csv
02/09/2025 01:28:21: INFO: Start analyzing using SyRI_IS output
02/09/2025 01:28:21: INFO: CMD: ../src/SyRI_IS/classify_IS_events.py --prefix L01-1 --out exp/multiple_runs14/export/classify_IS_events_Anc --log exp/multiple_runs14/log --input exp/multiple_runs14/tmp/L01-1 --calc_depth_interval --rid 1 --qid 3
02/09/2025 01:28:21: INFO: blastn -task blastn -query exp/multiple_runs14/tmp/L01-1/L01-1_genome.3.ISflank.fasta -evalue 1e-40 -num_threads 1 -outfmt "7 sseqid qseqid qstart qend sstart send length evalue" -out exp/multiple_runs14/tmp/L01-1/L01-1-FlkinRef-blastn -db exp/multiple_runs14/tmp/L01-1/blastdb/L01-1_genome.1.fasta
02/09/2025 01:28:22: INFO: Ran Blast search to find flanking sequences in references.
02/09/2025 01:28:22: INFO: 60 out of 60 flanks aligned reference sequence well.
02/09/2025 01:28:22: INFO: GetInsertions: Detected 48 IS insertions.
02/09/2025 01:28:22: INFO: IS position conversion vectors saved to exp/multiple_runs14/tmp/L01-1/classify_is_events/L01-1_is_pos_conversion_vecs_3
02/09/2025 01:28:22: INFO: Found syri file exp/multiple_runs14/tmp/L01-1/is_deleted/syri/L01-1.1_3.syri.out
02/09/2025 01:28:23: INFO: Calculating depth...
02/09/2025 01:28:27: INFO: Depth calculation finished: exp/multiple_runs14/tmp/L01-1/bam/L01-1_genome.deleted_IS.1_3.bam
02/09/2025 01:28:27: INFO: Finished calculating depth interval from exp/multiple_runs14/tmp/L01-1/bam/L01-1_genome.deleted_IS.1_3.bam. Saved to exp/multiple_runs14/export/classify_IS_events_Anc/L01-1/L01-1_genome.3.depth_interval.csv
02/09/2025 01:29:20: INFO: Start analyzing using SyRI_IS output
02/09/2025 01:29:20: INFO: CMD: ../src/SyRI_IS/classify_IS_events.py --prefix L01-1 --out exp/multiple_runs14/export/classify_IS_events_Anc --log exp/multiple_runs14/log --input exp/multiple_runs14/tmp/L01-1 --calc_depth_interval --rid 1 --qid 2
02/09/2025 01:29:20: INFO: blastn -task blastn -query exp/multiple_runs14/tmp/L01-1/L01-1_genome.2.ISflank.fasta -evalue 1e-40 -num_threads 1 -outfmt "7 sseqid qseqid qstart qend sstart send length evalue" -out exp/multiple_runs14/tmp/L01-1/L01-1-FlkinRef-blastn -db exp/multiple_runs14/tmp/L01-1/blastdb/L01-1_genome.1.fasta
02/09/2025 01:29:21: INFO: Ran Blast search to find flanking sequences in references.
02/09/2025 01:29:21: INFO: 34 out of 34 flanks aligned reference sequence well.
02/09/2025 01:29:21: INFO: GetInsertions: Detected 27 IS insertions.
02/09/2025 01:29:21: INFO: IS position conversion vectors saved to exp/multiple_runs14/tmp/L01-1/classify_is_events/L01-1_is_pos_conversion_vecs_2
02/09/2025 01:29:21: INFO: Found syri file exp/multiple_runs14/tmp/L01-1/is_deleted/syri/L01-1.1.syri.out
02/09/2025 01:29:21: INFO: Calculating depth...
02/09/2025 01:29:26: INFO: Depth calculation finished: exp/multiple_runs14/tmp/L01-1/bam/L01-1_genome.deleted_IS.2.prev_align.bam
02/09/2025 01:29:26: INFO: Finished calculating depth interval from exp/multiple_runs14/tmp/L01-1/bam/L01-1_genome.deleted_IS.2.prev_align.bam. Saved to exp/multiple_runs14/export/classify_IS_events_Anc/L01-1/L01-1_genome.2.depth_interval.csv
02/09/2025 01:29:29: INFO: Start analyzing using SyRI_IS output
02/09/2025 01:29:29: INFO: CMD: ../src/SyRI_IS/classify_IS_events.py --prefix L01-1 --out exp/multiple_runs14/export/classify_IS_events_Anc --log exp/multiple_runs14/log --input exp/multiple_runs14/tmp/L01-1 --calc_depth_interval --rid 1 --qid 3
02/09/2025 01:29:29: INFO: blastn -task blastn -query exp/multiple_runs14/tmp/L01-1/L01-1_genome.3.ISflank.fasta -evalue 1e-40 -num_threads 1 -outfmt "7 sseqid qseqid qstart qend sstart send length evalue" -out exp/multiple_runs14/tmp/L01-1/L01-1-FlkinRef-blastn -db exp/multiple_runs14/tmp/L01-1/blastdb/L01-1_genome.1.fasta
02/09/2025 01:29:30: INFO: Ran Blast search to find flanking sequences in references.
02/09/2025 01:29:30: INFO: 60 out of 60 flanks aligned reference sequence well.
02/09/2025 01:29:30: INFO: GetInsertions: Detected 48 IS insertions.
02/09/2025 01:29:30: INFO: IS position conversion vectors saved to exp/multiple_runs14/tmp/L01-1/classify_is_events/L01-1_is_pos_conversion_vecs_3
02/09/2025 01:29:30: INFO: Found syri file exp/multiple_runs14/tmp/L01-1/is_deleted/syri/L01-1.1_3.syri.out
02/09/2025 01:29:31: INFO: Calculating depth...
02/09/2025 01:29:35: INFO: Depth calculation finished: exp/multiple_runs14/tmp/L01-1/bam/L01-1_genome.deleted_IS.1_3.bam
02/09/2025 01:29:35: INFO: Finished calculating depth interval from exp/multiple_runs14/tmp/L01-1/bam/L01-1_genome.deleted_IS.1_3.bam. Saved to exp/multiple_runs14/export/classify_IS_events_Anc/L01-1/L01-1_genome.3.depth_interval.csv
02/09/2025 01:33:17: INFO: Start analyzing using SyRI_IS output
02/09/2025 01:33:17: INFO: CMD: ../src/SyRI_IS/classify_IS_events.py --prefix L01-1 --out exp/multiple_runs14/export/classify_IS_events_Anc --log exp/multiple_runs14/log --input exp/multiple_runs14/tmp/L01-1 --calc_depth_interval --rid 1 --qid 2
02/09/2025 01:33:17: INFO: blastn -task blastn -query exp/multiple_runs14/tmp/L01-1/L01-1_genome.2.ISflank.fasta -evalue 1e-40 -num_threads 1 -outfmt "7 sseqid qseqid qstart qend sstart send length evalue" -out exp/multiple_runs14/tmp/L01-1/L01-1-FlkinRef-blastn -db exp/multiple_runs14/tmp/L01-1/blastdb/L01-1_genome.1.fasta
02/09/2025 01:33:18: INFO: Ran Blast search to find flanking sequences in references.
02/09/2025 01:33:18: INFO: 34 out of 34 flanks aligned reference sequence well.
02/09/2025 01:33:18: INFO: GetInsertions: Detected 27 IS insertions.
02/09/2025 01:33:18: INFO: IS position conversion vectors saved to exp/multiple_runs14/tmp/L01-1/classify_is_events/L01-1_is_pos_conversion_vecs_2
02/09/2025 01:33:18: INFO: Found syri file exp/multiple_runs14/tmp/L01-1/is_deleted/syri/L01-1.1.syri.out
02/09/2025 01:33:18: INFO: Calculating depth...
02/09/2025 01:33:23: INFO: Depth calculation finished: exp/multiple_runs14/tmp/L01-1/bam/L01-1_genome.deleted_IS.2.prev_align.bam
02/09/2025 01:33:23: INFO: Finished calculating depth interval from exp/multiple_runs14/tmp/L01-1/bam/L01-1_genome.deleted_IS.2.prev_align.bam. Saved to exp/multiple_runs14/export/classify_IS_events_Anc/L01-1/L01-1_genome.2.depth_interval.csv
02/09/2025 01:36:43: INFO: Start analyzing using SyRI_IS output
02/09/2025 01:36:43: INFO: CMD: ../src/SyRI_IS/classify_IS_events.py --prefix L01-1 --out exp/multiple_runs14/export/classify_IS_events_Anc --log exp/multiple_runs14/log --input exp/multiple_runs14/tmp/L01-1 --calc_depth_interval --rid 1 --qid 2
02/09/2025 01:36:43: INFO: blastn -task blastn -query exp/multiple_runs14/tmp/L01-1/L01-1_genome.2.ISflank.fasta -evalue 1e-40 -num_threads 1 -outfmt "7 sseqid qseqid qstart qend sstart send length evalue" -out exp/multiple_runs14/tmp/L01-1/L01-1-FlkinRef-blastn -db exp/multiple_runs14/tmp/L01-1/blastdb/L01-1_genome.1.fasta
02/09/2025 01:36:43: INFO: Ran Blast search to find flanking sequences in references.
02/09/2025 01:36:43: INFO: 34 out of 34 flanks aligned reference sequence well.
02/09/2025 01:36:43: INFO: GetInsertions: Detected 27 IS insertions.
02/09/2025 01:36:43: INFO: IS position conversion vectors saved to exp/multiple_runs14/tmp/L01-1/classify_is_events/L01-1_is_pos_conversion_vecs_2
02/09/2025 01:36:43: INFO: Found syri file exp/multiple_runs14/tmp/L01-1/is_deleted/syri/L01-1.1.syri.out
02/09/2025 01:36:44: INFO: Calculating depth...
02/09/2025 01:36:48: INFO: Depth calculation finished: exp/multiple_runs14/tmp/L01-1/bam/L01-1_genome.deleted_IS.2.prev_align.bam
02/09/2025 01:36:48: INFO: Finished calculating depth interval from exp/multiple_runs14/tmp/L01-1/bam/L01-1_genome.deleted_IS.2.prev_align.bam. Saved to exp/multiple_runs14/export/classify_IS_events_Anc/L01-1/L01-1_genome.2.depth_interval.csv
02/09/2025 01:36:51: INFO: Start analyzing using SyRI_IS output
02/09/2025 01:36:51: INFO: CMD: ../src/SyRI_IS/classify_IS_events.py --prefix L01-1 --out exp/multiple_runs14/export/classify_IS_events_Anc --log exp/multiple_runs14/log --input exp/multiple_runs14/tmp/L01-1 --calc_depth_interval --rid 1 --qid 3
02/09/2025 01:36:51: INFO: blastn -task blastn -query exp/multiple_runs14/tmp/L01-1/L01-1_genome.3.ISflank.fasta -evalue 1e-40 -num_threads 1 -outfmt "7 sseqid qseqid qstart qend sstart send length evalue" -out exp/multiple_runs14/tmp/L01-1/L01-1-FlkinRef-blastn -db exp/multiple_runs14/tmp/L01-1/blastdb/L01-1_genome.1.fasta
02/09/2025 01:36:52: INFO: Ran Blast search to find flanking sequences in references.
02/09/2025 01:36:52: INFO: 60 out of 60 flanks aligned reference sequence well.
02/09/2025 01:36:52: INFO: GetInsertions: Detected 48 IS insertions.
02/09/2025 01:36:53: INFO: IS position conversion vectors saved to exp/multiple_runs14/tmp/L01-1/classify_is_events/L01-1_is_pos_conversion_vecs_3
02/09/2025 01:36:53: INFO: Found syri file exp/multiple_runs14/tmp/L01-1/is_deleted/syri/L01-1.1_3.syri.out
02/09/2025 01:36:53: INFO: Calculating depth...
02/09/2025 01:36:57: INFO: Depth calculation finished: exp/multiple_runs14/tmp/L01-1/bam/L01-1_genome.deleted_IS.1_3.bam
02/09/2025 01:36:57: INFO: Finished calculating depth interval from exp/multiple_runs14/tmp/L01-1/bam/L01-1_genome.deleted_IS.1_3.bam. Saved to exp/multiple_runs14/export/classify_IS_events_Anc/L01-1/L01-1_genome.3.depth_interval.csv
02/09/2025 01:39:02: INFO: Start analyzing using SyRI_IS output
02/09/2025 01:39:02: INFO: CMD: ../src/SyRI_IS/classify_IS_events.py --prefix L01-1 --out exp/multiple_runs14/export/classify_IS_events_Anc --log exp/multiple_runs14/log --input exp/multiple_runs14/tmp/L01-1 --calc_depth_interval --rid 1 --qid 2
02/09/2025 01:39:02: INFO: blastn -task blastn -query exp/multiple_runs14/tmp/L01-1/L01-1_genome.2.ISflank.fasta -evalue 1e-40 -num_threads 1 -outfmt "7 sseqid qseqid qstart qend sstart send length evalue" -out exp/multiple_runs14/tmp/L01-1/L01-1-FlkinRef-blastn -db exp/multiple_runs14/tmp/L01-1/blastdb/L01-1_genome.1.fasta
02/09/2025 01:39:03: INFO: Ran Blast search to find flanking sequences in references.
02/09/2025 01:39:03: INFO: 34 out of 34 flanks aligned reference sequence well.
02/09/2025 01:39:03: INFO: GetInsertions: Detected 27 IS insertions.
02/09/2025 01:39:03: INFO: IS position conversion vectors saved to exp/multiple_runs14/tmp/L01-1/classify_is_events/L01-1_is_pos_conversion_vecs_2
02/09/2025 01:39:03: INFO: Found syri file exp/multiple_runs14/tmp/L01-1/is_deleted/syri/L01-1.1.syri.out
02/09/2025 01:39:04: INFO: Calculating depth...
02/09/2025 01:39:08: INFO: Depth calculation finished: exp/multiple_runs14/tmp/L01-1/bam/L01-1_genome.deleted_IS.2.prev_align.bam
02/09/2025 01:39:08: INFO: Finished calculating depth interval from exp/multiple_runs14/tmp/L01-1/bam/L01-1_genome.deleted_IS.2.prev_align.bam. Saved to exp/multiple_runs14/export/classify_IS_events_Anc/L01-1/L01-1_genome.2.depth_interval.csv
02/09/2025 01:40:25: INFO: Start analyzing using SyRI_IS output
02/09/2025 01:40:25: INFO: CMD: ../src/SyRI_IS/classify_IS_events.py --prefix L01-1 --out exp/multiple_runs14/export/classify_IS_events_Anc --log exp/multiple_runs14/log --input exp/multiple_runs14/tmp/L01-1 --calc_depth_interval --rid 1 --qid 2
02/09/2025 01:40:25: INFO: blastn -task blastn -query exp/multiple_runs14/tmp/L01-1/L01-1_genome.2.ISflank.fasta -evalue 1e-40 -num_threads 1 -outfmt "7 sseqid qseqid qstart qend sstart send length evalue" -out exp/multiple_runs14/tmp/L01-1/L01-1-FlkinRef-blastn -db exp/multiple_runs14/tmp/L01-1/blastdb/L01-1_genome.1.fasta
02/09/2025 01:40:25: INFO: Ran Blast search to find flanking sequences in references.
02/09/2025 01:40:25: INFO: 34 out of 34 flanks aligned reference sequence well.
02/09/2025 01:40:25: INFO: GetInsertions: Detected 27 IS insertions.
02/09/2025 01:40:26: INFO: IS position conversion vectors saved to exp/multiple_runs14/tmp/L01-1/classify_is_events/L01-1_is_pos_conversion_vecs_2
02/09/2025 01:40:26: INFO: Found syri file exp/multiple_runs14/tmp/L01-1/is_deleted/syri/L01-1.1.syri.out
02/09/2025 01:40:26: INFO: Calculating depth...
02/09/2025 01:40:30: INFO: Depth calculation finished: exp/multiple_runs14/tmp/L01-1/bam/L01-1_genome.deleted_IS.2.prev_align.bam
02/09/2025 01:40:30: INFO: Finished calculating depth interval from exp/multiple_runs14/tmp/L01-1/bam/L01-1_genome.deleted_IS.2.prev_align.bam. Saved to exp/multiple_runs14/export/classify_IS_events_Anc/L01-1/L01-1_genome.2.depth_interval.csv
02/09/2025 01:40:33: INFO: Start analyzing using SyRI_IS output
02/09/2025 01:40:33: INFO: CMD: ../src/SyRI_IS/classify_IS_events.py --prefix L01-1 --out exp/multiple_runs14/export/classify_IS_events_Anc --log exp/multiple_runs14/log --input exp/multiple_runs14/tmp/L01-1 --calc_depth_interval --rid 1 --qid 3
02/09/2025 01:40:33: INFO: blastn -task blastn -query exp/multiple_runs14/tmp/L01-1/L01-1_genome.3.ISflank.fasta -evalue 1e-40 -num_threads 1 -outfmt "7 sseqid qseqid qstart qend sstart send length evalue" -out exp/multiple_runs14/tmp/L01-1/L01-1-FlkinRef-blastn -db exp/multiple_runs14/tmp/L01-1/blastdb/L01-1_genome.1.fasta
02/09/2025 01:40:35: INFO: Ran Blast search to find flanking sequences in references.
02/09/2025 01:40:35: INFO: 60 out of 60 flanks aligned reference sequence well.
02/09/2025 01:40:35: INFO: GetInsertions: Detected 48 IS insertions.
02/09/2025 01:40:35: INFO: IS position conversion vectors saved to exp/multiple_runs14/tmp/L01-1/classify_is_events/L01-1_is_pos_conversion_vecs_3
02/09/2025 01:40:35: INFO: Found syri file exp/multiple_runs14/tmp/L01-1/is_deleted/syri/L01-1.1_3.syri.out
02/09/2025 01:40:35: INFO: Calculating depth...
02/09/2025 01:40:39: INFO: Depth calculation finished: exp/multiple_runs14/tmp/L01-1/bam/L01-1_genome.deleted_IS.1_3.bam
02/09/2025 01:40:39: INFO: Finished calculating depth interval from exp/multiple_runs14/tmp/L01-1/bam/L01-1_genome.deleted_IS.1_3.bam. Saved to exp/multiple_runs14/export/classify_IS_events_Anc/L01-1/L01-1_genome.3.depth_interval.csv
02/09/2025 02:03:05: INFO: Start analyzing using SyRI_IS output
02/09/2025 02:03:05: INFO: CMD: ../src/SyRI_IS/classify_IS_events.py --prefix L01-1 --out exp/multiple_runs14/export/classify_IS_events_MDS --log exp/multiple_runs14/log --input exp/multiple_runs14/tmp/L01-1 --calc_depth_interval --rid 0 --qid 1
02/09/2025 02:03:05: INFO: blastn -task blastn -query exp/multiple_runs14/tmp/L01-1/L01-1_genome.1.ISflank.fasta -evalue 1e-40 -num_threads 1 -outfmt "7 sseqid qseqid qstart qend sstart send length evalue" -out exp/multiple_runs14/tmp/L01-1/L01-1-FlkinRef-blastn -db exp/multiple_runs14/tmp/L01-1/blastdb/L01-1_genome.0.fasta
02/09/2025 02:03:05: INFO: Ran Blast search to find flanking sequences in references.
02/09/2025 02:03:05: INFO: 20 out of 20 flanks aligned reference sequence well.
02/09/2025 02:03:05: INFO: GetInsertions: Detected 14 IS insertions.
02/09/2025 02:03:06: INFO: IS position conversion vectors saved to exp/multiple_runs14/tmp/L01-1/classify_is_events/L01-1_is_pos_conversion_vecs_1
02/09/2025 02:03:06: INFO: Found syri file exp/multiple_runs14/tmp/L01-1/is_deleted/syri/L01-1.0.syri.out
02/09/2025 02:03:06: INFO: Calculating depth...
02/09/2025 02:03:10: INFO: Depth calculation finished: exp/multiple_runs14/tmp/L01-1/bam/L01-1_genome.deleted_IS.1.prev_align.bam
02/09/2025 02:03:11: INFO: Finished calculating depth interval from exp/multiple_runs14/tmp/L01-1/bam/L01-1_genome.deleted_IS.1.prev_align.bam. Saved to exp/multiple_runs14/export/classify_IS_events_MDS/L01-1/L01-1_genome.1.depth_interval.csv
02/09/2025 02:03:13: INFO: Start analyzing using SyRI_IS output
02/09/2025 02:03:13: INFO: CMD: ../src/SyRI_IS/classify_IS_events.py --prefix L01-1 --out exp/multiple_runs14/export/classify_IS_events_MDS --log exp/multiple_runs14/log --input exp/multiple_runs14/tmp/L01-1 --calc_depth_interval --rid 0 --qid 2
02/09/2025 02:03:13: INFO: blastn -task blastn -query exp/multiple_runs14/tmp/L01-1/L01-1_genome.2.ISflank.fasta -evalue 1e-40 -num_threads 1 -outfmt "7 sseqid qseqid qstart qend sstart send length evalue" -out exp/multiple_runs14/tmp/L01-1/L01-1-FlkinRef-blastn -db exp/multiple_runs14/tmp/L01-1/blastdb/L01-1_genome.0.fasta
02/09/2025 02:03:14: INFO: Ran Blast search to find flanking sequences in references.
02/09/2025 02:03:14: INFO: 34 out of 34 flanks aligned reference sequence well.
02/09/2025 02:03:14: INFO: GetInsertions: Detected 22 IS insertions.
02/09/2025 02:03:14: INFO: IS position conversion vectors saved to exp/multiple_runs14/tmp/L01-1/classify_is_events/L01-1_is_pos_conversion_vecs_2
02/09/2025 02:03:14: INFO: Found syri file exp/multiple_runs14/tmp/L01-1/is_deleted/syri/L01-1.0_2.syri.out
02/09/2025 02:03:14: INFO: Calculating depth...
02/09/2025 02:03:18: INFO: Depth calculation finished: exp/multiple_runs14/tmp/L01-1/bam/L01-1_genome.deleted_IS.0_2.bam
02/09/2025 02:03:19: INFO: Finished calculating depth interval from exp/multiple_runs14/tmp/L01-1/bam/L01-1_genome.deleted_IS.0_2.bam. Saved to exp/multiple_runs14/export/classify_IS_events_MDS/L01-1/L01-1_genome.2.depth_interval.csv
02/09/2025 02:03:21: INFO: Start analyzing using SyRI_IS output
02/09/2025 02:03:21: INFO: CMD: ../src/SyRI_IS/classify_IS_events.py --prefix L01-1 --out exp/multiple_runs14/export/classify_IS_events_MDS --log exp/multiple_runs14/log --input exp/multiple_runs14/tmp/L01-1 --calc_depth_interval --rid 0 --qid 3
02/09/2025 02:03:22: INFO: blastn -task blastn -query exp/multiple_runs14/tmp/L01-1/L01-1_genome.3.ISflank.fasta -evalue 1e-40 -num_threads 1 -outfmt "7 sseqid qseqid qstart qend sstart send length evalue" -out exp/multiple_runs14/tmp/L01-1/L01-1-FlkinRef-blastn -db exp/multiple_runs14/tmp/L01-1/blastdb/L01-1_genome.0.fasta
02/09/2025 02:03:22: INFO: Ran Blast search to find flanking sequences in references.
02/09/2025 02:03:22: INFO: 60 out of 60 flanks aligned reference sequence well.
02/09/2025 02:03:22: INFO: GetInsertions: Detected 44 IS insertions.
02/09/2025 02:03:22: INFO: IS position conversion vectors saved to exp/multiple_runs14/tmp/L01-1/classify_is_events/L01-1_is_pos_conversion_vecs_3
02/09/2025 02:03:22: INFO: Found syri file exp/multiple_runs14/tmp/L01-1/is_deleted/syri/L01-1.0_3.syri.out
02/09/2025 02:03:22: INFO: Calculating depth...
02/09/2025 02:03:27: INFO: Depth calculation finished: exp/multiple_runs14/tmp/L01-1/bam/L01-1_genome.deleted_IS.0_3.bam
02/09/2025 02:03:27: INFO: Finished calculating depth interval from exp/multiple_runs14/tmp/L01-1/bam/L01-1_genome.deleted_IS.0_3.bam. Saved to exp/multiple_runs14/export/classify_IS_events_MDS/L01-1/L01-1_genome.3.depth_interval.csv
02/09/2025 14:44:15: INFO: Start analyzing using SyRI_IS output
02/09/2025 14:44:15: INFO: CMD: ../src/SyRI_IS/classify_IS_events.py --prefix L01-1 --out exp/multiple_runs14/export/classify_IS_events --log exp/multiple_runs14/log --input exp/multiple_runs14/tmp/L01-1 --calc_depth_interval --rid 1 --qid 2
02/09/2025 14:44:15: INFO: blastn -task blastn -query exp/multiple_runs14/tmp/L01-1/L01-1_genome.2.ISflank.fasta -evalue 1e-40 -num_threads 1 -outfmt "7 sseqid qseqid qstart qend sstart send length evalue" -out exp/multiple_runs14/tmp/L01-1/L01-1-FlkinRef-blastn -db exp/multiple_runs14/tmp/L01-1/blastdb/L01-1_genome.1.fasta
02/09/2025 14:44:16: INFO: Ran Blast search to find flanking sequences in references.
02/09/2025 14:44:16: INFO: 34 out of 34 flanks aligned reference sequence well.
02/09/2025 14:44:16: INFO: GetInsertions: Detected 27 IS insertions.
02/09/2025 14:44:16: INFO: IS position conversion vectors saved to exp/multiple_runs14/tmp/L01-1/classify_is_events/L01-1_is_pos_conversion_vecs_2
02/09/2025 14:44:16: INFO: Found syri file exp/multiple_runs14/tmp/L01-1/is_deleted/syri/L01-1.1.syri.out
02/09/2025 14:44:16: INFO: Calculating depth...
02/09/2025 14:44:21: INFO: Depth calculation finished: exp/multiple_runs14/tmp/L01-1/bam/L01-1_genome.deleted_IS.2.prev_align.bam
02/09/2025 14:44:21: INFO: Finished calculating depth interval from exp/multiple_runs14/tmp/L01-1/bam/L01-1_genome.deleted_IS.2.prev_align.bam. Saved to exp/multiple_runs14/export/classify_IS_events/L01-1/L01-1_genome.2.depth_interval.csv
02/09/2025 14:44:22: INFO: Start analyzing using SyRI_IS output
02/09/2025 14:44:22: INFO: CMD: ../src/SyRI_IS/classify_IS_events.py --prefix L01-1 --out exp/multiple_runs14/export/classify_IS_events --log exp/multiple_runs14/log --input exp/multiple_runs14/tmp/L01-1 --calc_depth_interval --rid 2 --qid 3
02/09/2025 14:44:22: INFO: blastn -task blastn -query exp/multiple_runs14/tmp/L01-1/L01-1_genome.3.ISflank.fasta -evalue 1e-40 -num_threads 1 -outfmt "7 sseqid qseqid qstart qend sstart send length evalue" -out exp/multiple_runs14/tmp/L01-1/L01-1-FlkinRef-blastn -db exp/multiple_runs14/tmp/L01-1/blastdb/L01-1_genome.2.fasta
02/09/2025 14:44:23: INFO: Ran Blast search to find flanking sequences in references.
02/09/2025 14:44:23: INFO: 60 out of 60 flanks aligned reference sequence well.
02/09/2025 14:44:23: INFO: GetInsertions: Detected 51 IS insertions.
02/09/2025 14:44:23: INFO: IS position conversion vectors saved to exp/multiple_runs14/tmp/L01-1/classify_is_events/L01-1_is_pos_conversion_vecs_3
02/09/2025 14:44:24: INFO: Found syri file exp/multiple_runs14/tmp/L01-1/is_deleted/syri/L01-1.2.syri.out
02/09/2025 14:44:24: INFO: Calculating depth...
02/09/2025 14:44:28: INFO: Depth calculation finished: exp/multiple_runs14/tmp/L01-1/bam/L01-1_genome.deleted_IS.3.prev_align.bam
02/09/2025 14:44:28: INFO: Finished calculating depth interval from exp/multiple_runs14/tmp/L01-1/bam/L01-1_genome.deleted_IS.3.prev_align.bam. Saved to exp/multiple_runs14/export/classify_IS_events/L01-1/L01-1_genome.3.depth_interval.csv
02/09/2025 14:55:51: INFO: Start analyzing using SyRI_IS output
02/09/2025 14:55:51: INFO: CMD: ../src/SyRI_IS/classify_IS_events.py --prefix L01-1 --out exp/multiple_runs14/export/classify_IS_events_Anc --log exp/multiple_runs14/log --input exp/multiple_runs14/tmp/L01-1 --calc_depth_interval --rid 1 --qid 2
02/09/2025 14:55:51: INFO: blastn -task blastn -query exp/multiple_runs14/tmp/L01-1/L01-1_genome.2.ISflank.fasta -evalue 1e-40 -num_threads 1 -outfmt "7 sseqid qseqid qstart qend sstart send length evalue" -out exp/multiple_runs14/tmp/L01-1/L01-1-FlkinRef-blastn -db exp/multiple_runs14/tmp/L01-1/blastdb/L01-1_genome.1.fasta
02/09/2025 14:55:52: INFO: Ran Blast search to find flanking sequences in references.
02/09/2025 14:55:52: INFO: 34 out of 34 flanks aligned reference sequence well.
02/09/2025 14:55:52: INFO: GetInsertions: Detected 27 IS insertions.
02/09/2025 14:55:52: INFO: IS position conversion vectors saved to exp/multiple_runs14/tmp/L01-1/classify_is_events/L01-1_is_pos_conversion_vecs_2
02/09/2025 14:55:52: INFO: Found syri file exp/multiple_runs14/tmp/L01-1/is_deleted/syri/L01-1.1.syri.out
02/09/2025 14:55:52: INFO: Calculating depth...
02/09/2025 14:55:56: INFO: Depth calculation finished: exp/multiple_runs14/tmp/L01-1/bam/L01-1_genome.deleted_IS.2.prev_align.bam
02/09/2025 14:55:56: INFO: Finished calculating depth interval from exp/multiple_runs14/tmp/L01-1/bam/L01-1_genome.deleted_IS.2.prev_align.bam. Saved to exp/multiple_runs14/export/classify_IS_events_Anc/L01-1/L01-1_genome.2.depth_interval.csv
02/09/2025 14:55:59: INFO: Start analyzing using SyRI_IS output
02/09/2025 14:55:59: INFO: CMD: ../src/SyRI_IS/classify_IS_events.py --prefix L01-1 --out exp/multiple_runs14/export/classify_IS_events_Anc --log exp/multiple_runs14/log --input exp/multiple_runs14/tmp/L01-1 --calc_depth_interval --rid 1 --qid 3
02/09/2025 14:55:59: INFO: blastn -task blastn -query exp/multiple_runs14/tmp/L01-1/L01-1_genome.3.ISflank.fasta -evalue 1e-40 -num_threads 1 -outfmt "7 sseqid qseqid qstart qend sstart send length evalue" -out exp/multiple_runs14/tmp/L01-1/L01-1-FlkinRef-blastn -db exp/multiple_runs14/tmp/L01-1/blastdb/L01-1_genome.1.fasta
02/09/2025 14:56:00: INFO: Ran Blast search to find flanking sequences in references.
02/09/2025 14:56:00: INFO: 60 out of 60 flanks aligned reference sequence well.
02/09/2025 14:56:00: INFO: GetInsertions: Detected 48 IS insertions.
02/09/2025 14:56:01: INFO: IS position conversion vectors saved to exp/multiple_runs14/tmp/L01-1/classify_is_events/L01-1_is_pos_conversion_vecs_3
02/09/2025 14:56:01: INFO: Found syri file exp/multiple_runs14/tmp/L01-1/is_deleted/syri/L01-1.1_3.syri.out
02/09/2025 14:56:01: INFO: Calculating depth...
02/09/2025 14:56:05: INFO: Depth calculation finished: exp/multiple_runs14/tmp/L01-1/bam/L01-1_genome.deleted_IS.1_3.bam
02/09/2025 14:56:05: INFO: Finished calculating depth interval from exp/multiple_runs14/tmp/L01-1/bam/L01-1_genome.deleted_IS.1_3.bam. Saved to exp/multiple_runs14/export/classify_IS_events_Anc/L01-1/L01-1_genome.3.depth_interval.csv
02/09/2025 15:08:45: INFO: Start analyzing using SyRI_IS output
02/09/2025 15:08:45: INFO: CMD: ../src/SyRI_IS/classify_IS_events.py --prefix L01-1 --out exp/multiple_runs14/export/classify_IS_events_MDS --log exp/multiple_runs14/log --input exp/multiple_runs14/tmp/L01-1 --calc_depth_interval --rid 0 --qid 1
02/09/2025 15:08:45: INFO: blastn -task blastn -query exp/multiple_runs14/tmp/L01-1/L01-1_genome.1.ISflank.fasta -evalue 1e-40 -num_threads 1 -outfmt "7 sseqid qseqid qstart qend sstart send length evalue" -out exp/multiple_runs14/tmp/L01-1/L01-1-FlkinRef-blastn -db exp/multiple_runs14/tmp/L01-1/blastdb/L01-1_genome.0.fasta
02/09/2025 15:08:45: INFO: Ran Blast search to find flanking sequences in references.
02/09/2025 15:08:45: INFO: 20 out of 20 flanks aligned reference sequence well.
02/09/2025 15:08:45: INFO: GetInsertions: Detected 14 IS insertions.
02/09/2025 15:08:45: INFO: IS position conversion vectors saved to exp/multiple_runs14/tmp/L01-1/classify_is_events/L01-1_is_pos_conversion_vecs_1
02/09/2025 15:08:45: INFO: Found syri file exp/multiple_runs14/tmp/L01-1/is_deleted/syri/L01-1.0.syri.out
02/09/2025 15:08:45: INFO: Calculating depth...
02/09/2025 15:08:50: INFO: Depth calculation finished: exp/multiple_runs14/tmp/L01-1/bam/L01-1_genome.deleted_IS.1.prev_align.bam
02/09/2025 15:08:50: INFO: Finished calculating depth interval from exp/multiple_runs14/tmp/L01-1/bam/L01-1_genome.deleted_IS.1.prev_align.bam. Saved to exp/multiple_runs14/export/classify_IS_events_MDS/L01-1/L01-1_genome.1.depth_interval.csv
02/09/2025 15:08:53: INFO: Start analyzing using SyRI_IS output
02/09/2025 15:08:53: INFO: CMD: ../src/SyRI_IS/classify_IS_events.py --prefix L01-1 --out exp/multiple_runs14/export/classify_IS_events_MDS --log exp/multiple_runs14/log --input exp/multiple_runs14/tmp/L01-1 --calc_depth_interval --rid 0 --qid 2
02/09/2025 15:08:53: INFO: blastn -task blastn -query exp/multiple_runs14/tmp/L01-1/L01-1_genome.2.ISflank.fasta -evalue 1e-40 -num_threads 1 -outfmt "7 sseqid qseqid qstart qend sstart send length evalue" -out exp/multiple_runs14/tmp/L01-1/L01-1-FlkinRef-blastn -db exp/multiple_runs14/tmp/L01-1/blastdb/L01-1_genome.0.fasta
02/09/2025 15:08:53: INFO: Ran Blast search to find flanking sequences in references.
02/09/2025 15:08:53: INFO: 34 out of 34 flanks aligned reference sequence well.
02/09/2025 15:08:53: INFO: GetInsertions: Detected 22 IS insertions.
02/09/2025 15:08:53: INFO: IS position conversion vectors saved to exp/multiple_runs14/tmp/L01-1/classify_is_events/L01-1_is_pos_conversion_vecs_2
02/09/2025 15:08:53: INFO: Found syri file exp/multiple_runs14/tmp/L01-1/is_deleted/syri/L01-1.0_2.syri.out
02/09/2025 15:08:53: INFO: Calculating depth...
02/09/2025 15:08:57: INFO: Depth calculation finished: exp/multiple_runs14/tmp/L01-1/bam/L01-1_genome.deleted_IS.0_2.bam
02/09/2025 15:08:57: INFO: Finished calculating depth interval from exp/multiple_runs14/tmp/L01-1/bam/L01-1_genome.deleted_IS.0_2.bam. Saved to exp/multiple_runs14/export/classify_IS_events_MDS/L01-1/L01-1_genome.2.depth_interval.csv
02/09/2025 15:09:00: INFO: Start analyzing using SyRI_IS output
02/09/2025 15:09:00: INFO: CMD: ../src/SyRI_IS/classify_IS_events.py --prefix L01-1 --out exp/multiple_runs14/export/classify_IS_events_MDS --log exp/multiple_runs14/log --input exp/multiple_runs14/tmp/L01-1 --calc_depth_interval --rid 0 --qid 3
02/09/2025 15:09:00: INFO: blastn -task blastn -query exp/multiple_runs14/tmp/L01-1/L01-1_genome.3.ISflank.fasta -evalue 1e-40 -num_threads 1 -outfmt "7 sseqid qseqid qstart qend sstart send length evalue" -out exp/multiple_runs14/tmp/L01-1/L01-1-FlkinRef-blastn -db exp/multiple_runs14/tmp/L01-1/blastdb/L01-1_genome.0.fasta
02/09/2025 15:09:01: INFO: Ran Blast search to find flanking sequences in references.
02/09/2025 15:09:01: INFO: 60 out of 60 flanks aligned reference sequence well.
02/09/2025 15:09:01: INFO: GetInsertions: Detected 44 IS insertions.
02/09/2025 15:09:01: INFO: IS position conversion vectors saved to exp/multiple_runs14/tmp/L01-1/classify_is_events/L01-1_is_pos_conversion_vecs_3
02/09/2025 15:09:01: INFO: Found syri file exp/multiple_runs14/tmp/L01-1/is_deleted/syri/L01-1.0_3.syri.out
02/09/2025 15:09:01: INFO: Calculating depth...
02/09/2025 15:09:05: INFO: Depth calculation finished: exp/multiple_runs14/tmp/L01-1/bam/L01-1_genome.deleted_IS.0_3.bam
02/09/2025 15:09:05: INFO: Finished calculating depth interval from exp/multiple_runs14/tmp/L01-1/bam/L01-1_genome.deleted_IS.0_3.bam. Saved to exp/multiple_runs14/export/classify_IS_events_MDS/L01-1/L01-1_genome.3.depth_interval.csv
02/15/2025 21:05:16: INFO: Start analyzing using SyRI_IS output
02/15/2025 21:05:16: INFO: CMD: ../src/SyRI_IS/classify_IS_events.py --prefix L01-1 --out exp/multiple_runs14/export/classify_IS_events --log exp/multiple_runs14/log --input exp/multiple_runs14/tmp/L01-1 --calc_depth_interval --rid 1 --qid 2
02/15/2025 21:05:16: INFO: blastn -task blastn -query exp/multiple_runs14/tmp/L01-1/L01-1_genome.2.ISflank.fasta -evalue 1e-40 -num_threads 1 -outfmt "7 sseqid qseqid qstart qend sstart send length evalue" -out exp/multiple_runs14/tmp/L01-1/L01-1-FlkinRef-blastn -db exp/multiple_runs14/tmp/L01-1/blastdb/L01-1_genome.1.fasta
02/15/2025 21:05:17: INFO: Ran Blast search to find flanking sequences in references.
02/15/2025 21:05:17: INFO: 34 out of 34 flanks aligned reference sequence well.
02/15/2025 21:05:17: INFO: GetInsertions: Detected 27 IS insertions.
02/15/2025 21:05:17: INFO: IS position conversion vectors saved to exp/multiple_runs14/tmp/L01-1/classify_is_events/L01-1_is_pos_conversion_vecs_2
02/15/2025 21:05:17: INFO: Found syri file exp/multiple_runs14/tmp/L01-1/is_deleted/syri/L01-1.1.syri.out
02/15/2025 21:05:17: INFO: Calculating depth...
02/15/2025 21:05:22: INFO: Depth calculation finished: exp/multiple_runs14/tmp/L01-1/bam/L01-1_genome.deleted_IS.2.prev_align.bam
02/15/2025 21:05:22: INFO: Finished calculating depth interval from exp/multiple_runs14/tmp/L01-1/bam/L01-1_genome.deleted_IS.2.prev_align.bam. Saved to exp/multiple_runs14/export/classify_IS_events/L01-1/L01-1_genome.2.depth_interval.csv
02/15/2025 21:05:23: INFO: Start analyzing using SyRI_IS output
02/15/2025 21:05:23: INFO: CMD: ../src/SyRI_IS/classify_IS_events.py --prefix L01-1 --out exp/multiple_runs14/export/classify_IS_events --log exp/multiple_runs14/log --input exp/multiple_runs14/tmp/L01-1 --calc_depth_interval --rid 2 --qid 3
02/15/2025 21:05:23: INFO: blastn -task blastn -query exp/multiple_runs14/tmp/L01-1/L01-1_genome.3.ISflank.fasta -evalue 1e-40 -num_threads 1 -outfmt "7 sseqid qseqid qstart qend sstart send length evalue" -out exp/multiple_runs14/tmp/L01-1/L01-1-FlkinRef-blastn -db exp/multiple_runs14/tmp/L01-1/blastdb/L01-1_genome.2.fasta
02/15/2025 21:05:25: INFO: Ran Blast search to find flanking sequences in references.
02/15/2025 21:05:25: INFO: 60 out of 60 flanks aligned reference sequence well.
02/15/2025 21:05:25: INFO: GetInsertions: Detected 51 IS insertions.
02/15/2025 21:05:25: INFO: IS position conversion vectors saved to exp/multiple_runs14/tmp/L01-1/classify_is_events/L01-1_is_pos_conversion_vecs_3
02/15/2025 21:05:25: INFO: Found syri file exp/multiple_runs14/tmp/L01-1/is_deleted/syri/L01-1.2.syri.out
02/15/2025 21:05:25: INFO: Calculating depth...
02/15/2025 21:05:30: INFO: Depth calculation finished: exp/multiple_runs14/tmp/L01-1/bam/L01-1_genome.deleted_IS.3.prev_align.bam
02/15/2025 21:05:30: INFO: Finished calculating depth interval from exp/multiple_runs14/tmp/L01-1/bam/L01-1_genome.deleted_IS.3.prev_align.bam. Saved to exp/multiple_runs14/export/classify_IS_events/L01-1/L01-1_genome.3.depth_interval.csv
02/15/2025 21:15:36: INFO: Start analyzing using SyRI_IS output
02/15/2025 21:15:36: INFO: CMD: ../src/SyRI_IS/classify_IS_events.py --prefix L01-1 --out exp/multiple_runs14/export/classify_IS_events_Anc --log exp/multiple_runs14/log --input exp/multiple_runs14/tmp/L01-1 --calc_depth_interval --rid 1 --qid 2
02/15/2025 21:15:36: INFO: blastn -task blastn -query exp/multiple_runs14/tmp/L01-1/L01-1_genome.2.ISflank.fasta -evalue 1e-40 -num_threads 1 -outfmt "7 sseqid qseqid qstart qend sstart send length evalue" -out exp/multiple_runs14/tmp/L01-1/L01-1-FlkinRef-blastn -db exp/multiple_runs14/tmp/L01-1/blastdb/L01-1_genome.1.fasta
02/15/2025 21:15:37: INFO: Ran Blast search to find flanking sequences in references.
02/15/2025 21:15:37: INFO: 34 out of 34 flanks aligned reference sequence well.
02/15/2025 21:15:37: INFO: GetInsertions: Detected 27 IS insertions.
02/15/2025 21:15:37: INFO: IS position conversion vectors saved to exp/multiple_runs14/tmp/L01-1/classify_is_events/L01-1_is_pos_conversion_vecs_2
02/15/2025 21:15:37: INFO: Found syri file exp/multiple_runs14/tmp/L01-1/is_deleted/syri/L01-1.1.syri.out
02/15/2025 21:15:37: INFO: Calculating depth...
02/15/2025 21:15:42: INFO: Depth calculation finished: exp/multiple_runs14/tmp/L01-1/bam/L01-1_genome.deleted_IS.2.prev_align.bam
02/15/2025 21:15:42: INFO: Finished calculating depth interval from exp/multiple_runs14/tmp/L01-1/bam/L01-1_genome.deleted_IS.2.prev_align.bam. Saved to exp/multiple_runs14/export/classify_IS_events_Anc/L01-1/L01-1_genome.2.depth_interval.csv
02/15/2025 21:15:45: INFO: Start analyzing using SyRI_IS output
02/15/2025 21:15:45: INFO: CMD: ../src/SyRI_IS/classify_IS_events.py --prefix L01-1 --out exp/multiple_runs14/export/classify_IS_events_Anc --log exp/multiple_runs14/log --input exp/multiple_runs14/tmp/L01-1 --calc_depth_interval --rid 1 --qid 3
02/15/2025 21:15:45: INFO: blastn -task blastn -query exp/multiple_runs14/tmp/L01-1/L01-1_genome.3.ISflank.fasta -evalue 1e-40 -num_threads 1 -outfmt "7 sseqid qseqid qstart qend sstart send length evalue" -out exp/multiple_runs14/tmp/L01-1/L01-1-FlkinRef-blastn -db exp/multiple_runs14/tmp/L01-1/blastdb/L01-1_genome.1.fasta
02/15/2025 21:15:46: INFO: Ran Blast search to find flanking sequences in references.
02/15/2025 21:15:46: INFO: 60 out of 60 flanks aligned reference sequence well.
02/15/2025 21:15:46: INFO: GetInsertions: Detected 48 IS insertions.
02/15/2025 21:15:47: INFO: IS position conversion vectors saved to exp/multiple_runs14/tmp/L01-1/classify_is_events/L01-1_is_pos_conversion_vecs_3
02/15/2025 21:15:47: INFO: Found syri file exp/multiple_runs14/tmp/L01-1/is_deleted/syri/L01-1.1_3.syri.out
02/15/2025 21:15:47: INFO: Calculating depth...
02/15/2025 21:15:51: INFO: Depth calculation finished: exp/multiple_runs14/tmp/L01-1/bam/L01-1_genome.deleted_IS.1_3.bam
02/15/2025 21:15:51: INFO: Finished calculating depth interval from exp/multiple_runs14/tmp/L01-1/bam/L01-1_genome.deleted_IS.1_3.bam. Saved to exp/multiple_runs14/export/classify_IS_events_Anc/L01-1/L01-1_genome.3.depth_interval.csv
02/15/2025 21:29:33: INFO: Start analyzing using SyRI_IS output
02/15/2025 21:29:33: INFO: CMD: ../src/SyRI_IS/classify_IS_events.py --prefix L01-1 --out exp/multiple_runs14/export/classify_IS_events_MDS --log exp/multiple_runs14/log --input exp/multiple_runs14/tmp/L01-1 --calc_depth_interval --rid 0 --qid 1
02/15/2025 21:29:33: INFO: blastn -task blastn -query exp/multiple_runs14/tmp/L01-1/L01-1_genome.1.ISflank.fasta -evalue 1e-40 -num_threads 1 -outfmt "7 sseqid qseqid qstart qend sstart send length evalue" -out exp/multiple_runs14/tmp/L01-1/L01-1-FlkinRef-blastn -db exp/multiple_runs14/tmp/L01-1/blastdb/L01-1_genome.0.fasta
02/15/2025 21:29:33: INFO: Ran Blast search to find flanking sequences in references.
02/15/2025 21:29:33: INFO: 20 out of 20 flanks aligned reference sequence well.
02/15/2025 21:29:33: INFO: GetInsertions: Detected 14 IS insertions.
02/15/2025 21:29:34: INFO: IS position conversion vectors saved to exp/multiple_runs14/tmp/L01-1/classify_is_events/L01-1_is_pos_conversion_vecs_1
02/15/2025 21:29:34: INFO: Found syri file exp/multiple_runs14/tmp/L01-1/is_deleted/syri/L01-1.0.syri.out
02/15/2025 21:29:34: INFO: Calculating depth...
02/15/2025 21:29:38: INFO: Depth calculation finished: exp/multiple_runs14/tmp/L01-1/bam/L01-1_genome.deleted_IS.1.prev_align.bam
02/15/2025 21:29:38: INFO: Finished calculating depth interval from exp/multiple_runs14/tmp/L01-1/bam/L01-1_genome.deleted_IS.1.prev_align.bam. Saved to exp/multiple_runs14/export/classify_IS_events_MDS/L01-1/L01-1_genome.1.depth_interval.csv
02/15/2025 21:29:41: INFO: Start analyzing using SyRI_IS output
02/15/2025 21:29:41: INFO: CMD: ../src/SyRI_IS/classify_IS_events.py --prefix L01-1 --out exp/multiple_runs14/export/classify_IS_events_MDS --log exp/multiple_runs14/log --input exp/multiple_runs14/tmp/L01-1 --calc_depth_interval --rid 0 --qid 2
02/15/2025 21:29:42: INFO: blastn -task blastn -query exp/multiple_runs14/tmp/L01-1/L01-1_genome.2.ISflank.fasta -evalue 1e-40 -num_threads 1 -outfmt "7 sseqid qseqid qstart qend sstart send length evalue" -out exp/multiple_runs14/tmp/L01-1/L01-1-FlkinRef-blastn -db exp/multiple_runs14/tmp/L01-1/blastdb/L01-1_genome.0.fasta
02/15/2025 21:29:42: INFO: Ran Blast search to find flanking sequences in references.
02/15/2025 21:29:42: INFO: 34 out of 34 flanks aligned reference sequence well.
02/15/2025 21:29:42: INFO: GetInsertions: Detected 22 IS insertions.
02/15/2025 21:29:42: INFO: IS position conversion vectors saved to exp/multiple_runs14/tmp/L01-1/classify_is_events/L01-1_is_pos_conversion_vecs_2
02/15/2025 21:29:42: INFO: Found syri file exp/multiple_runs14/tmp/L01-1/is_deleted/syri/L01-1.0_2.syri.out
02/15/2025 21:29:42: INFO: Calculating depth...
02/15/2025 21:29:47: INFO: Depth calculation finished: exp/multiple_runs14/tmp/L01-1/bam/L01-1_genome.deleted_IS.0_2.bam
02/15/2025 21:29:47: INFO: Finished calculating depth interval from exp/multiple_runs14/tmp/L01-1/bam/L01-1_genome.deleted_IS.0_2.bam. Saved to exp/multiple_runs14/export/classify_IS_events_MDS/L01-1/L01-1_genome.2.depth_interval.csv
02/15/2025 21:29:50: INFO: Start analyzing using SyRI_IS output
02/15/2025 21:29:50: INFO: CMD: ../src/SyRI_IS/classify_IS_events.py --prefix L01-1 --out exp/multiple_runs14/export/classify_IS_events_MDS --log exp/multiple_runs14/log --input exp/multiple_runs14/tmp/L01-1 --calc_depth_interval --rid 0 --qid 3
02/15/2025 21:29:50: INFO: blastn -task blastn -query exp/multiple_runs14/tmp/L01-1/L01-1_genome.3.ISflank.fasta -evalue 1e-40 -num_threads 1 -outfmt "7 sseqid qseqid qstart qend sstart send length evalue" -out exp/multiple_runs14/tmp/L01-1/L01-1-FlkinRef-blastn -db exp/multiple_runs14/tmp/L01-1/blastdb/L01-1_genome.0.fasta
02/15/2025 21:29:50: INFO: Ran Blast search to find flanking sequences in references.
02/15/2025 21:29:50: INFO: 60 out of 60 flanks aligned reference sequence well.
02/15/2025 21:29:50: INFO: GetInsertions: Detected 44 IS insertions.
02/15/2025 21:29:50: INFO: IS position conversion vectors saved to exp/multiple_runs14/tmp/L01-1/classify_is_events/L01-1_is_pos_conversion_vecs_3
02/15/2025 21:29:50: INFO: Found syri file exp/multiple_runs14/tmp/L01-1/is_deleted/syri/L01-1.0_3.syri.out
02/15/2025 21:29:51: INFO: Calculating depth...
02/15/2025 21:29:55: INFO: Depth calculation finished: exp/multiple_runs14/tmp/L01-1/bam/L01-1_genome.deleted_IS.0_3.bam
02/15/2025 21:29:55: INFO: Finished calculating depth interval from exp/multiple_runs14/tmp/L01-1/bam/L01-1_genome.deleted_IS.0_3.bam. Saved to exp/multiple_runs14/export/classify_IS_events_MDS/L01-1/L01-1_genome.3.depth_interval.csv
