contig_1	1	1	-	-	-	-	-	NOTAL1	-	NOTAL	-
contig_1	2	1187830	-	-	contig_1	1	1185970	SYN1	-	SYN	-
contig_1	2	552530	-	-	contig_1	1	552515	SYNAL1	SYN1	SYNAL	-
contig_1	2951	2951	C	CT	contig_1	2950	2951	INS5	SYN1	INS	-
contig_1	5811	5812	AG	A	contig_1	5811	5811	DEL6	SYN1	DEL	-
contig_1	16729	16730	AG	A	contig_1	16728	16728	DEL7	SYN1	DEL	-
contig_1	21316	21317	AT	A	contig_1	21314	21314	DEL8	SYN1	DEL	-
contig_1	24725	24726	GT	G	contig_1	24722	24722	DEL9	SYN1	DEL	-
contig_1	54142	54143	CT	C	contig_1	54138	54138	DEL10	SYN1	DEL	-
contig_1	56933	56933	T	TCC	contig_1	56928	56930	INS11	SYN1	INS	-
contig_1	63233	63233	C	CT	contig_1	63230	63231	INS12	SYN1	INS	-
contig_1	63620	63621	CA	C	contig_1	63618	63618	DEL13	SYN1	DEL	-
contig_1	76957	76958	GC	G	contig_1	76954	76954	DEL14	SYN1	DEL	-
contig_1	110450	110451	AG	A	contig_1	110446	110446	DEL15	SYN1	DEL	-
contig_1	124096	124097	GA	G	contig_1	124091	124091	DEL16	SYN1	DEL	-
contig_1	132525	132526	AC	A	contig_1	132519	132519	DEL17	SYN1	DEL	-
contig_1	170147	170147	G	A	contig_1	170140	170140	SNP18	SYN1	SNP	-
contig_1	181595	181596	AG	A	contig_1	181588	181588	DEL19	SYN1	DEL	-
contig_1	184174	184175	GA	G	contig_1	184166	184166	DEL20	SYN1	DEL	-
contig_1	232530	232530	C	CA	contig_1	232521	232522	INS21	SYN1	INS	-
contig_1	241575	241575	A	AG	contig_1	241567	241568	INS22	SYN1	INS	-
contig_1	262425	262425	T	C	contig_1	262418	262418	SNP23	SYN1	SNP	-
contig_1	262426	262426	C	T	contig_1	262419	262419	SNP24	SYN1	SNP	-
contig_1	263873	263873	T	TG	contig_1	263866	263867	INS25	SYN1	INS	-
contig_1	295165	295166	TA	T	contig_1	295159	295159	DEL26	SYN1	DEL	-
contig_1	306203	306204	CT	C	contig_1	306196	306196	DEL27	SYN1	DEL	-
contig_1	315985	315986	GC	G	contig_1	315977	315977	DEL28	SYN1	DEL	-
contig_1	316783	316783	G	GA	contig_1	316774	316775	INS29	SYN1	INS	-
contig_1	318568	318568	C	CG	contig_1	318560	318561	INS30	SYN1	INS	-
contig_1	318577	318578	CT	C	contig_1	318570	318570	DEL31	SYN1	DEL	-
contig_1	320756	320757	CT	C	contig_1	320748	320748	DEL32	SYN1	DEL	-
contig_1	324462	324463	AG	A	contig_1	324453	324453	DEL33	SYN1	DEL	-
contig_1	325210	325211	GA	G	contig_1	325200	325200	DEL34	SYN1	DEL	-
contig_1	325386	325386	A	G	contig_1	325375	325375	SNP35	SYN1	SNP	-
contig_1	325735	325736	TC	T	contig_1	325724	325724	DEL36	SYN1	DEL	-
contig_1	326482	326483	TC	T	contig_1	326470	326470	DEL37	SYN1	DEL	-
contig_1	326545	326546	GA	G	contig_1	326532	326532	DEL38	SYN1	DEL	-
contig_1	327140	327140	C	CG	contig_1	327126	327127	INS39	SYN1	INS	-
contig_1	337015	337016	GT	G	contig_1	337002	337002	DEL40	SYN1	DEL	-
contig_1	348980	348980	T	TA	contig_1	348966	348967	INS41	SYN1	INS	-
contig_1	349532	349532	C	T	contig_1	349519	349519	SNP42	SYN1	SNP	-
contig_1	352911	352911	G	A	contig_1	352898	352898	SNP43	SYN1	SNP	-
contig_1	356398	356398	T	TA	contig_1	356385	356386	INS44	SYN1	INS	-
contig_1	357176	357176	A	AAG	contig_1	357164	357166	INS45	SYN1	INS	-
contig_1	357500	357500	A	G	contig_1	357490	357490	SNP46	SYN1	SNP	-
contig_1	357502	357502	A	AG	contig_1	357492	357493	INS47	SYN1	INS	-
contig_1	370591	370591	A	AT	contig_1	370582	370583	INS48	SYN1	INS	-
contig_1	373707	373708	AT	A	contig_1	373699	373699	DEL49	SYN1	DEL	-
contig_1	377970	377970	G	A	contig_1	377961	377961	SNP50	SYN1	SNP	-
contig_1	389199	389200	GC	G	contig_1	389190	389190	DEL51	SYN1	DEL	-
contig_1	404655	404656	GA	G	contig_1	404645	404645	DEL52	SYN1	DEL	-
contig_1	412251	412252	CA	C	contig_1	412240	412240	DEL53	SYN1	DEL	-
contig_1	426634	426635	CA	C	contig_1	426622	426622	DEL54	SYN1	DEL	-
contig_1	427206	427207	CT	C	contig_1	427193	427193	DEL55	SYN1	DEL	-
contig_1	435582	435583	GA	G	contig_1	435568	435568	DEL56	SYN1	DEL	-
contig_1	444710	444710	T	C	contig_1	444695	444695	SNP57	SYN1	SNP	-
contig_1	444711	444711	C	T	contig_1	444696	444696	SNP58	SYN1	SNP	-
contig_1	460065	460066	GA	G	contig_1	460050	460050	DEL59	SYN1	DEL	-
contig_1	464558	464558	G	GA	contig_1	464542	464543	INS60	SYN1	INS	-
contig_1	493123	493123	C	CG	contig_1	493107	493108	INS61	SYN1	INS	-
contig_1	521363	521363	G	GA	contig_1	521348	521349	INS62	SYN1	INS	-
contig_1	525387	525388	CG	C	contig_1	525373	525373	DEL63	SYN1	DEL	-
contig_1	541971	541971	A	AG	contig_1	541956	541957	INS64	SYN1	INS	-
contig_1	549657	549658	CA	C	contig_1	549643	549643	DEL65	SYN1	DEL	-
contig_1	552530	560570	-	-	contig_1	552515	552515	DEL1	SYN1	DEL	-
contig_1	560571	1187830	-	-	contig_1	552515	1185970	SYNAL2	SYN1	SYNAL	-
contig_1	561272	561272	T	TA	contig_1	556309	556310	INS66	SYN1	INS	-
contig_1	592103	592104	AG	A	contig_1	587141	587141	DEL67	SYN1	DEL	-
contig_1	595110	595110	T	TC	contig_1	590147	590148	INS68	SYN1	INS	-
contig_1	616210	616210	A	AG	contig_1	611248	611249	INS69	SYN1	INS	-
contig_1	627730	627730	C	CT	contig_1	622769	622770	INS70	SYN1	INS	-
contig_1	637319	637320	TA	T	contig_1	632359	632359	DEL71	SYN1	DEL	-
contig_1	652955	652955	A	AG	contig_1	647994	647995	INS72	SYN1	INS	-
contig_1	664472	664472	C	CT	contig_1	659512	659513	INS73	SYN1	INS	-
contig_1	672051	672052	AT	A	contig_1	667092	667092	DEL74	SYN1	DEL	-
contig_1	681421	681422	TC	T	contig_1	676461	676461	DEL75	SYN1	DEL	-
contig_1	692313	692314	CA	C	contig_1	687352	687352	DEL76	SYN1	DEL	-
contig_1	699835	699836	GT	G	contig_1	694873	694873	DEL77	SYN1	DEL	-
contig_1	703728	703728	C	CT	contig_1	698765	698766	INS78	SYN1	INS	-
contig_1	706870	706870	C	CT	contig_1	701908	701909	INS79	SYN1	INS	-
contig_1	711460	711460	C	CGCGTTTTT	contig_1	706499	706507	INS80	SYN1	INS	-
contig_1	715010	715010	A	AC	contig_1	713149	713150	INS81	SYN1	INS	-
contig_1	724118	724119	GC	G	contig_1	722258	722258	DEL82	SYN1	DEL	-
contig_1	729793	729795	GTT	G	contig_1	727932	727932	DEL83	SYN1	DEL	-
contig_1	777409	777410	CT	C	contig_1	775546	775546	DEL84	SYN1	DEL	-
contig_1	786838	786839	CA	C	contig_1	784974	784974	DEL85	SYN1	DEL	-
contig_1	795594	795594	G	GA	contig_1	793729	793730	INS86	SYN1	INS	-
contig_1	831470	831470	G	GA	contig_1	829606	829607	INS87	SYN1	INS	-
contig_1	849892	849893	GA	G	contig_1	848029	848029	DEL88	SYN1	DEL	-
contig_1	852278	852278	A	AC	contig_1	850414	850415	INS89	SYN1	INS	-
contig_1	853623	853624	TC	T	contig_1	851760	851760	DEL90	SYN1	DEL	-
contig_1	853680	853680	C	CA	contig_1	851816	851817	INS91	SYN1	INS	-
contig_1	853903	853903	T	TC	contig_1	852040	852041	INS92	SYN1	INS	-
contig_1	854303	854304	CA	C	contig_1	852441	852441	DEL93	SYN1	DEL	-
contig_1	854810	854811	CA	C	contig_1	852947	852947	DEL94	SYN1	DEL	-
contig_1	863961	863961	G	GA	contig_1	862097	862098	INS95	SYN1	INS	-
contig_1	867000	867001	CA	C	contig_1	865137	865137	DEL96	SYN1	DEL	-
contig_1	868516	868517	GA	G	contig_1	866652	866652	DEL97	SYN1	DEL	-
contig_1	869628	869629	CT	C	contig_1	867763	867763	DEL98	SYN1	DEL	-
contig_1	875921	875921	A	AT	contig_1	874055	874056	INS99	SYN1	INS	-
contig_1	887893	887893	G	GA	contig_1	886028	886029	INS100	SYN1	INS	-
contig_1	890323	890324	TC	T	contig_1	888459	888459	DEL101	SYN1	DEL	-
contig_1	894306	894306	A	G	contig_1	892441	892441	SNP102	SYN1	SNP	-
contig_1	908143	908144	GA	G	contig_1	906278	906278	DEL103	SYN1	DEL	-
contig_1	920218	920218	G	T	contig_1	918352	918352	SNP104	SYN1	SNP	-
contig_1	920344	920344	G	A	contig_1	918478	918478	SNP105	SYN1	SNP	-
contig_1	920686	920686	T	C	contig_1	918820	918820	SNP106	SYN1	SNP	-
contig_1	920696	920696	A	T	contig_1	918830	918830	SNP107	SYN1	SNP	-
contig_1	921050	921050	G	A	contig_1	919184	919184	SNP108	SYN1	SNP	-
contig_1	921125	921125	T	A	contig_1	919259	919259	SNP109	SYN1	SNP	-
contig_1	921126	921126	G	T	contig_1	919260	919260	SNP110	SYN1	SNP	-
contig_1	921177	921177	C	T	contig_1	919311	919311	SNP111	SYN1	SNP	-
contig_1	938699	938699	G	GA	contig_1	936833	936834	INS112	SYN1	INS	-
contig_1	945934	945934	C	CT	contig_1	944069	944070	INS113	SYN1	INS	-
contig_1	946849	946849	G	GA	contig_1	944985	944986	INS114	SYN1	INS	-
contig_1	969826	969826	G	GC	contig_1	967963	967964	INS115	SYN1	INS	-
contig_1	970825	970826	CT	C	contig_1	968963	968963	DEL116	SYN1	DEL	-
contig_1	982011	982011	C	CT	contig_1	980148	980149	INS117	SYN1	INS	-
contig_1	1028591	1028591	C	CAA	contig_1	1026729	1026731	INS118	SYN1	INS	-
contig_1	1032376	1032376	A	AG	contig_1	1030516	1030517	INS119	SYN1	INS	-
contig_1	1041639	1041640	AG	A	contig_1	1039780	1039780	DEL120	SYN1	DEL	-
contig_1	1075259	1075259	A	AG	contig_1	1073399	1073400	INS121	SYN1	INS	-
contig_1	1087107	1087107	G	GA	contig_1	1085248	1085249	INS122	SYN1	INS	-
contig_1	1114024	1114025	AT	A	contig_1	1112166	1112166	DEL123	SYN1	DEL	-
contig_1	1125654	1125654	A	AG	contig_1	1123795	1123796	INS124	SYN1	INS	-
contig_1	1139782	1139783	CT	C	contig_1	1137924	1137924	DEL125	SYN1	DEL	-
contig_1	1154339	1154340	AG	A	contig_1	1152480	1152480	DEL126	SYN1	DEL	-
contig_1	1192503	1192505	-	-	-	-	-	NOTAL2	-	NOTAL	-
contig_1	1192506	1205564	-	-	contig_1	1190643	1203703	INV3	-	INV	-
contig_1	1192506	1205564	-	-	contig_1	1203703	1190643	INVAL6	INV3	INVAL	-
contig_1	1199554	1199554	G	A	contig_1	1196655	1196655	SNP127	INV3	SNP	-
contig_1	1203584	1203584	T	TC	contig_1	1192624	1192625	INS128	INV3	INS	-
contig_1	1205188	1205188	C	CA	contig_1	1191019	1191020	INS129	INV3	INS	-
contig_1	1205556	4003851	-	-	contig_1	1206801	4051418	SYN2	-	SYN	-
contig_1	1205556	1991112	-	-	contig_1	1206801	1996990	SYNAL3	SYN2	SYNAL	-
contig_1	1207221	1207221	A	G	contig_1	1208466	1208466	SNP130	SYN2	SNP	-
contig_1	1208585	1208585	G	GC	contig_1	1209830	1209831	INS131	SYN2	INS	-
contig_1	1220955	1220956	GA	G	contig_1	1222201	1222201	DEL132	SYN2	DEL	-
contig_1	1260287	1260287	G	GT	contig_1	1261532	1261533	INS133	SYN2	INS	-
contig_1	1266776	1266776	C	CT	contig_1	1268022	1268023	INS134	SYN2	INS	-
contig_1	1269398	1269398	C	CT	contig_1	1270645	1270646	INS135	SYN2	INS	-
contig_1	1287166	1287166	A	AG	contig_1	1288414	1288415	INS136	SYN2	INS	-
contig_1	1287718	1287719	GT	G	contig_1	1288967	1288967	DEL137	SYN2	DEL	-
contig_1	1291779	1291779	C	CG	contig_1	1293027	1293028	INS138	SYN2	INS	-
contig_1	1303054	1303055	AT	A	contig_1	1304303	1304303	DEL139	SYN2	DEL	-
contig_1	1324208	1324208	A	G	contig_1	1325456	1325456	SNP140	SYN2	SNP	-
contig_1	1340412	1340412	G	GA	contig_1	1341660	1341661	INS141	SYN2	INS	-
contig_1	1341636	1341636	A	AT	contig_1	1342885	1342886	INS142	SYN2	INS	-
contig_1	1346140	1346140	G	GA	contig_1	1347390	1347391	INS143	SYN2	INS	-
contig_1	1346992	1346992	C	CA	contig_1	1348243	1348244	INS144	SYN2	INS	-
contig_1	1351797	1351797	G	GC	contig_1	1353049	1353050	INS145	SYN2	INS	-
contig_1	1353399	1353400	CT	C	contig_1	1354652	1354652	DEL146	SYN2	DEL	-
contig_1	1354154	1354154	T	TG	contig_1	1355406	1355407	INS147	SYN2	INS	-
contig_1	1355180	1355180	C	CT	contig_1	1356433	1356434	INS148	SYN2	INS	-
contig_1	1357430	1357431	GT	G	contig_1	1358684	1358684	DEL149	SYN2	DEL	-
contig_1	1360189	1360189	A	AT	contig_1	1361442	1361443	INS150	SYN2	INS	-
contig_1	1401016	1401016	C	CA	contig_1	1402270	1402271	INS151	SYN2	INS	-
contig_1	1401922	1401922	C	CT	contig_1	1403177	1403178	INS152	SYN2	INS	-
contig_1	1403740	1403740	T	TA	contig_1	1404996	1404997	INS153	SYN2	INS	-
contig_1	1403748	1403749	CT	C	contig_1	1405005	1405005	DEL154	SYN2	DEL	-
contig_1	1403891	1403892	CT	C	contig_1	1405147	1405147	DEL155	SYN2	DEL	-
contig_1	1403894	1403894	T	C	contig_1	1405149	1405149	SNP156	SYN2	SNP	-
contig_1	1411034	1411034	T	G	contig_1	1412288	1412288	SNP157	SYN2	SNP	-
contig_1	1411957	1411957	C	CT	contig_1	1413211	1413212	INS158	SYN2	INS	-
contig_1	1419574	1419575	TC	T	contig_1	1420829	1420829	DEL159	SYN2	DEL	-
contig_1	1432676	1432677	TC	T	contig_1	1433930	1433930	DEL160	SYN2	DEL	-
contig_1	1434496	1434497	GT	G	contig_1	1435749	1435749	DEL161	SYN2	DEL	-
contig_1	1442270	1442271	TC	T	contig_1	1443522	1443522	DEL162	SYN2	DEL	-
contig_1	1445115	1445115	T	TC	contig_1	1446366	1446367	INS163	SYN2	INS	-
contig_1	1446934	1446934	C	T	contig_1	1448186	1448186	SNP164	SYN2	SNP	-
contig_1	1446935	1446935	T	C	contig_1	1448187	1448187	SNP165	SYN2	SNP	-
contig_1	1449012	1449013	AT	A	contig_1	1450264	1450264	DEL166	SYN2	DEL	-
contig_1	1451240	1451241	CG	C	contig_1	1452491	1452491	DEL167	SYN2	DEL	-
contig_1	1456114	1456114	C	T	contig_1	1457364	1457364	SNP168	SYN2	SNP	-
contig_1	1456568	1456569	GT	G	contig_1	1457818	1457818	DEL169	SYN2	DEL	-
contig_1	1463034	1463035	GA	G	contig_1	1464283	1464283	DEL170	SYN2	DEL	-
contig_1	1466722	1466723	CT	C	contig_1	1467970	1467970	DEL171	SYN2	DEL	-
contig_1	1466904	1466904	G	A	contig_1	1468151	1468151	SNP172	SYN2	SNP	-
contig_1	1494910	1494911	CA	C	contig_1	1496157	1496157	DEL173	SYN2	DEL	-
contig_1	1507249	1507250	CG	C	contig_1	1508494	1508494	DEL174	SYN2	DEL	-
contig_1	1509689	1509689	T	TA	contig_1	1510933	1510934	INS175	SYN2	INS	-
contig_1	1512017	1512018	GA	G	contig_1	1513262	1513262	DEL176	SYN2	DEL	-
contig_1	1534681	1534682	GA	G	contig_1	1535925	1535925	DEL177	SYN2	DEL	-
contig_1	1548089	1548089	A	AG	contig_1	1549332	1549333	INS178	SYN2	INS	-
contig_1	1556839	1556840	CA	C	contig_1	1558083	1558083	DEL179	SYN2	DEL	-
contig_1	1575361	1575362	CT	C	contig_1	1576604	1576604	DEL180	SYN2	DEL	-
contig_1	1580756	1580756	A	AG	contig_1	1581998	1581999	INS181	SYN2	INS	-
contig_1	1581089	1581089	G	GA	contig_1	1582332	1582333	INS182	SYN2	INS	-
contig_1	1607426	1607427	AG	A	contig_1	1608670	1608670	DEL183	SYN2	DEL	-
contig_1	1619001	1619001	C	CA	contig_1	1620244	1620245	INS184	SYN2	INS	-
contig_1	1619309	1619310	TC	T	contig_1	1620553	1620553	DEL185	SYN2	DEL	-
contig_1	1626850	1626851	GA	G	contig_1	1628093	1628093	DEL186	SYN2	DEL	-
contig_1	1669193	1669194	TA	T	contig_1	1670435	1670435	DEL187	SYN2	DEL	-
contig_1	1675562	1675562	T	TCAGTTTTCC	contig_1	1676803	1676812	INS188	SYN2	INS	-
contig_1	1680465	1680465	C	CA	contig_1	1684808	1684809	INS189	SYN2	INS	-
contig_1	1684588	1684588	G	A	contig_1	1688932	1688932	SNP190	SYN2	SNP	-
contig_1	1685873	1685873	T	TC	contig_1	1690217	1690218	INS191	SYN2	INS	-
contig_1	1691126	1691126	C	CT	contig_1	1695471	1695472	INS192	SYN2	INS	-
contig_1	1696489	1696490	CT	C	contig_1	1700835	1700835	DEL193	SYN2	DEL	-
contig_1	1755702	1755702	T	TC	contig_1	1760047	1760048	INS194	SYN2	INS	-
contig_1	1759253	1759253	C	CAA	contig_1	1763599	1763601	INS195	SYN2	INS	-
contig_1	1782516	1782517	GA	G	contig_1	1786864	1786864	DEL196	SYN2	DEL	-
contig_1	1805515	1805515	G	GT	contig_1	1809862	1809863	INS197	SYN2	INS	-
contig_1	1814622	1814623	GT	G	contig_1	1818970	1818970	DEL198	SYN2	DEL	-
contig_1	1863700	1863700	C	CA	contig_1	1868047	1868048	INS199	SYN2	INS	-
contig_1	1866671	1866672	TC	T	contig_1	1871019	1871019	DEL200	SYN2	DEL	-
contig_1	1867264	1867264	A	T	contig_1	1871611	1871611	SNP201	SYN2	SNP	-
contig_1	1868433	1868433	T	TG	contig_1	1872780	1872781	INS202	SYN2	INS	-
contig_1	1885120	1885120	C	T	contig_1	1889468	1889468	SNP203	SYN2	SNP	-
contig_1	1889481	1889482	AT	A	contig_1	1893829	1893829	DEL204	SYN2	DEL	-
contig_1	1891872	1891872	T	TG	contig_1	1896219	1896220	INS205	SYN2	INS	-
contig_1	1894605	1894606	AT	A	contig_1	1898953	1898953	DEL206	SYN2	DEL	-
contig_1	1894787	1894788	CA	C	contig_1	1899134	1899134	DEL207	SYN2	DEL	-
contig_1	1902099	1902100	AT	A	contig_1	1906445	1906445	DEL208	SYN2	DEL	-
contig_1	1902892	1902893	CT	C	contig_1	1907237	1907237	DEL209	SYN2	DEL	-
contig_1	1927615	1927615	T	TG	contig_1	1931959	1931960	INS210	SYN2	INS	-
contig_1	1930908	1930908	C	CT	contig_1	1935253	1935254	INS211	SYN2	INS	-
contig_1	1935863	1935863	G	GT	contig_1	1940209	1940210	INS212	SYN2	INS	-
contig_1	1940857	1940858	AG	A	contig_1	1945204	1945204	DEL213	SYN2	DEL	-
contig_1	1944489	1944489	A	AC	contig_1	1948835	1948836	INS214	SYN2	INS	-
contig_1	1952960	1952960	T	TCGGATTCAG	contig_1	1957307	1957316	INS215	SYN2	INS	-
contig_1	1952960	1991112	-	-	contig_1	1957312	2035142	CPG2	SYN2	DUP	-
contig_1	1952960	1991112	-	-	contig_1	1957312	2035142	CPG2_AL	CPG2	DUPAL	-
contig_1	1952960	2661330	-	-	contig_1	1993895	2705357	SYNAL4	SYN2	SYNAL	-
contig_1	1958258	1958258	G	GT	contig_1	1965707	1965708	INS216	SYN2	INS	-
contig_1	1960458	1960459	GA	G	contig_1	1967908	1967908	DEL217	SYN2	DEL	-
contig_1	1960458	1960459	GA	G	contig_1	2004487	2004487	DEL220	SYN2	DEL	-
contig_1	1967829	1967829	C	CT	contig_1	2011857	2011858	INS221	SYN2	INS	-
contig_1	1971284	1971285	AT	A	contig_1	1978733	1978733	DEL218	SYN2	DEL	-
contig_1	1971284	1971285	AT	A	contig_1	2015313	2015313	DEL222	SYN2	DEL	-
contig_1	1974448	1974448	C	CT	contig_1	2018476	2018477	INS223	SYN2	INS	-
contig_1	1986446	1986447	AT	A	contig_1	1993894	1993894	DEL219	SYN2	DEL	-
contig_1	1994090	1994091	AT	A	contig_1	2038119	2038119	DEL224	SYN2	DEL	-
contig_1	2033344	2033344	C	CT	contig_1	2077372	2077373	INS225	SYN2	INS	-
contig_1	2035420	2035420	G	GC	contig_1	2079449	2079450	INS226	SYN2	INS	-
contig_1	2044857	2044857	C	CG	contig_1	2088887	2088888	INS227	SYN2	INS	-
contig_1	2057289	2057290	GA	G	contig_1	2101320	2101320	DEL228	SYN2	DEL	-
contig_1	2057931	2057931	G	GT	contig_1	2101961	2101962	INS229	SYN2	INS	-
contig_1	2058717	2058717	T	C	contig_1	2102748	2102748	SNP230	SYN2	SNP	-
contig_1	2087835	2087835	C	CT	contig_1	2131866	2131867	INS231	SYN2	INS	-
contig_1	2101343	2101343	C	CA	contig_1	2145375	2145376	INS232	SYN2	INS	-
contig_1	2143141	2143142	GA	G	contig_1	2187174	2187174	DEL233	SYN2	DEL	-
contig_1	2146521	2146522	CA	C	contig_1	2190553	2190553	DEL234	SYN2	DEL	-
contig_1	2147104	2147105	GT	G	contig_1	2191135	2191135	DEL235	SYN2	DEL	-
contig_1	2172164	2172165	CT	C	contig_1	2216194	2216194	DEL236	SYN2	DEL	-
contig_1	2181177	2181178	CT	C	contig_1	2225206	2225206	DEL237	SYN2	DEL	-
contig_1	2182168	2182169	GT	G	contig_1	2226196	2226196	DEL238	SYN2	DEL	-
contig_1	2182531	2182532	TC	T	contig_1	2226558	2226558	DEL239	SYN2	DEL	-
contig_1	2188286	2188287	CT	C	contig_1	2232312	2232312	DEL240	SYN2	DEL	-
contig_1	2202739	2202739	T	TA	contig_1	2246764	2246765	INS241	SYN2	INS	-
contig_1	2202758	2202758	C	T	contig_1	2246784	2246784	SNP242	SYN2	SNP	-
contig_1	2203240	2203241	CT	C	contig_1	2247266	2247266	DEL243	SYN2	DEL	-
contig_1	2204811	2204811	C	T	contig_1	2248836	2248836	SNP244	SYN2	SNP	-
contig_1	2253145	2253145	C	CA	contig_1	2297170	2297171	INS245	SYN2	INS	-
contig_1	2253602	2253602	C	CA	contig_1	2297628	2297629	INS246	SYN2	INS	-
contig_1	2268580	2268580	T	TC	contig_1	2312607	2312608	INS247	SYN2	INS	-
contig_1	2272659	2272659	C	CT	contig_1	2316687	2316688	INS248	SYN2	INS	-
contig_1	2275467	2275467	T	TC	contig_1	2319496	2319497	INS249	SYN2	INS	-
contig_1	2277207	2277208	GA	G	contig_1	2321237	2321237	DEL250	SYN2	DEL	-
contig_1	2296010	2296011	GC	G	contig_1	2340039	2340039	DEL251	SYN2	DEL	-
contig_1	2296216	2296217	AT	A	contig_1	2340244	2340244	DEL252	SYN2	DEL	-
contig_1	2324930	2324931	GA	G	contig_1	2368957	2368957	DEL253	SYN2	DEL	-
contig_1	2326946	2326947	GT	G	contig_1	2370972	2370972	DEL254	SYN2	DEL	-
contig_1	2329211	2329211	T	TC	contig_1	2373236	2373237	INS255	SYN2	INS	-
contig_1	2333021	2333022	CT	C	contig_1	2377047	2377047	DEL256	SYN2	DEL	-
contig_1	2338584	2338584	G	GA	contig_1	2382609	2382610	INS257	SYN2	INS	-
contig_1	2338676	2338676	T	C	contig_1	2382702	2382702	SNP258	SYN2	SNP	-
contig_1	2339601	2339601	G	GC	contig_1	2383627	2383628	INS259	SYN2	INS	-
contig_1	2339603	2339603	T	A	contig_1	2383630	2383630	SNP260	SYN2	SNP	-
contig_1	2339606	2339606	C	T	contig_1	2383633	2383633	SNP261	SYN2	SNP	-
contig_1	2343497	2343498	AT	A	contig_1	2387524	2387524	DEL262	SYN2	DEL	-
contig_1	2343725	2343725	C	CA	contig_1	2387751	2387752	INS263	SYN2	INS	-
contig_1	2345590	2345590	T	G	contig_1	2389617	2389617	SNP264	SYN2	SNP	-
contig_1	2350191	2350192	CA	C	contig_1	2394218	2394218	DEL265	SYN2	DEL	-
contig_1	2350262	2350263	TG	T	contig_1	2394288	2394288	DEL266	SYN2	DEL	-
contig_1	2351943	2351943	T	C	contig_1	2395968	2395968	SNP267	SYN2	SNP	-
contig_1	2401918	2401918	A	AG	contig_1	2445943	2445944	INS268	SYN2	INS	-
contig_1	2404843	2404843	A	G	contig_1	2448869	2448869	SNP269	SYN2	SNP	-
contig_1	2406254	2406254	C	A	contig_1	2450280	2450280	SNP270	SYN2	SNP	-
contig_1	2420497	2420497	G	GC	contig_1	2464523	2464524	INS271	SYN2	INS	-
contig_1	2422118	2422119	GA	G	contig_1	2466145	2466145	DEL272	SYN2	DEL	-
contig_1	2422555	2422556	TG	T	contig_1	2466581	2466581	DEL273	SYN2	DEL	-
contig_1	2425069	2425069	T	TC	contig_1	2469094	2469095	INS274	SYN2	INS	-
contig_1	2432951	2432952	CT	C	contig_1	2476977	2476977	DEL275	SYN2	DEL	-
contig_1	2434005	2434005	C	CG	contig_1	2478030	2478031	INS276	SYN2	INS	-
contig_1	2449853	2449854	AG	A	contig_1	2493879	2493879	DEL277	SYN2	DEL	-
contig_1	2465271	2465271	T	TG	contig_1	2509296	2509297	INS278	SYN2	INS	-
contig_1	2478140	2478141	GA	G	contig_1	2522166	2522166	DEL279	SYN2	DEL	-
contig_1	2479039	2479039	G	GT	contig_1	2523064	2523065	INS280	SYN2	INS	-
contig_1	2500216	2500217	CT	C	contig_1	2544242	2544242	DEL281	SYN2	DEL	-
contig_1	2507929	2507930	TC	T	contig_1	2551954	2551954	DEL282	SYN2	DEL	-
contig_1	2540329	2540330	TC	T	contig_1	2584353	2584353	DEL283	SYN2	DEL	-
contig_1	2546751	2546751	G	GT	contig_1	2590774	2590775	INS284	SYN2	INS	-
contig_1	2555664	2555664	T	TC	contig_1	2599688	2599689	INS285	SYN2	INS	-
contig_1	2573164	2573164	A	AT	contig_1	2617189	2617190	INS286	SYN2	INS	-
contig_1	2598272	2598273	TG	T	contig_1	2642298	2642298	DEL287	SYN2	DEL	-
contig_1	2600279	2600280	GA	G	contig_1	2644304	2644304	DEL288	SYN2	DEL	-
contig_1	2631322	2631322	A	AG	contig_1	2675346	2675347	INS289	SYN2	INS	-
contig_1	2636058	2636058	G	GC	contig_1	2680083	2680084	INS290	SYN2	INS	-
contig_1	2660448	2660448	G	GC	contig_1	2704474	2704475	INS291	SYN2	INS	-
contig_1	2661330	2665538	-	-	contig_1	2705357	2705357	DEL3	SYN2	DEL	-
contig_1	2665539	4003851	-	-	contig_1	2708450	4051418	SYNAL5	SYN2	SYNAL	-
contig_1	2666627	2666628	TC	T	contig_1	2709538	2709538	DEL292	SYN2	DEL	-
contig_1	2671457	2671457	G	C	contig_1	2714367	2714367	SNP293	SYN2	SNP	-
contig_1	2674500	2674501	GA	G	contig_1	2717410	2717410	DEL294	SYN2	DEL	-
contig_1	2676217	2676217	T	TC	contig_1	2719126	2719127	INS295	SYN2	INS	-
contig_1	2685714	2685715	CA	C	contig_1	2728624	2728624	DEL296	SYN2	DEL	-
contig_1	2686488	2686489	GC	G	contig_1	2729397	2729397	DEL297	SYN2	DEL	-
contig_1	2687394	2687394	C	CA	contig_1	2730302	2730303	INS298	SYN2	INS	-
contig_1	2722368	2722369	GA	G	contig_1	2765277	2765277	DEL299	SYN2	DEL	-
contig_1	2724302	2724303	CA	C	contig_1	2767210	2767210	DEL300	SYN2	DEL	-
contig_1	2736608	2736608	A	G	contig_1	2779515	2779515	SNP301	SYN2	SNP	-
contig_1	2742153	2742154	TC	T	contig_1	2785060	2785060	DEL302	SYN2	DEL	-
contig_1	2755096	2755097	TC	T	contig_1	2798002	2798002	DEL303	SYN2	DEL	-
contig_1	2755483	2755483	T	C	contig_1	2798388	2798388	SNP304	SYN2	SNP	-
contig_1	2762162	2762163	TA	T	contig_1	2805067	2805067	DEL305	SYN2	DEL	-
contig_1	2764397	2764397	C	T	contig_1	2807301	2807301	SNP306	SYN2	SNP	-
contig_1	2777304	2777305	GA	G	contig_1	2820208	2820208	DEL307	SYN2	DEL	-
contig_1	2787861	2787861	T	TC	contig_1	2830764	2830765	INS308	SYN2	INS	-
contig_1	2797569	2797569	G	GA	contig_1	2840473	2840474	INS309	SYN2	INS	-
contig_1	2798002	2798002	T	C	contig_1	2840907	2840907	SNP310	SYN2	SNP	-
contig_1	2798098	2798098	T	C	contig_1	2841003	2841003	SNP311	SYN2	SNP	-
contig_1	2802177	2802178	GA	G	contig_1	2845082	2845082	DEL312	SYN2	DEL	-
contig_1	2806269	2806269	C	CA	contig_1	2849173	2849174	INS313	SYN2	INS	-
contig_1	2881644	2881645	AG	A	contig_1	2924549	2924549	DEL314	SYN2	DEL	-
contig_1	2886617	2886617	T	TA	contig_1	2929521	2929522	INS315	SYN2	INS	-
contig_1	2886628	2886629	AC	A	contig_1	2929533	2929533	DEL316	SYN2	DEL	-
contig_1	2898079	2898080	TC	T	contig_1	2940983	2940983	DEL317	SYN2	DEL	-
contig_1	2904487	2904487	G	GC	contig_1	2947390	2947391	INS318	SYN2	INS	-
contig_1	2920599	2920600	TC	T	contig_1	2963503	2963503	DEL319	SYN2	DEL	-
contig_1	2940968	2940969	GA	G	contig_1	2983871	2983871	DEL320	SYN2	DEL	-
contig_1	2950257	2950257	C	CT	contig_1	2993159	2993160	INS321	SYN2	INS	-
contig_1	2950591	2950591	C	CT	contig_1	2993494	2993495	INS322	SYN2	INS	-
contig_1	2950627	2950627	C	T	contig_1	2993531	2993531	SNP323	SYN2	SNP	-
contig_1	2951495	2951496	CG	C	contig_1	2994399	2994399	DEL324	SYN2	DEL	-
contig_1	2951529	2951529	T	TC	contig_1	2994432	2994433	INS325	SYN2	INS	-
contig_1	2954313	2954314	CT	C	contig_1	2997217	2997217	DEL326	SYN2	DEL	-
contig_1	2962344	2962344	C	CT	contig_1	3005247	3005248	INS327	SYN2	INS	-
contig_1	2967557	2967557	C	CA	contig_1	3010461	3010462	INS328	SYN2	INS	-
contig_1	2972396	2972397	GC	G	contig_1	3015301	3015301	DEL329	SYN2	DEL	-
contig_1	2975412	2975413	GA	G	contig_1	3018316	3018316	DEL330	SYN2	DEL	-
contig_1	2977434	2977434	G	GA	contig_1	3020337	3020338	INS331	SYN2	INS	-
contig_1	3003098	3003099	GA	G	contig_1	3046002	3046002	DEL332	SYN2	DEL	-
contig_1	3028910	3028910	G	GC	contig_1	3071813	3071814	INS333	SYN2	INS	-
contig_1	3035057	3035057	T	TC	contig_1	3077961	3077962	INS334	SYN2	INS	-
contig_1	3047354	3047355	GT	G	contig_1	3090259	3090259	DEL335	SYN2	DEL	-
contig_1	3048429	3048429	C	CG	contig_1	3091333	3091334	INS336	SYN2	INS	-
contig_1	3075123	3075123	T	TA	contig_1	3118028	3118029	INS337	SYN2	INS	-
contig_1	3076948	3076949	GA	G	contig_1	3119854	3119854	DEL338	SYN2	DEL	-
contig_1	3078869	3078870	AT	A	contig_1	3121774	3121774	DEL339	SYN2	DEL	-
contig_1	3093227	3093227	T	TG	contig_1	3136131	3136132	INS340	SYN2	INS	-
contig_1	3124560	3124561	GA	G	contig_1	3167465	3167465	DEL341	SYN2	DEL	-
contig_1	3130295	3130295	C	CT	contig_1	3173199	3173200	INS342	SYN2	INS	-
contig_1	3141230	3141230	A	AT	contig_1	3184135	3184136	INS343	SYN2	INS	-
contig_1	3145418	3145418	C	CT	contig_1	3188324	3188325	INS344	SYN2	INS	-
contig_1	3146760	3146761	AG	A	contig_1	3189667	3189667	DEL345	SYN2	DEL	-
contig_1	3148384	3148385	CG	C	contig_1	3191290	3191290	DEL346	SYN2	DEL	-
contig_1	3151412	3151412	C	CG	contig_1	3194317	3194318	INS347	SYN2	INS	-
contig_1	3162914	3162915	GA	G	contig_1	3205820	3205820	DEL348	SYN2	DEL	-
contig_1	3207850	3207850	A	AT	contig_1	3250755	3250756	INS349	SYN2	INS	-
contig_1	3214264	3214264	T	TC	contig_1	3257170	3257171	INS350	SYN2	INS	-
contig_1	3247406	3247407	GC	G	contig_1	3290313	3290313	DEL351	SYN2	DEL	-
contig_1	3249854	3249854	G	GA	contig_1	3292760	3292761	INS352	SYN2	INS	-
contig_1	3259136	3259136	T	TG	contig_1	3302043	3302044	INS353	SYN2	INS	-
contig_1	3264105	3264106	CT	C	contig_1	3307013	3307013	DEL354	SYN2	DEL	-
contig_1	3265527	3265528	AC	A	contig_1	3308434	3308434	DEL355	SYN2	DEL	-
contig_1	3274872	3274873	TA	T	contig_1	3317778	3317778	DEL356	SYN2	DEL	-
contig_1	3283868	3283868	C	CT	contig_1	3326773	3326774	INS357	SYN2	INS	-
contig_1	3290229	3290229	T	C	contig_1	3333135	3333135	SNP358	SYN2	SNP	-
contig_1	3290418	3290419	GA	G	contig_1	3333324	3333324	DEL359	SYN2	DEL	-
contig_1	3308498	3308498	A	AG	contig_1	3351403	3351404	INS360	SYN2	INS	-
contig_1	3336211	3336211	C	CCT	contig_1	3379117	3379119	INS361	SYN2	INS	-
contig_1	3350267	3350268	TC	T	contig_1	3393175	3393175	DEL362	SYN2	DEL	-
contig_1	3352132	3352133	AG	A	contig_1	3395039	3395039	DEL363	SYN2	DEL	-
contig_1	3362182	3362183	CG	C	contig_1	3405088	3405088	DEL364	SYN2	DEL	-
contig_1	3363329	3363329	C	T	contig_1	3406234	3406234	SNP365	SYN2	SNP	-
contig_1	3364403	3364403	C	T	contig_1	3407308	3407308	SNP366	SYN2	SNP	-
contig_1	3364697	3364697	T	TA	contig_1	3407602	3407603	INS367	SYN2	INS	-
contig_1	3367049	3367050	CT	C	contig_1	3409955	3409955	DEL368	SYN2	DEL	-
contig_1	3371989	3371990	CA	C	contig_1	3414894	3414894	DEL369	SYN2	DEL	-
contig_1	3382250	3382251	GT	G	contig_1	3425153	3425153	DEL370	SYN2	DEL	-
contig_1	3385080	3385080	T	TA	contig_1	3427982	3427983	INS371	SYN2	INS	-
contig_1	3385956	3385957	GA	G	contig_1	3428859	3428859	DEL372	SYN2	DEL	-
contig_1	3386106	3386107	TA	T	contig_1	3429008	3429008	DEL373	SYN2	DEL	-
contig_1	3386909	3386910	CT	C	contig_1	3429810	3429810	DEL374	SYN2	DEL	-
contig_1	3387279	3387279	C	T	contig_1	3430179	3430179	SNP375	SYN2	SNP	-
contig_1	3387341	3387341	T	TC	contig_1	3430241	3430242	INS376	SYN2	INS	-
contig_1	3387405	3387405	T	TC	contig_1	3430306	3430307	INS377	SYN2	INS	-
contig_1	3390201	3390201	G	GGC	contig_1	3433103	3433105	INS378	SYN2	INS	-
contig_1	3392463	3392463	C	CG	contig_1	3435367	3435368	INS379	SYN2	INS	-
contig_1	3393968	3393968	G	GT	contig_1	3436873	3436874	INS380	SYN2	INS	-
contig_1	3398520	3398521	GC	G	contig_1	3441426	3441426	DEL381	SYN2	DEL	-
contig_1	3399395	3399396	AT	A	contig_1	3442300	3442300	DEL382	SYN2	DEL	-
contig_1	3399799	3399799	C	CCA	contig_1	3442703	3442705	INS383	SYN2	INS	-
contig_1	3400070	3400070	G	A	contig_1	3442976	3442976	SNP384	SYN2	SNP	-
contig_1	3400071	3400072	TA	T	contig_1	3442977	3442977	DEL385	SYN2	DEL	-
contig_1	3400073	3400073	C	T	contig_1	3442978	3442978	SNP386	SYN2	SNP	-
contig_1	3401423	3401425	TAC	T	contig_1	3444328	3444328	DEL387	SYN2	DEL	-
contig_1	3401464	3401466	AGG	A	contig_1	3444367	3444367	DEL388	SYN2	DEL	-
contig_1	3401550	3401551	TA	T	contig_1	3444451	3444451	DEL389	SYN2	DEL	-
contig_1	3401599	3401600	TG	T	contig_1	3444499	3444499	DEL390	SYN2	DEL	-
contig_1	3401611	3401612	AT	A	contig_1	3444510	3444510	DEL391	SYN2	DEL	-
contig_1	3402129	3402129	C	T	contig_1	3445027	3445027	SNP392	SYN2	SNP	-
contig_1	3402358	3402358	T	TA	contig_1	3445256	3445257	INS393	SYN2	INS	-
contig_1	3402405	3402405	G	GA	contig_1	3445304	3445305	INS394	SYN2	INS	-
contig_1	3403104	3403105	GT	G	contig_1	3446004	3446004	DEL395	SYN2	DEL	-
contig_1	3403383	3403384	GT	G	contig_1	3446282	3446282	DEL396	SYN2	DEL	-
contig_1	3404019	3404020	GA	G	contig_1	3446917	3446917	DEL397	SYN2	DEL	-
contig_1	3404824	3404824	A	AC	contig_1	3447721	3447722	INS398	SYN2	INS	-
contig_1	3405925	3405925	T	TA	contig_1	3448823	3448824	INS399	SYN2	INS	-
contig_1	3405943	3405943	G	GA	contig_1	3448842	3448843	INS400	SYN2	INS	-
contig_1	3410237	3410238	TA	T	contig_1	3453137	3453137	DEL401	SYN2	DEL	-
contig_1	3445051	3445051	C	CT	contig_1	3487950	3487951	INS402	SYN2	INS	-
contig_1	3452038	3452039	GA	G	contig_1	3494938	3494938	DEL403	SYN2	DEL	-
contig_1	3454119	3454120	AT	A	contig_1	3497018	3497018	DEL404	SYN2	DEL	-
contig_1	3458320	3458321	GA	G	contig_1	3501218	3501218	DEL405	SYN2	DEL	-
contig_1	3467039	3467039	A	AC	contig_1	3509936	3509937	INS406	SYN2	INS	-
contig_1	3490639	3490639	T	TC	contig_1	3533537	3533538	INS407	SYN2	INS	-
contig_1	3496604	3496604	A	AC	contig_1	3539503	3539504	INS408	SYN2	INS	-
contig_1	3496702	3496703	CA	C	contig_1	3539602	3539602	DEL409	SYN2	DEL	-
contig_1	3496763	3496764	CT	C	contig_1	3539662	3539662	DEL410	SYN2	DEL	-
contig_1	3497225	3497225	C	CT	contig_1	3540123	3540124	INS411	SYN2	INS	-
contig_1	3506967	3506967	G	A	contig_1	3549866	3549866	SNP412	SYN2	SNP	-
contig_1	3512831	3512831	G	GA	contig_1	3555730	3555731	INS413	SYN2	INS	-
contig_1	3523841	3523841	G	GA	contig_1	3566741	3566742	INS414	SYN2	INS	-
contig_1	3525198	3525199	CT	C	contig_1	3568099	3568099	DEL415	SYN2	DEL	-
contig_1	3540367	3540368	AT	A	contig_1	3583267	3583267	DEL416	SYN2	DEL	-
contig_1	3575035	3575036	GA	G	contig_1	3617934	3617934	DEL417	SYN2	DEL	-
contig_1	3592359	3592360	CT	C	contig_1	3635257	3635257	DEL418	SYN2	DEL	-
contig_1	3683959	3683959	C	CT	contig_1	3726856	3726857	INS419	SYN2	INS	-
contig_1	3704597	3704597	C	CCACGACGCG	contig_1	3747495	3747504	INS420	SYN2	INS	-
contig_1	3714321	3714321	G	GT	contig_1	3761891	3761892	INS421	SYN2	INS	-
contig_1	3730187	3730188	CT	C	contig_1	3777758	3777758	DEL422	SYN2	DEL	-
contig_1	3746538	3746539	CT	C	contig_1	3794108	3794108	DEL423	SYN2	DEL	-
contig_1	3747396	3747396	G	GT	contig_1	3794965	3794966	INS424	SYN2	INS	-
contig_1	3768059	3768060	TC	T	contig_1	3815629	3815629	DEL425	SYN2	DEL	-
contig_1	3782624	3782624	C	CG	contig_1	3830193	3830194	INS426	SYN2	INS	-
contig_1	3792972	3792972	G	GA	contig_1	3840542	3840543	INS427	SYN2	INS	-
contig_1	3795350	3795350	C	CT	contig_1	3842921	3842922	INS428	SYN2	INS	-
contig_1	3797183	3797183	G	GC	contig_1	3844755	3844756	INS429	SYN2	INS	-
contig_1	3808280	3808280	T	G	contig_1	3855853	3855853	SNP430	SYN2	SNP	-
contig_1	3817756	3817756	A	AT	contig_1	3865329	3865330	INS431	SYN2	INS	-
contig_1	3827735	3827736	AT	A	contig_1	3875309	3875309	DEL432	SYN2	DEL	-
contig_1	3834086	3834086	G	A	contig_1	3881659	3881659	SNP433	SYN2	SNP	-
contig_1	3835257	3835258	TA	T	contig_1	3882830	3882830	DEL434	SYN2	DEL	-
contig_1	3836951	3836951	C	CG	contig_1	3884523	3884524	INS435	SYN2	INS	-
contig_1	3839262	3839263	CA	C	contig_1	3886835	3886835	DEL436	SYN2	DEL	-
contig_1	3847107	3847108	AG	A	contig_1	3894679	3894679	DEL437	SYN2	DEL	-
contig_1	3848876	3848876	T	TA	contig_1	3896447	3896448	INS438	SYN2	INS	-
contig_1	3849911	3849911	C	T	contig_1	3897483	3897483	SNP439	SYN2	SNP	-
contig_1	3853849	3853850	CT	C	contig_1	3901421	3901421	DEL440	SYN2	DEL	-
contig_1	3857868	3857869	GA	G	contig_1	3905439	3905439	DEL441	SYN2	DEL	-
contig_1	3866147	3866148	AT	A	contig_1	3913717	3913717	DEL442	SYN2	DEL	-
contig_1	3869864	3869864	A	G	contig_1	3917433	3917433	SNP443	SYN2	SNP	-
contig_1	3872873	3872873	G	GT	contig_1	3920442	3920443	INS444	SYN2	INS	-
contig_1	3873265	3873266	AC	A	contig_1	3920835	3920835	DEL445	SYN2	DEL	-
contig_1	3873780	3873781	GT	G	contig_1	3921349	3921349	DEL446	SYN2	DEL	-
contig_1	3874428	3874429	AT	A	contig_1	3921996	3921996	DEL447	SYN2	DEL	-
contig_1	3874493	3874493	A	AT	contig_1	3922060	3922061	INS448	SYN2	INS	-
contig_1	3875127	3875128	CT	C	contig_1	3922695	3922695	DEL449	SYN2	DEL	-
contig_1	3875224	3875224	A	AT	contig_1	3922791	3922792	INS450	SYN2	INS	-
contig_1	3875931	3875932	GT	G	contig_1	3923499	3923499	DEL451	SYN2	DEL	-
contig_1	3876123	3876123	T	TC	contig_1	3923690	3923691	INS452	SYN2	INS	-
contig_1	3877078	3877079	CT	C	contig_1	3924646	3924646	DEL453	SYN2	DEL	-
contig_1	3877551	3877552	TG	T	contig_1	3925118	3925118	DEL454	SYN2	DEL	-
contig_1	3877893	3877894	CT	C	contig_1	3925459	3925459	DEL455	SYN2	DEL	-
contig_1	3877951	3877952	AC	A	contig_1	3925516	3925516	DEL456	SYN2	DEL	-
contig_1	3878584	3878584	T	TC	contig_1	3926148	3926149	INS457	SYN2	INS	-
contig_1	3879143	3879144	TC	T	contig_1	3926708	3926708	DEL458	SYN2	DEL	-
contig_1	3879242	3879242	T	TCC	contig_1	3926806	3926808	INS459	SYN2	INS	-
contig_1	3879244	3879244	G	A	contig_1	3926810	3926810	SNP460	SYN2	SNP	-
contig_1	3879245	3879245	A	G	contig_1	3926811	3926811	SNP461	SYN2	SNP	-
contig_1	3879309	3879309	C	T	contig_1	3926875	3926875	SNP462	SYN2	SNP	-
contig_1	3879344	3879344	G	A	contig_1	3926910	3926910	SNP463	SYN2	SNP	-
contig_1	3879346	3879346	A	G	contig_1	3926912	3926912	SNP464	SYN2	SNP	-
contig_1	3879347	3879347	G	GA	contig_1	3926913	3926914	INS465	SYN2	INS	-
contig_1	3879618	3879618	C	CT	contig_1	3927185	3927186	INS466	SYN2	INS	-
contig_1	3879864	3879864	G	GA	contig_1	3927432	3927433	INS467	SYN2	INS	-
contig_1	3880256	3880256	T	TC	contig_1	3927825	3927826	INS468	SYN2	INS	-
contig_1	3880471	3880471	C	CA	contig_1	3928041	3928042	INS469	SYN2	INS	-
contig_1	3880515	3880516	TC	T	contig_1	3928086	3928086	DEL470	SYN2	DEL	-
contig_1	3880582	3880584	CCT	C	contig_1	3928152	3928152	DEL471	SYN2	DEL	-
contig_1	3880854	3880854	A	AT	contig_1	3928422	3928423	INS472	SYN2	INS	-
contig_1	3880887	3880887	C	CT	contig_1	3928456	3928457	INS473	SYN2	INS	-
contig_1	3887920	3887920	C	T	contig_1	3935490	3935490	SNP474	SYN2	SNP	-
contig_1	3896386	3896387	TC	T	contig_1	3943956	3943956	DEL475	SYN2	DEL	-
contig_1	3908545	3908545	C	T	contig_1	3956114	3956114	SNP476	SYN2	SNP	-
contig_1	3911705	3911705	A	AG	contig_1	3959274	3959275	INS477	SYN2	INS	-
contig_1	3911898	3911899	GA	G	contig_1	3959468	3959468	DEL478	SYN2	DEL	-
contig_1	3911907	3911907	C	T	contig_1	3959476	3959476	SNP479	SYN2	SNP	-
contig_1	3919579	3919580	CT	C	contig_1	3967148	3967148	DEL480	SYN2	DEL	-
contig_1	3921555	3921556	AT	A	contig_1	3969123	3969123	DEL481	SYN2	DEL	-
contig_1	3926501	3926503	TAA	T	contig_1	3974068	3974068	DEL482	SYN2	DEL	-
contig_1	3932324	3932324	T	TA	contig_1	3979889	3979890	INS483	SYN2	INS	-
contig_1	3943323	3943324	CT	C	contig_1	3990889	3990889	DEL484	SYN2	DEL	-
contig_1	3948989	3948989	A	AT	contig_1	3996554	3996555	INS485	SYN2	INS	-
contig_1	3952815	3952815	C	CT	contig_1	4000381	4000382	INS486	SYN2	INS	-
contig_1	3962520	3962521	CT	C	contig_1	4010087	4010087	DEL487	SYN2	DEL	-
-	-	-	-	-	contig_1	1185971	1185979	NOTAL3	-	NOTAL	-
-	-	-	-	-	contig_1	1203704	1203707	NOTAL4	-	NOTAL	-
-	-	-	-	-	contig_1	4051419	4051419	NOTAL5	-	NOTAL	-
