contig_1	1	1176702	-	-	contig_1	1	1176247	SYN1	-	SYN	-
contig_1	1	1176702	-	-	contig_1	1	1176247	SYNAL1	SYN1	SYNAL	-
contig_1	2950	2951	CT	C	contig_1	2950	2950	DEL7	SYN1	DEL	-
contig_1	5433	5434	AG	A	contig_1	5432	5432	DEL8	SYN1	DEL	-
contig_1	5811	5811	A	AG	contig_1	5809	5810	INS9	SYN1	INS	-
contig_1	16728	16728	A	AG	contig_1	16727	16728	INS10	SYN1	INS	-
contig_1	54138	54138	C	CT	contig_1	54138	54139	INS11	SYN1	INS	-
contig_1	56928	56929	TC	T	contig_1	56929	56929	DEL12	SYN1	DEL	-
contig_1	63230	63231	CT	C	contig_1	63230	63230	DEL13	SYN1	DEL	-
contig_1	63618	63618	C	CA	contig_1	63617	63618	INS14	SYN1	INS	-
contig_1	76954	76954	G	GC	contig_1	76954	76955	INS15	SYN1	INS	-
contig_1	110446	110446	A	AG	contig_1	110447	110448	INS16	SYN1	INS	-
contig_1	124091	124091	G	GA	contig_1	124093	124094	INS17	SYN1	INS	-
contig_1	132519	132519	A	AC	contig_1	132522	132523	INS18	SYN1	INS	-
contig_1	134483	134484	GT	G	contig_1	134487	134487	DEL19	SYN1	DEL	-
contig_1	134519	134519	G	GT	contig_1	134522	134523	INS20	SYN1	INS	-
contig_1	144729	144730	AG	A	contig_1	144733	144733	DEL21	SYN1	DEL	-
contig_1	173684	173684	C	T	contig_1	173687	173687	SNP22	SYN1	SNP	-
contig_1	181588	181588	A	AG	contig_1	181591	181592	INS23	SYN1	INS	-
contig_1	184166	184166	G	GA	contig_1	184170	184171	INS24	SYN1	INS	-
contig_1	196604	196604	T	TG	contig_1	196609	196610	INS25	SYN1	INS	-
contig_1	206689	206690	CT	C	contig_1	206695	206695	DEL26	SYN1	DEL	-
contig_1	263866	263867	TG	T	contig_1	263871	263871	DEL27	SYN1	DEL	-
contig_1	274844	274845	CT	C	contig_1	274848	274848	DEL28	SYN1	DEL	-
contig_1	281784	281785	TC	T	contig_1	281787	281787	DEL29	SYN1	DEL	-
contig_1	302099	302099	G	GA	contig_1	302101	302102	INS30	SYN1	INS	-
contig_1	305439	305439	A	G	contig_1	305442	305442	SNP31	SYN1	SNP	-
contig_1	310153	310154	GA	G	contig_1	310156	310156	DEL32	SYN1	DEL	-
contig_1	315977	315977	G	GC	contig_1	315979	315980	INS33	SYN1	INS	-
contig_1	318570	318570	C	CT	contig_1	318573	318574	INS34	SYN1	INS	-
contig_1	325200	325200	G	GA	contig_1	325204	325205	INS35	SYN1	INS	-
contig_1	348966	348967	TA	T	contig_1	348971	348971	DEL36	SYN1	DEL	-
contig_1	349519	349519	T	C	contig_1	349523	349523	SNP37	SYN1	SNP	-
contig_1	356385	356386	TA	T	contig_1	356389	356389	DEL38	SYN1	DEL	-
contig_1	367343	367343	T	TG	contig_1	367346	367347	INS39	SYN1	INS	-
contig_1	370582	370583	AT	A	contig_1	370586	370586	DEL40	SYN1	DEL	-
contig_1	373699	373699	A	AT	contig_1	373702	373703	INS41	SYN1	INS	-
contig_1	377961	377961	A	G	contig_1	377965	377965	SNP42	SYN1	SNP	-
contig_1	400173	400174	CG	C	contig_1	400177	400177	DEL43	SYN1	DEL	-
contig_1	404204	404204	A	AT	contig_1	404207	404208	INS44	SYN1	INS	-
contig_1	404645	404645	G	GAA	contig_1	404649	404651	INS45	SYN1	INS	-
contig_1	404766	404766	G	GC	contig_1	404772	404773	INS46	SYN1	INS	-
contig_1	404802	404803	CG	C	contig_1	404809	404809	DEL47	SYN1	DEL	-
contig_1	406249	406249	G	GA	contig_1	406255	406256	INS48	SYN1	INS	-
contig_1	407410	407411	CA	C	contig_1	407417	407417	DEL49	SYN1	DEL	-
contig_1	407413	407413	T	C	contig_1	407419	407419	SNP50	SYN1	SNP	-
contig_1	407414	407414	T	C	contig_1	407420	407420	SNP51	SYN1	SNP	-
contig_1	408635	408635	C	CG	contig_1	408641	408642	INS52	SYN1	INS	-
contig_1	408681	408681	A	G	contig_1	408688	408688	SNP53	SYN1	SNP	-
contig_1	411008	411008	C	CT	contig_1	411015	411016	INS54	SYN1	INS	-
contig_1	411233	411233	T	TG	contig_1	411241	411242	INS55	SYN1	INS	-
contig_1	412240	412240	C	CA	contig_1	412249	412250	INS56	SYN1	INS	-
contig_1	412722	412723	CT	C	contig_1	412732	412732	DEL57	SYN1	DEL	-
contig_1	426622	426622	C	CA	contig_1	426631	426632	INS58	SYN1	INS	-
contig_1	427193	427193	C	CT	contig_1	427203	427204	INS59	SYN1	INS	-
contig_1	457883	457883	G	GT	contig_1	457894	457895	INS60	SYN1	INS	-
contig_1	460050	460050	G	GA	contig_1	460062	460063	INS61	SYN1	INS	-
contig_1	464542	464543	GA	G	contig_1	464555	464555	DEL62	SYN1	DEL	-
contig_1	466393	466393	T	TG	contig_1	466405	466406	INS63	SYN1	INS	-
contig_1	469193	469194	TG	T	contig_1	469206	469206	DEL64	SYN1	DEL	-
contig_1	476902	476903	TA	T	contig_1	476914	476914	DEL65	SYN1	DEL	-
contig_1	490015	490016	CG	C	contig_1	490026	490026	DEL66	SYN1	DEL	-
contig_1	522488	522488	T	TA	contig_1	522498	522499	INS67	SYN1	INS	-
contig_1	533531	533532	CG	C	contig_1	533542	533542	DEL68	SYN1	DEL	-
contig_1	538864	538865	AG	A	contig_1	538874	538874	DEL69	SYN1	DEL	-
contig_1	546551	546551	C	CA	contig_1	546560	546561	INS70	SYN1	INS	-
contig_1	548401	548402	AC	A	contig_1	548411	548411	DEL71	SYN1	DEL	-
contig_1	548961	549423	-	-	contig_1	548970	548970	DEL72	SYN1	DEL	-
contig_1	550124	550125	TA	T	contig_1	549671	549671	DEL73	SYN1	DEL	-
contig_1	566336	566336	T	TC	contig_1	565882	565883	INS74	SYN1	INS	-
contig_1	580721	580721	A	AG	contig_1	580268	580269	INS75	SYN1	INS	-
contig_1	580841	580842	AG	A	contig_1	580389	580389	DEL76	SYN1	DEL	-
contig_1	583962	583963	TC	T	contig_1	583509	583509	DEL77	SYN1	DEL	-
contig_1	612367	612367	G	GA	contig_1	611913	611914	INS78	SYN1	INS	-
contig_1	616584	616585	CT	C	contig_1	616131	616131	DEL79	SYN1	DEL	-
contig_1	626174	626174	T	TA	contig_1	625720	625721	INS80	SYN1	INS	-
contig_1	639524	639524	A	G	contig_1	639071	639071	SNP81	SYN1	SNP	-
contig_1	641809	641810	AG	A	contig_1	641356	641356	DEL82	SYN1	DEL	-
contig_1	650979	650979	C	CT	contig_1	650525	650526	INS83	SYN1	INS	-
contig_1	660907	660907	A	AT	contig_1	660454	660455	INS84	SYN1	INS	-
contig_1	681167	681167	C	CA	contig_1	680715	680716	INS85	SYN1	INS	-
contig_1	688688	688688	G	GT	contig_1	688237	688238	INS86	SYN1	INS	-
contig_1	692580	692581	CT	C	contig_1	692130	692130	DEL87	SYN1	DEL	-
contig_1	695435	695436	AG	A	contig_1	694984	694984	DEL88	SYN1	DEL	-
contig_1	718655	718655	G	GTT	contig_1	718203	718205	INS89	SYN1	INS	-
contig_1	765589	765589	A	G	contig_1	765139	765139	SNP90	SYN1	SNP	-
contig_1	765590	765590	A	T	contig_1	765140	765140	SNP91	SYN1	SNP	-
contig_1	771967	771968	AC	A	contig_1	771517	771517	DEL92	SYN1	DEL	-
contig_1	775655	775656	TC	T	contig_1	775204	775204	DEL93	SYN1	DEL	-
contig_1	778703	778703	C	T	contig_1	778251	778251	SNP94	SYN1	SNP	-
contig_1	779338	779338	T	C	contig_1	778886	778886	SNP95	SYN1	SNP	-
contig_1	818004	818005	CG	C	contig_1	817552	817552	DEL96	SYN1	DEL	-
contig_1	820329	820330	GA	G	contig_1	819876	819876	DEL97	SYN1	DEL	-
contig_1	828153	828154	TA	T	contig_1	827699	827699	DEL98	SYN1	DEL	-
contig_1	829631	829632	AG	A	contig_1	829176	829176	DEL99	SYN1	DEL	-
contig_1	842539	842540	CA	C	contig_1	842083	842083	DEL100	SYN1	DEL	-
contig_1	843533	843534	TG	T	contig_1	843076	843076	DEL101	SYN1	DEL	-
contig_1	855860	855860	C	CA	contig_1	855402	855403	INS102	SYN1	INS	-
contig_1	857375	857375	G	GA	contig_1	856918	856919	INS103	SYN1	INS	-
contig_1	858486	858486	C	CT	contig_1	858030	858031	INS104	SYN1	INS	-
contig_1	864778	864779	AT	A	contig_1	864323	864323	DEL105	SYN1	DEL	-
contig_1	909075	909075	T	G	contig_1	908619	908619	SNP106	SYN1	SNP	-
contig_1	909201	909201	A	G	contig_1	908745	908745	SNP107	SYN1	SNP	-
contig_1	909543	909543	C	T	contig_1	909087	909087	SNP108	SYN1	SNP	-
contig_1	909553	909553	T	A	contig_1	909097	909097	SNP109	SYN1	SNP	-
contig_1	909907	909907	A	G	contig_1	909451	909451	SNP110	SYN1	SNP	-
contig_1	909982	909982	A	T	contig_1	909526	909526	SNP111	SYN1	SNP	-
contig_1	909983	909983	T	G	contig_1	909527	909527	SNP112	SYN1	SNP	-
contig_1	910034	910034	T	C	contig_1	909578	909578	SNP113	SYN1	SNP	-
contig_1	934792	934793	CT	C	contig_1	934336	934336	DEL114	SYN1	DEL	-
contig_1	954598	954599	AT	A	contig_1	954141	954141	DEL115	SYN1	DEL	-
contig_1	959686	959686	C	CT	contig_1	959228	959229	INS116	SYN1	INS	-
contig_1	970871	970872	CT	C	contig_1	970414	970414	DEL117	SYN1	DEL	-
contig_1	990677	990678	TA	T	contig_1	990219	990219	DEL118	SYN1	DEL	-
contig_1	994209	994210	CT	C	contig_1	993750	993750	DEL119	SYN1	DEL	-
contig_1	1015602	1015602	C	T	contig_1	1015142	1015142	SNP120	SYN1	SNP	-
contig_1	1017452	1017453	CA	C	contig_1	1016992	1016992	DEL121	SYN1	DEL	-
contig_1	1021239	1021240	AG	A	contig_1	1020778	1020778	DEL122	SYN1	DEL	-
contig_1	1026658	1026658	T	C	contig_1	1026196	1026196	SNP123	SYN1	SNP	-
contig_1	1031218	1031218	C	CA	contig_1	1030756	1030757	INS124	SYN1	INS	-
contig_1	1053399	1053399	A	AGGCATTATG	contig_1	1052938	1052947	INS125	SYN1	INS	-
contig_1	1061946	1061947	CT	C	contig_1	1061494	1061494	DEL126	SYN1	DEL	-
contig_1	1075971	1075972	GA	G	contig_1	1075518	1075518	DEL127	SYN1	DEL	-
contig_1	1102889	1102889	A	AT	contig_1	1102435	1102436	INS128	SYN1	INS	-
contig_1	1114518	1114519	AG	A	contig_1	1114065	1114065	DEL129	SYN1	DEL	-
contig_1	1147392	1147393	GT	G	contig_1	1146938	1146938	DEL130	SYN1	DEL	-
contig_1	1176703	1373229	-	-	contig_1	1176248	1372760	INV5	-	INV	-
contig_1	1176703	1373229	-	-	contig_1	1372760	1176248	INVAL10	INV5	INVAL	-
contig_1	1176805	1176805	A	AG	contig_1	1372657	1372658	INS131	INV5	INS	-
contig_1	1177073	1177074	GT	G	contig_1	1372389	1372389	DEL132	INV5	DEL	-
contig_1	1188504	1188505	GA	G	contig_1	1360959	1360959	DEL133	INV5	DEL	-
contig_1	1189759	1189760	CA	C	contig_1	1359705	1359705	DEL134	INV5	DEL	-
contig_1	1191432	1191433	CG	C	contig_1	1358033	1358033	DEL135	INV5	DEL	-
contig_1	1222183	1222184	GA	G	contig_1	1327283	1327283	DEL136	INV5	DEL	-
contig_1	1250989	1250990	CT	C	contig_1	1298478	1298478	DEL137	INV5	DEL	-
contig_1	1262351	1262351	A	G	contig_1	1287117	1287117	SNP138	INV5	SNP	-
contig_1	1287267	1287267	T	C	contig_1	1262201	1262201	SNP139	INV5	SNP	-
contig_1	1287269	1287269	C	A	contig_1	1262199	1262199	SNP140	INV5	SNP	-
contig_1	1287270	1287270	A	T	contig_1	1262198	1262198	SNP141	INV5	SNP	-
contig_1	1297003	1297003	A	G	contig_1	1252465	1252465	SNP142	INV5	SNP	-
contig_1	1297987	1297987	G	GT	contig_1	1251480	1251481	INS143	INV5	INS	-
contig_1	1308416	1308418	TGG	T	contig_1	1241051	1241051	DEL144	INV5	DEL	-
contig_1	1325852	1325853	AT	A	contig_1	1223617	1223617	DEL145	INV5	DEL	-
contig_1	1330357	1330358	GA	G	contig_1	1219113	1219113	DEL146	INV5	DEL	-
contig_1	1331210	1331211	CA	C	contig_1	1218261	1218261	DEL147	INV5	DEL	-
contig_1	1336016	1336017	GC	G	contig_1	1213456	1213456	DEL148	INV5	DEL	-
contig_1	1338373	1338374	TG	T	contig_1	1211100	1211100	DEL149	INV5	DEL	-
contig_1	1339400	1339401	CT	C	contig_1	1210074	1210074	DEL150	INV5	DEL	-
contig_1	1341651	1341651	G	GT	contig_1	1207823	1207824	INS151	INV5	INS	-
contig_1	1344409	1344410	AT	A	contig_1	1205065	1205065	DEL152	INV5	DEL	-
contig_1	1346583	1346584	TC	T	contig_1	1202892	1202892	DEL153	INV5	DEL	-
contig_1	1363804	1363805	AT	A	contig_1	1185672	1185672	DEL154	INV5	DEL	-
contig_1	1373221	2219823	-	-	contig_1	1372761	2095418	SYN2	-	SYN	-
contig_1	1373221	1651475	-	-	contig_1	1372761	1651010	SYNAL2	SYN2	SYNAL	-
contig_1	1385237	1385238	CA	C	contig_1	1384777	1384777	DEL155	SYN2	DEL	-
contig_1	1386144	1386145	CT	C	contig_1	1385683	1385683	DEL156	SYN2	DEL	-
contig_1	1386636	1386637	TC	T	contig_1	1386174	1386174	DEL157	SYN2	DEL	-
contig_1	1387963	1387964	TA	T	contig_1	1387500	1387500	DEL158	SYN2	DEL	-
contig_1	1387972	1387972	C	CT	contig_1	1387508	1387509	INS159	SYN2	INS	-
contig_1	1388114	1388114	C	CT	contig_1	1387651	1387652	INS160	SYN2	INS	-
contig_1	1388116	1388116	C	T	contig_1	1387654	1387654	SNP161	SYN2	SNP	-
contig_1	1392163	1392163	G	T	contig_1	1391701	1391701	SNP162	SYN2	SNP	-
contig_1	1393083	1393084	TC	T	contig_1	1392621	1392621	DEL163	SYN2	DEL	-
contig_1	1395850	1395850	C	CG	contig_1	1395387	1395388	INS164	SYN2	INS	-
contig_1	1398337	1398337	A	G	contig_1	1397875	1397875	SNP165	SYN2	SNP	-
contig_1	1400704	1400705	TC	T	contig_1	1400242	1400242	DEL166	SYN2	DEL	-
contig_1	1407155	1407155	T	TA	contig_1	1406692	1406693	INS167	SYN2	INS	-
contig_1	1408424	1408424	C	CG	contig_1	1407962	1407963	INS168	SYN2	INS	-
contig_1	1423397	1423397	T	TC	contig_1	1422936	1422937	INS169	SYN2	INS	-
contig_1	1426241	1426242	TC	T	contig_1	1425781	1425781	DEL170	SYN2	DEL	-
contig_1	1430139	1430139	A	AT	contig_1	1429678	1429679	INS171	SYN2	INS	-
contig_1	1430550	1430551	TG	T	contig_1	1430090	1430090	DEL172	SYN2	DEL	-
contig_1	1433737	1433737	T	TC	contig_1	1433276	1433277	INS173	SYN2	INS	-
contig_1	1441173	1441174	TA	T	contig_1	1440713	1440713	DEL174	SYN2	DEL	-
contig_1	1444470	1444471	CT	C	contig_1	1444009	1444009	DEL175	SYN2	DEL	-
contig_1	1447787	1447787	G	GT	contig_1	1447325	1447326	INS176	SYN2	INS	-
contig_1	1452562	1452563	CA	C	contig_1	1452101	1452101	DEL177	SYN2	DEL	-
contig_1	1481376	1481377	TG	T	contig_1	1480914	1480914	DEL178	SYN2	DEL	-
contig_1	1486146	1486147	TA	T	contig_1	1485683	1485683	DEL179	SYN2	DEL	-
contig_1	1487273	1487274	GC	G	contig_1	1486809	1486809	DEL180	SYN2	DEL	-
contig_1	1488475	1488475	G	GA	contig_1	1488010	1488011	INS181	SYN2	INS	-
contig_1	1490332	1490333	AG	A	contig_1	1489868	1489868	DEL182	SYN2	DEL	-
contig_1	1494452	1494452	G	GA	contig_1	1493987	1493988	INS183	SYN2	INS	-
contig_1	1495448	1495448	T	TA	contig_1	1494984	1494985	INS184	SYN2	INS	-
contig_1	1497085	1497085	G	GT	contig_1	1496622	1496623	INS185	SYN2	INS	-
contig_1	1499413	1499413	T	C	contig_1	1498951	1498951	SNP186	SYN2	SNP	-
contig_1	1503178	1503179	AG	A	contig_1	1502716	1502716	DEL187	SYN2	DEL	-
contig_1	1511138	1511138	G	GA	contig_1	1510675	1510676	INS188	SYN2	INS	-
contig_1	1518828	1518828	A	AG	contig_1	1518366	1518367	INS189	SYN2	INS	-
contig_1	1522677	1522677	G	GC	contig_1	1522216	1522217	INS190	SYN2	INS	-
contig_1	1527033	1527033	A	G	contig_1	1526573	1526573	SNP191	SYN2	SNP	-
contig_1	1530283	1530283	G	GA	contig_1	1529823	1529824	INS192	SYN2	INS	-
contig_1	1557392	1557393	AG	A	contig_1	1556933	1556933	DEL193	SYN2	DEL	-
contig_1	1557545	1557546	GA	G	contig_1	1557085	1557085	DEL194	SYN2	DEL	-
contig_1	1557606	1557607	CT	C	contig_1	1557145	1557145	DEL195	SYN2	DEL	-
contig_1	1562101	1562102	TA	T	contig_1	1561639	1561639	DEL196	SYN2	DEL	-
contig_1	1562564	1562564	C	CA	contig_1	1562101	1562102	INS197	SYN2	INS	-
contig_1	1563621	1563621	G	GA	contig_1	1563159	1563160	INS198	SYN2	INS	-
contig_1	1565314	1565315	AG	A	contig_1	1564853	1564853	DEL199	SYN2	DEL	-
contig_1	1568534	1568535	TA	T	contig_1	1568072	1568072	DEL200	SYN2	DEL	-
contig_1	1572025	1572026	TG	T	contig_1	1571562	1571562	DEL201	SYN2	DEL	-
contig_1	1575162	1575162	T	TA	contig_1	1574698	1574699	INS202	SYN2	INS	-
contig_1	1575246	1575246	A	AG	contig_1	1574783	1574784	INS203	SYN2	INS	-
contig_1	1575351	1575351	A	AG	contig_1	1574889	1574890	INS204	SYN2	INS	-
contig_1	1575366	1575367	AG	A	contig_1	1574905	1574905	DEL205	SYN2	DEL	-
contig_1	1575386	1575386	A	AG	contig_1	1574924	1574925	INS206	SYN2	INS	-
contig_1	1583883	1583883	A	AG	contig_1	1583422	1583423	INS207	SYN2	INS	-
contig_1	1595457	1595458	CA	C	contig_1	1594997	1594997	DEL208	SYN2	DEL	-
contig_1	1595766	1595766	T	TC	contig_1	1595305	1595306	INS209	SYN2	INS	-
contig_1	1596586	1596587	GA	G	contig_1	1596126	1596126	DEL210	SYN2	DEL	-
contig_1	1601410	1601411	CT	C	contig_1	1600949	1600949	DEL211	SYN2	DEL	-
contig_1	1609947	1609948	AT	A	contig_1	1609485	1609485	DEL212	SYN2	DEL	-
contig_1	1618200	1618200	A	AT	contig_1	1617737	1617738	INS213	SYN2	INS	-
contig_1	1620174	1620175	AG	A	contig_1	1619712	1619712	DEL214	SYN2	DEL	-
contig_1	1627676	1627676	T	C	contig_1	1627213	1627213	SNP215	SYN2	SNP	-
contig_1	1627848	1627849	AG	A	contig_1	1627385	1627385	DEL216	SYN2	DEL	-
contig_1	1628921	1628922	CG	C	contig_1	1628457	1628457	DEL217	SYN2	DEL	-
contig_1	1645648	1645648	T	TA	contig_1	1645183	1645184	INS218	SYN2	INS	-
contig_1	1648011	1648012	CT	C	contig_1	1647547	1647547	DEL219	SYN2	DEL	-
contig_1	1651475	1652879	-	-	contig_1	1651010	1651010	DEL1	SYN2	DEL	-
contig_1	1652880	1810922	-	-	contig_1	1651010	1808461	SYNAL3	SYN2	SYNAL	-
contig_1	1656928	1656929	CA	C	contig_1	1655058	1655058	DEL220	SYN2	DEL	-
contig_1	1659581	1659582	AT	A	contig_1	1657710	1657710	DEL221	SYN2	DEL	-
contig_1	1675435	1675435	A	AC	contig_1	1673563	1673564	INS222	SYN2	INS	-
contig_1	1676102	1676103	TC	T	contig_1	1674231	1674231	DEL223	SYN2	DEL	-
contig_1	1678077	1678078	AG	A	contig_1	1676205	1676205	DEL224	SYN2	DEL	-
contig_1	1695485	1695486	GC	G	contig_1	1693612	1693612	DEL225	SYN2	DEL	-
contig_1	1716718	1716719	GT	G	contig_1	1714844	1714844	DEL226	SYN2	DEL	-
contig_1	1718651	1718651	C	CCATAAAGCG	contig_1	1716776	1716785	INS227	SYN2	INS	-
contig_1	1732167	1732168	TC	T	contig_1	1730301	1730301	DEL228	SYN2	DEL	-
contig_1	1735719	1735721	CAA	C	contig_1	1733852	1733852	DEL229	SYN2	DEL	-
contig_1	1742063	1742063	G	A	contig_1	1740194	1740194	SNP230	SYN2	SNP	-
contig_1	1747272	1747272	T	TGCCAGCGGG	contig_1	1745403	1745412	INS231	SYN2	INS	-
contig_1	1763952	1764547	-	-	contig_1	1762092	1762092	DEL232	SYN2	DEL	-
contig_1	1764973	1764974	CT	C	contig_1	1762518	1762518	DEL233	SYN2	DEL	-
contig_1	1781982	1781983	GT	G	contig_1	1779526	1779526	DEL234	SYN2	DEL	-
contig_1	1782718	1782719	CT	C	contig_1	1780261	1780261	DEL235	SYN2	DEL	-
contig_1	1783525	1783525	C	CT	contig_1	1781067	1781068	INS236	SYN2	INS	-
contig_1	1789375	1789377	AAG	A	contig_1	1786918	1786918	DEL237	SYN2	DEL	-
contig_1	1791090	1791091	GT	G	contig_1	1788631	1788631	DEL238	SYN2	DEL	-
contig_1	1805134	1805135	AT	A	contig_1	1802674	1802674	DEL239	SYN2	DEL	-
contig_1	1810922	1899385	-	-	contig_1	1808461	1808461	DEL2	SYN2	DEL	-
contig_1	1899386	1962923	-	-	contig_1	1808462	1871993	SYNAL4	SYN2	SYNAL	-
contig_1	1900607	1900608	CT	C	contig_1	1809683	1809683	DEL240	SYN2	DEL	-
contig_1	1907373	1907374	CT	C	contig_1	1816448	1816448	DEL241	SYN2	DEL	-
contig_1	1910124	1910125	AT	A	contig_1	1819198	1819198	DEL242	SYN2	DEL	-
contig_1	1917775	1917776	GC	G	contig_1	1826848	1826848	DEL243	SYN2	DEL	-
contig_1	1920955	1920956	AC	A	contig_1	1830027	1830027	DEL244	SYN2	DEL	-
contig_1	1922919	1922920	TA	T	contig_1	1831990	1831990	DEL245	SYN2	DEL	-
contig_1	1929433	1996409	-	-	contig_1	1838507	1871993	CPL3	SYN2	CPL	-
contig_1	1934734	1934735	GT	G	contig_1	1843804	1843804	DEL246	SYN2	DEL	-
contig_1	1962921	1962921	A	AT	contig_1	1871990	1871991	INS247	SYN2	INS	-
contig_1	1962923	2219823	-	-	contig_1	1838507	2095418	SYNAL5	SYN2	SYNAL	-
contig_1	1977790	1977791	CT	C	contig_1	1853374	1853374	DEL248	SYN2	DEL	-
contig_1	1984409	1984410	CT	C	contig_1	1859992	1859992	DEL249	SYN2	DEL	-
contig_1	2001760	2001760	T	TG	contig_1	1877342	1877343	INS250	SYN2	INS	-
contig_1	2002476	2002476	C	CT	contig_1	1878059	1878060	INS251	SYN2	INS	-
contig_1	2026244	2026244	C	CT	contig_1	1901828	1901829	INS252	SYN2	INS	-
contig_1	2032076	2032076	T	TC	contig_1	1907661	1907662	INS253	SYN2	INS	-
contig_1	2038642	2038643	CT	C	contig_1	1914228	1914228	DEL254	SYN2	DEL	-
contig_1	2040719	2040721	GCC	G	contig_1	1916304	1916304	DEL255	SYN2	DEL	-
contig_1	2043047	2043048	GC	G	contig_1	1918630	1918630	DEL256	SYN2	DEL	-
contig_1	2047141	2047142	CG	C	contig_1	1922723	1922723	DEL257	SYN2	DEL	-
contig_1	2060755	2060756	GA	G	contig_1	1936336	1936336	DEL258	SYN2	DEL	-
contig_1	2083181	2083181	G	GA	contig_1	1958761	1958762	INS259	SYN2	INS	-
contig_1	2096171	2096172	GT	G	contig_1	1971752	1971752	DEL260	SYN2	DEL	-
contig_1	2106645	2106646	CA	C	contig_1	1982225	1982225	DEL261	SYN2	DEL	-
contig_1	2114812	2114813	CT	C	contig_1	1990391	1990391	DEL262	SYN2	DEL	-
contig_1	2122657	2122658	AT	A	contig_1	1998235	1998235	DEL263	SYN2	DEL	-
contig_1	2135269	2135269	G	GATTGATATT	contig_1	2010846	2010855	INS264	SYN2	INS	-
contig_1	2141211	2141212	GC	G	contig_1	2016797	2016797	DEL265	SYN2	DEL	-
contig_1	2144527	2144528	CA	C	contig_1	2020112	2020112	DEL266	SYN2	DEL	-
contig_1	2148444	2148444	G	GA	contig_1	2024028	2024029	INS267	SYN2	INS	-
contig_1	2150751	2150752	TG	T	contig_1	2026336	2026336	DEL268	SYN2	DEL	-
contig_1	2167706	2167706	C	CT	contig_1	2043290	2043291	INS269	SYN2	INS	-
contig_1	2178883	2178883	C	CACGCTTGAT	contig_1	2054468	2054477	INS270	SYN2	INS	-
contig_1	2185057	2185058	AT	A	contig_1	2060651	2060651	DEL271	SYN2	DEL	-
contig_1	2186476	2186476	C	CT	contig_1	2062069	2062070	INS272	SYN2	INS	-
contig_1	2194490	2194491	AG	A	contig_1	2070084	2070084	DEL273	SYN2	DEL	-
contig_1	2199913	2199913	G	GA	contig_1	2075506	2075507	INS274	SYN2	INS	-
contig_1	2200581	2200581	G	GT	contig_1	2076175	2076176	INS275	SYN2	INS	-
contig_1	2211769	2211770	CT	C	contig_1	2087364	2087364	DEL276	SYN2	DEL	-
contig_1	2216059	2216059	C	CT	contig_1	2091653	2091654	INS277	SYN2	INS	-
contig_1	2219824	2230932	-	-	-	-	-	NOTAL1	-	NOTAL	-
contig_1	2230933	2311783	-	-	contig_1	2095418	2176262	INV6	-	INV	-
contig_1	2230933	2311783	-	-	contig_1	2176262	2095418	INVAL11	INV6	INVAL	-
contig_1	2231506	2231507	CA	C	contig_1	2175689	2175689	DEL278	INV6	DEL	-
contig_1	2255064	2255064	G	GC	contig_1	2152131	2152132	INS279	INV6	INS	-
contig_1	2256736	2256736	T	TC	contig_1	2150458	2150459	INS280	INV6	INS	-
contig_1	2257750	2257751	GA	G	contig_1	2149444	2149444	DEL281	INV6	DEL	-
contig_1	2258440	2258441	CA	C	contig_1	2148755	2148755	DEL282	INV6	DEL	-
contig_1	2259090	2259091	AG	A	contig_1	2148106	2148106	DEL283	INV6	DEL	-
contig_1	2301938	2301939	TA	T	contig_1	2105259	2105259	DEL284	INV6	DEL	-
contig_1	2302787	2302788	CG	C	contig_1	2104411	2104411	DEL285	INV6	DEL	-
contig_1	2303175	2303176	TA	T	contig_1	2104024	2104024	DEL286	INV6	DEL	-
contig_1	2309686	2309687	AG	A	contig_1	2097514	2097514	DEL287	INV6	DEL	-
contig_1	2311050	2311050	G	A	contig_1	2096151	2096151	SNP288	INV6	SNP	-
contig_1	2311784	2320088	-	-	-	-	-	NOTAL2	-	NOTAL	-
contig_1	2320089	3050906	-	-	contig_1	2176262	2900998	SYN3	-	SYN	-
contig_1	2320089	2403141	-	-	contig_1	2176262	2259311	SYNAL6	SYN3	SYNAL	-
contig_1	2323208	2323209	GA	G	contig_1	2179381	2179381	DEL289	SYN3	DEL	-
contig_1	2329658	2329659	AT	A	contig_1	2185830	2185830	DEL290	SYN3	DEL	-
contig_1	2335876	2335877	AT	A	contig_1	2192047	2192047	DEL291	SYN3	DEL	-
contig_1	2336124	2336124	C	CT	contig_1	2192294	2192295	INS292	SYN3	INS	-
contig_1	2339648	2339648	A	AT	contig_1	2195819	2195820	INS293	SYN3	INS	-
contig_1	2350895	2350895	T	TG	contig_1	2207067	2207068	INS294	SYN3	INS	-
contig_1	2352575	2352575	C	T	contig_1	2208748	2208748	SNP295	SYN3	SNP	-
contig_1	2386648	2386649	TC	T	contig_1	2242821	2242821	DEL296	SYN3	DEL	-
contig_1	2402550	2402551	AG	A	contig_1	2258722	2258722	DEL297	SYN3	DEL	-
contig_1	2402562	2402563	CG	C	contig_1	2258733	2258733	DEL298	SYN3	DEL	-
contig_1	2403141	2407626	-	-	contig_1	2259311	2259311	DEL4	SYN3	DEL	-
contig_1	2407627	2661964	-	-	contig_1	2259310	2513637	SYNAL7	SYN3	SYNAL	-
contig_1	2412701	2412702	CA	C	contig_1	2264384	2264384	DEL299	SYN3	DEL	-
contig_1	2420532	2420532	T	C	contig_1	2272214	2272214	SNP300	SYN3	SNP	-
contig_1	2426516	2426517	CT	C	contig_1	2278198	2278198	DEL301	SYN3	DEL	-
contig_1	2429825	2429826	TA	T	contig_1	2281506	2281506	DEL302	SYN3	DEL	-
contig_1	2434637	2434638	CG	C	contig_1	2286317	2286317	DEL303	SYN3	DEL	-
contig_1	2450486	2450486	A	AG	contig_1	2302165	2302166	INS304	SYN3	INS	-
contig_1	2465903	2465904	TG	T	contig_1	2317583	2317583	DEL305	SYN3	DEL	-
contig_1	2473578	2473579	AG	A	contig_1	2325257	2325257	DEL306	SYN3	DEL	-
contig_1	2478773	2478773	G	GA	contig_1	2330451	2330452	INS307	SYN3	INS	-
contig_1	2479671	2479672	GT	G	contig_1	2331350	2331350	DEL308	SYN3	DEL	-
contig_1	2508561	2508561	T	TC	contig_1	2360239	2360240	INS309	SYN3	INS	-
contig_1	2521935	2521936	AT	A	contig_1	2373614	2373614	DEL310	SYN3	DEL	-
contig_1	2540960	2540960	T	TC	contig_1	2392638	2392639	INS311	SYN3	INS	-
contig_1	2540988	2540989	CG	C	contig_1	2392667	2392667	DEL312	SYN3	DEL	-
contig_1	2547381	2547382	GT	G	contig_1	2399059	2399059	DEL313	SYN3	DEL	-
contig_1	2556295	2556296	TC	T	contig_1	2407972	2407972	DEL314	SYN3	DEL	-
contig_1	2573796	2573797	AT	A	contig_1	2425472	2425472	DEL315	SYN3	DEL	-
contig_1	2598905	2598905	T	TG	contig_1	2450580	2450581	INS316	SYN3	INS	-
contig_1	2600910	2600910	A	AG	contig_1	2452586	2452587	INS317	SYN3	INS	-
contig_1	2616602	2616602	T	TA	contig_1	2468279	2468280	INS318	SYN3	INS	-
contig_1	2616862	2616863	TC	T	contig_1	2468540	2468540	DEL319	SYN3	DEL	-
contig_1	2618940	2618941	TG	T	contig_1	2470617	2470617	DEL320	SYN3	DEL	-
contig_1	2624283	2624284	AG	A	contig_1	2475959	2475959	DEL321	SYN3	DEL	-
contig_1	2624809	2624810	CA	C	contig_1	2476484	2476484	DEL322	SYN3	DEL	-
contig_1	2632434	2632435	GC	G	contig_1	2484108	2484108	DEL323	SYN3	DEL	-
contig_1	2636690	2636691	GC	G	contig_1	2488363	2488363	DEL324	SYN3	DEL	-
contig_1	2638139	2638139	G	A	contig_1	2489811	2489811	SNP325	SYN3	SNP	-
contig_1	2639965	2639965	T	C	contig_1	2491637	2491637	SNP326	SYN3	SNP	-
contig_1	2640125	2640125	C	CG	contig_1	2491797	2491798	INS327	SYN3	INS	-
contig_1	2643064	2643064	T	C	contig_1	2494737	2494737	SNP328	SYN3	SNP	-
contig_1	2661964	2663552	-	-	contig_1	2513637	2513637	DEL5	SYN3	DEL	-
contig_1	2663553	3050906	-	-	contig_1	2513638	2900998	SYNAL8	SYN3	SYNAL	-
contig_1	2664283	2664283	C	T	contig_1	2514368	2514368	SNP329	SYN3	SNP	-
contig_1	2670121	2670122	TC	T	contig_1	2520206	2520206	DEL330	SYN3	DEL	-
contig_1	2677024	2677024	T	TG	contig_1	2527108	2527109	INS331	SYN3	INS	-
contig_1	2679500	2679501	GA	G	contig_1	2529585	2529585	DEL332	SYN3	DEL	-
contig_1	2681073	2681074	CA	C	contig_1	2531157	2531157	DEL333	SYN3	DEL	-
contig_1	2682139	2682139	C	CA	contig_1	2532222	2532223	INS334	SYN3	INS	-
contig_1	2682494	2682495	AC	A	contig_1	2532578	2532578	DEL335	SYN3	DEL	-
contig_1	2683817	2683818	CA	C	contig_1	2533900	2533900	DEL336	SYN3	DEL	-
contig_1	2712090	2712090	G	GA	contig_1	2562172	2562173	INS337	SYN3	INS	-
contig_1	2725663	2725664	AT	A	contig_1	2575746	2575746	DEL338	SYN3	DEL	-
contig_1	2743409	2743409	T	TC	contig_1	2593491	2593492	INS339	SYN3	INS	-
contig_1	2752008	2752008	G	GC	contig_1	2602091	2602092	INS340	SYN3	INS	-
contig_1	2757487	2757488	GT	G	contig_1	2607571	2607571	DEL341	SYN3	DEL	-
contig_1	2758582	2758582	T	TA	contig_1	2608665	2608666	INS342	SYN3	INS	-
contig_1	2768915	2768915	T	TC	contig_1	2618999	2619000	INS343	SYN3	INS	-
contig_1	2769530	2769530	A	AG	contig_1	2619615	2619616	INS344	SYN3	INS	-
contig_1	2784501	2784502	GC	G	contig_1	2634587	2634587	DEL345	SYN3	DEL	-
contig_1	2787389	2787390	TG	T	contig_1	2637474	2637474	DEL346	SYN3	DEL	-
contig_1	2793988	2793989	GA	G	contig_1	2644072	2644072	DEL347	SYN3	DEL	-
contig_1	2797105	2797105	T	TC	contig_1	2647188	2647189	INS348	SYN3	INS	-
contig_1	2798597	2798597	G	GA	contig_1	2648681	2648682	INS349	SYN3	INS	-
contig_1	2803387	2803387	C	CA	contig_1	2653472	2653473	INS350	SYN3	INS	-
contig_1	2811611	2811611	T	TTCATCATTA	contig_1	2661697	2661706	INS351	SYN3	INS	-
contig_1	2811914	2811915	CA	C	contig_1	2662009	2662009	DEL352	SYN3	DEL	-
contig_1	2834302	2834303	GT	G	contig_1	2684396	2684396	DEL353	SYN3	DEL	-
contig_1	2883036	2883037	TA	T	contig_1	2733129	2733129	DEL354	SYN3	DEL	-
contig_1	2883048	2883048	A	AC	contig_1	2733140	2733141	INS355	SYN3	INS	-
contig_1	2894498	2894498	T	TC	contig_1	2744591	2744592	INS356	SYN3	INS	-
contig_1	2897929	2897930	CT	C	contig_1	2748023	2748023	DEL357	SYN3	DEL	-
contig_1	2909023	2909024	GC	G	contig_1	2759116	2759116	DEL358	SYN3	DEL	-
contig_1	2912970	2912970	A	AC	contig_1	2763062	2763063	INS359	SYN3	INS	-
contig_1	2925475	2925476	AT	A	contig_1	2775568	2775568	DEL360	SYN3	DEL	-
contig_1	2937386	2937386	G	GA	contig_1	2787478	2787479	INS361	SYN3	INS	-
contig_1	2938509	2938509	C	CT	contig_1	2788602	2788603	INS362	SYN3	INS	-
contig_1	2946674	2946675	CT	C	contig_1	2796768	2796768	DEL363	SYN3	DEL	-
contig_1	2947009	2947010	CT	C	contig_1	2797102	2797102	DEL364	SYN3	DEL	-
contig_1	2947947	2947948	TC	T	contig_1	2798039	2798039	DEL365	SYN3	DEL	-
contig_1	2958762	2958763	CT	C	contig_1	2808853	2808853	DEL366	SYN3	DEL	-
contig_1	2963976	2963977	CA	C	contig_1	2814066	2814066	DEL367	SYN3	DEL	-
contig_1	2968816	2968816	G	GC	contig_1	2818905	2818906	INS368	SYN3	INS	-
contig_1	2970048	2970049	TA	T	contig_1	2820138	2820138	DEL369	SYN3	DEL	-
contig_1	2971831	2971831	G	GA	contig_1	2821920	2821921	INS370	SYN3	INS	-
contig_1	3013861	3013861	T	TA	contig_1	2863951	2863952	INS371	SYN3	INS	-
contig_1	3016256	3016257	GA	G	contig_1	2866347	2866347	DEL372	SYN3	DEL	-
contig_1	3031476	3031477	TC	T	contig_1	2881566	2881566	DEL373	SYN3	DEL	-
contig_1	3043774	3043774	G	GT	contig_1	2893863	2893864	INS374	SYN3	INS	-
contig_1	3047685	3047685	C	CAA	contig_1	2897775	2897777	INS375	SYN3	INS	-
contig_1	3050898	3063678	-	-	contig_1	2900998	2913778	INV7	-	INV	-
contig_1	3050898	3063678	-	-	contig_1	2913778	2900998	INVAL12	INV7	INVAL	-
contig_1	3063679	3082115	-	-	-	-	-	NOTAL3	-	NOTAL	-
contig_1	3082116	3989424	-	-	contig_1	2913779	3820897	SYN4	-	SYN	-
contig_1	3082116	3989424	-	-	contig_1	2913779	3820897	SYNAL9	SYN4	SYNAL	-
contig_1	3086673	3086674	TA	T	contig_1	2918336	2918336	DEL376	SYN4	DEL	-
contig_1	3089646	3089647	TG	T	contig_1	2921308	2921308	DEL377	SYN4	DEL	-
contig_1	3090279	3090280	CT	C	contig_1	2921940	2921940	DEL378	SYN4	DEL	-
contig_1	3113258	3113259	AT	A	contig_1	2944918	2944918	DEL379	SYN4	DEL	-
contig_1	3123486	3123487	GA	G	contig_1	2955145	2955145	DEL380	SYN4	DEL	-
contig_1	3126714	3126715	CT	C	contig_1	2958372	2958372	DEL381	SYN4	DEL	-
contig_1	3133044	3133045	TA	T	contig_1	2964701	2964701	DEL382	SYN4	DEL	-
contig_1	3136866	3136867	CA	C	contig_1	2968522	2968522	DEL383	SYN4	DEL	-
contig_1	3143007	3143008	CT	C	contig_1	2974662	2974662	DEL384	SYN4	DEL	-
contig_1	3143461	3143461	T	C	contig_1	2975115	2975115	SNP385	SYN4	SNP	-
contig_1	3158455	3158456	CA	C	contig_1	2990109	2990109	DEL386	SYN4	DEL	-
contig_1	3159335	3159335	G	GA	contig_1	2990988	2990989	INS387	SYN4	INS	-
contig_1	3202953	3202954	CT	C	contig_1	3034607	3034607	DEL388	SYN4	DEL	-
contig_1	3214929	3214929	C	T	contig_1	3046582	3046582	SNP389	SYN4	SNP	-
contig_1	3214960	3214962	ATT	A	contig_1	3046613	3046613	DEL390	SYN4	DEL	-
contig_1	3216150	3216151	TA	T	contig_1	3047801	3047801	DEL391	SYN4	DEL	-
contig_1	3231333	3231333	C	CA	contig_1	3062983	3062984	INS392	SYN4	INS	-
contig_1	3280288	3280289	CT	C	contig_1	3111939	3111939	DEL393	SYN4	DEL	-
contig_1	3280722	3280723	CG	C	contig_1	3112372	3112372	DEL394	SYN4	DEL	-
contig_1	3286839	3286839	G	GA	contig_1	3118488	3118489	INS395	SYN4	INS	-
contig_1	3305390	3305391	AG	A	contig_1	3137040	3137040	DEL396	SYN4	DEL	-
contig_1	3342961	3342961	G	GA	contig_1	3174610	3174611	INS397	SYN4	INS	-
contig_1	3346690	3346690	T	TC	contig_1	3178340	3178341	INS398	SYN4	INS	-
contig_1	3351423	3351424	TC	T	contig_1	3183074	3183074	DEL399	SYN4	DEL	-
contig_1	3358603	3358603	C	CG	contig_1	3190253	3190254	INS400	SYN4	INS	-
contig_1	3361117	3361118	TA	T	contig_1	3192768	3192768	DEL401	SYN4	DEL	-
contig_1	3363372	3363372	G	GT	contig_1	3195022	3195023	INS402	SYN4	INS	-
contig_1	3368409	3368409	C	CA	contig_1	3200060	3200061	INS403	SYN4	INS	-
contig_1	3387296	3387297	GT	G	contig_1	3218948	3218948	DEL404	SYN4	DEL	-
contig_1	3399246	3399247	TA	T	contig_1	3230897	3230897	DEL405	SYN4	DEL	-
contig_1	3399265	3399266	GA	G	contig_1	3230915	3230915	DEL406	SYN4	DEL	-
contig_1	3403560	3403560	T	TAA	contig_1	3235209	3235211	INS407	SYN4	INS	-
contig_1	3428406	3428406	G	A	contig_1	3260057	3260057	SNP408	SYN4	SNP	-
contig_1	3438305	3438306	AG	A	contig_1	3269956	3269956	DEL409	SYN4	DEL	-
contig_1	3443757	3443758	GA	G	contig_1	3275407	3275407	DEL410	SYN4	DEL	-
contig_1	3444870	3444872	TCC	T	contig_1	3276519	3276519	DEL411	SYN4	DEL	-
contig_1	3447441	3447441	A	AT	contig_1	3279088	3279089	INS412	SYN4	INS	-
contig_1	3458444	3458445	TC	T	contig_1	3290092	3290092	DEL413	SYN4	DEL	-
contig_1	3472469	3472470	AC	A	contig_1	3304116	3304116	DEL414	SYN4	DEL	-
contig_1	3483960	3483961	TC	T	contig_1	3315606	3315606	DEL415	SYN4	DEL	-
contig_1	3485665	3485666	GT	G	contig_1	3317310	3317310	DEL416	SYN4	DEL	-
contig_1	3502090	3502091	GC	G	contig_1	3333734	3333734	DEL417	SYN4	DEL	-
contig_1	3506153	3506154	GA	G	contig_1	3337796	3337796	DEL418	SYN4	DEL	-
contig_1	3518522	3518522	C	CT	contig_1	3350164	3350165	INS419	SYN4	INS	-
contig_1	3532792	3532793	AC	A	contig_1	3364435	3364435	DEL420	SYN4	DEL	-
contig_1	3533690	3533690	A	AT	contig_1	3365332	3365333	INS421	SYN4	INS	-
contig_1	3535602	3535603	GC	G	contig_1	3367245	3367245	DEL422	SYN4	DEL	-
contig_1	3543035	3543036	GA	G	contig_1	3374677	3374677	DEL423	SYN4	DEL	-
contig_1	3563194	3563195	GT	G	contig_1	3394835	3394835	DEL424	SYN4	DEL	-
contig_1	3623667	3623667	C	CG	contig_1	3455307	3455308	INS425	SYN4	INS	-
contig_1	3677279	3677280	CT	C	contig_1	3508920	3508920	DEL426	SYN4	DEL	-
contig_1	3689077	3689078	GA	G	contig_1	3520717	3520717	DEL427	SYN4	DEL	-
contig_1	3689090	3689091	GT	G	contig_1	3520729	3520729	DEL428	SYN4	DEL	-
contig_1	3697927	3698097	-	-	contig_1	3529565	3529565	DEL429	SYN4	DEL	-
contig_1	3707651	3707652	GT	G	contig_1	3539119	3539119	DEL430	SYN4	DEL	-
contig_1	3717757	3717758	TA	T	contig_1	3549224	3549224	DEL431	SYN4	DEL	-
contig_1	3729246	3729247	CT	C	contig_1	3560712	3560712	DEL432	SYN4	DEL	-
contig_1	3729341	3729342	TA	T	contig_1	3560806	3560806	DEL433	SYN4	DEL	-
contig_1	3739868	3739868	C	CT	contig_1	3571332	3571333	INS434	SYN4	INS	-
contig_1	3786302	3786303	GA	G	contig_1	3617767	3617767	DEL435	SYN4	DEL	-
contig_1	3790515	3790516	GC	G	contig_1	3621979	3621979	DEL436	SYN4	DEL	-
contig_1	3802431	3802432	TC	T	contig_1	3633894	3633894	DEL437	SYN4	DEL	-
contig_1	3811089	3811090	AT	A	contig_1	3642551	3642551	DEL438	SYN4	DEL	-
contig_1	3821069	3821069	A	AT	contig_1	3652530	3652531	INS439	SYN4	INS	-
contig_1	3828463	3828463	T	TTCTCCAGCC	contig_1	3659925	3659934	INS440	SYN4	INS	-
contig_1	3840439	3840439	A	AG	contig_1	3671910	3671911	INS441	SYN4	INS	-
contig_1	3842207	3842208	TA	T	contig_1	3673679	3673679	DEL442	SYN4	DEL	-
contig_1	3843228	3843229	CT	C	contig_1	3674699	3674699	DEL443	SYN4	DEL	-
contig_1	3843243	3843243	T	C	contig_1	3674713	3674713	SNP444	SYN4	SNP	-
contig_1	3851199	3851199	G	GA	contig_1	3682669	3682670	INS445	SYN4	INS	-
contig_1	3857490	3857490	G	A	contig_1	3688961	3688961	SNP446	SYN4	SNP	-
contig_1	3861571	3861571	C	CA	contig_1	3693042	3693043	INS447	SYN4	INS	-
contig_1	3862210	3862210	A	AG	contig_1	3693682	3693683	INS448	SYN4	INS	-
contig_1	3863246	3863247	TC	T	contig_1	3694719	3694719	DEL449	SYN4	DEL	-
contig_1	3864455	3864456	TC	T	contig_1	3695927	3695927	DEL450	SYN4	DEL	-
contig_1	3864571	3864571	G	A	contig_1	3696042	3696042	SNP451	SYN4	SNP	-
contig_1	3864728	3864729	AT	A	contig_1	3696199	3696199	DEL452	SYN4	DEL	-
contig_1	3865168	3865168	A	AG	contig_1	3696638	3696639	INS453	SYN4	INS	-
contig_1	3865478	3865478	C	CT	contig_1	3696949	3696950	INS454	SYN4	INS	-
contig_1	3865598	3865599	GA	G	contig_1	3697070	3697070	DEL455	SYN4	DEL	-
contig_1	3865901	3865902	CT	C	contig_1	3697372	3697372	DEL456	SYN4	DEL	-
contig_1	3866167	3866167	G	GT	contig_1	3697637	3697638	INS457	SYN4	INS	-
contig_1	3868162	3868162	C	CT	contig_1	3699633	3699634	INS458	SYN4	INS	-
contig_1	3868559	3868559	G	GA	contig_1	3700031	3700032	INS459	SYN4	INS	-
contig_1	3868758	3868758	T	TC	contig_1	3700231	3700232	INS460	SYN4	INS	-
contig_1	3869474	3869476	TCC	T	contig_1	3700948	3700948	DEL461	SYN4	DEL	-
contig_1	3869478	3869478	A	G	contig_1	3700950	3700950	SNP462	SYN4	SNP	-
contig_1	3869479	3869479	G	A	contig_1	3700951	3700951	SNP463	SYN4	SNP	-
contig_1	3869825	3869825	G	GA	contig_1	3701297	3701298	INS464	SYN4	INS	-
contig_1	3870394	3870394	T	TA	contig_1	3701867	3701868	INS465	SYN4	INS	-
contig_1	3870809	3870809	C	CT	contig_1	3702283	3702284	INS466	SYN4	INS	-
contig_1	3871124	3871125	CT	C	contig_1	3702599	3702599	DEL467	SYN4	DEL	-
contig_1	3876774	3876775	GT	G	contig_1	3708248	3708248	DEL468	SYN4	DEL	-
contig_1	3878211	3878211	G	GA	contig_1	3709684	3709685	INS469	SYN4	INS	-
contig_1	3884792	3884792	T	TC	contig_1	3716266	3716267	INS470	SYN4	INS	-
contig_1	3898782	3898782	T	C	contig_1	3730257	3730257	SNP471	SYN4	SNP	-
contig_1	3901942	3901943	AG	A	contig_1	3733417	3733417	DEL472	SYN4	DEL	-
contig_1	3911791	3911791	A	AT	contig_1	3743265	3743266	INS473	SYN4	INS	-
contig_1	3916736	3916736	T	TA	contig_1	3748211	3748212	INS474	SYN4	INS	-
contig_1	3929264	3929265	TC	T	contig_1	3760740	3760740	DEL475	SYN4	DEL	-
contig_1	3929806	3929807	TA	T	contig_1	3761281	3761281	DEL476	SYN4	DEL	-
contig_1	3933557	3933557	C	CT	contig_1	3765031	3765032	INS477	SYN4	INS	-
contig_1	3939222	3939223	AT	A	contig_1	3770697	3770697	DEL478	SYN4	DEL	-
contig_1	3969311	3969311	C	CA	contig_1	3800785	3800786	INS479	SYN4	INS	-
contig_1	3972206	3972207	AG	A	contig_1	3803681	3803681	DEL480	SYN4	DEL	-
contig_1	3979122	3979123	AG	A	contig_1	3810596	3810596	DEL481	SYN4	DEL	-
contig_1	3979542	3979542	A	G	contig_1	3811015	3811015	SNP482	SYN4	SNP	-
