contig_1	1	1	-	-	-	-	-	NOTAL1	-	NOTAL	-
contig_1	2	1181644	-	-	contig_1	1	1176693	SYN1	-	SYN	-
contig_1	2	549437	-	-	contig_1	1	549423	SYNAL1	SYN1	SYNAL	-
contig_1	2951	2951	C	CT	contig_1	2950	2951	INS5	SYN1	INS	-
contig_1	5811	5812	AG	A	contig_1	5811	5811	DEL6	SYN1	DEL	-
contig_1	16729	16730	AG	A	contig_1	16728	16728	DEL7	SYN1	DEL	-
contig_1	21316	21317	AT	A	contig_1	21314	21314	DEL8	SYN1	DEL	-
contig_1	24725	24726	GT	G	contig_1	24722	24722	DEL9	SYN1	DEL	-
contig_1	54142	54143	CT	C	contig_1	54138	54138	DEL10	SYN1	DEL	-
contig_1	56933	56933	T	TCC	contig_1	56928	56930	INS11	SYN1	INS	-
contig_1	63233	63233	C	CT	contig_1	63230	63231	INS12	SYN1	INS	-
contig_1	63620	63621	CA	C	contig_1	63618	63618	DEL13	SYN1	DEL	-
contig_1	76957	76958	GC	G	contig_1	76954	76954	DEL14	SYN1	DEL	-
contig_1	110450	110451	AG	A	contig_1	110446	110446	DEL15	SYN1	DEL	-
contig_1	124096	124097	GA	G	contig_1	124091	124091	DEL16	SYN1	DEL	-
contig_1	132525	132526	AC	A	contig_1	132519	132519	DEL17	SYN1	DEL	-
contig_1	170147	170147	G	A	contig_1	170140	170140	SNP18	SYN1	SNP	-
contig_1	181595	181596	AG	A	contig_1	181588	181588	DEL19	SYN1	DEL	-
contig_1	184174	184175	GA	G	contig_1	184166	184166	DEL20	SYN1	DEL	-
contig_1	232530	232530	C	CA	contig_1	232521	232522	INS21	SYN1	INS	-
contig_1	241575	241575	A	AG	contig_1	241567	241568	INS22	SYN1	INS	-
contig_1	262425	262425	T	C	contig_1	262418	262418	SNP23	SYN1	SNP	-
contig_1	262426	262426	C	T	contig_1	262419	262419	SNP24	SYN1	SNP	-
contig_1	263873	263873	T	TG	contig_1	263866	263867	INS25	SYN1	INS	-
contig_1	295165	295166	TA	T	contig_1	295159	295159	DEL26	SYN1	DEL	-
contig_1	306203	306204	CT	C	contig_1	306196	306196	DEL27	SYN1	DEL	-
contig_1	315985	315986	GC	G	contig_1	315977	315977	DEL28	SYN1	DEL	-
contig_1	316783	316783	G	GA	contig_1	316774	316775	INS29	SYN1	INS	-
contig_1	318568	318568	C	CG	contig_1	318560	318561	INS30	SYN1	INS	-
contig_1	318577	318578	CT	C	contig_1	318570	318570	DEL31	SYN1	DEL	-
contig_1	320756	320757	CT	C	contig_1	320748	320748	DEL32	SYN1	DEL	-
contig_1	324462	324463	AG	A	contig_1	324453	324453	DEL33	SYN1	DEL	-
contig_1	325210	325211	GA	G	contig_1	325200	325200	DEL34	SYN1	DEL	-
contig_1	325386	325386	A	G	contig_1	325375	325375	SNP35	SYN1	SNP	-
contig_1	325735	325736	TC	T	contig_1	325724	325724	DEL36	SYN1	DEL	-
contig_1	326482	326483	TC	T	contig_1	326470	326470	DEL37	SYN1	DEL	-
contig_1	326545	326546	GA	G	contig_1	326532	326532	DEL38	SYN1	DEL	-
contig_1	327140	327140	C	CG	contig_1	327126	327127	INS39	SYN1	INS	-
contig_1	337015	337016	GT	G	contig_1	337002	337002	DEL40	SYN1	DEL	-
contig_1	348980	348980	T	TA	contig_1	348966	348967	INS41	SYN1	INS	-
contig_1	349532	349532	C	T	contig_1	349519	349519	SNP42	SYN1	SNP	-
contig_1	352911	352911	G	A	contig_1	352898	352898	SNP43	SYN1	SNP	-
contig_1	356398	356398	T	TA	contig_1	356385	356386	INS44	SYN1	INS	-
contig_1	357176	357176	A	AAG	contig_1	357164	357166	INS45	SYN1	INS	-
contig_1	357500	357500	A	G	contig_1	357490	357490	SNP46	SYN1	SNP	-
contig_1	357502	357502	A	AG	contig_1	357492	357493	INS47	SYN1	INS	-
contig_1	370591	370591	A	AT	contig_1	370582	370583	INS48	SYN1	INS	-
contig_1	373707	373708	AT	A	contig_1	373699	373699	DEL49	SYN1	DEL	-
contig_1	377970	377970	G	A	contig_1	377961	377961	SNP50	SYN1	SNP	-
contig_1	389199	389200	GC	G	contig_1	389190	389190	DEL51	SYN1	DEL	-
contig_1	404655	404656	GA	G	contig_1	404645	404645	DEL52	SYN1	DEL	-
contig_1	412251	412252	CA	C	contig_1	412240	412240	DEL53	SYN1	DEL	-
contig_1	426634	426635	CA	C	contig_1	426622	426622	DEL54	SYN1	DEL	-
contig_1	427206	427207	CT	C	contig_1	427193	427193	DEL55	SYN1	DEL	-
contig_1	435582	435583	GA	G	contig_1	435568	435568	DEL56	SYN1	DEL	-
contig_1	444710	444710	T	C	contig_1	444695	444695	SNP57	SYN1	SNP	-
contig_1	444711	444711	C	T	contig_1	444696	444696	SNP58	SYN1	SNP	-
contig_1	460065	460066	GA	G	contig_1	460050	460050	DEL59	SYN1	DEL	-
contig_1	464558	464558	G	GA	contig_1	464542	464543	INS60	SYN1	INS	-
contig_1	490030	490030	C	CG	contig_1	490015	490016	INS61	SYN1	INS	-
contig_1	518270	518270	G	GA	contig_1	518256	518257	INS62	SYN1	INS	-
contig_1	522294	522295	CG	C	contig_1	522281	522281	DEL63	SYN1	DEL	-
contig_1	538878	538878	A	AG	contig_1	538864	538865	INS64	SYN1	INS	-
contig_1	546564	546565	CA	C	contig_1	546551	546551	DEL65	SYN1	DEL	-
contig_1	549437	554384	-	-	contig_1	549423	549423	DEL1	SYN1	DEL	-
contig_1	554385	1181644	-	-	contig_1	549423	1176693	SYNAL2	SYN1	SYNAL	-
contig_1	555086	555086	T	TA	contig_1	550124	550125	INS66	SYN1	INS	-
contig_1	585917	585918	AG	A	contig_1	580956	580956	DEL67	SYN1	DEL	-
contig_1	588924	588924	T	TC	contig_1	583962	583963	INS68	SYN1	INS	-
contig_1	610024	610024	A	AG	contig_1	605063	605064	INS69	SYN1	INS	-
contig_1	621544	621544	C	CT	contig_1	616584	616585	INS70	SYN1	INS	-
contig_1	631133	631134	TA	T	contig_1	626174	626174	DEL71	SYN1	DEL	-
contig_1	646769	646769	A	AG	contig_1	641809	641810	INS72	SYN1	INS	-
contig_1	658286	658286	C	CT	contig_1	653327	653328	INS73	SYN1	INS	-
contig_1	665865	665866	AT	A	contig_1	660907	660907	DEL74	SYN1	DEL	-
contig_1	675235	675236	TC	T	contig_1	670276	670276	DEL75	SYN1	DEL	-
contig_1	686127	686128	CA	C	contig_1	681167	681167	DEL76	SYN1	DEL	-
contig_1	693649	693650	GT	G	contig_1	688688	688688	DEL77	SYN1	DEL	-
contig_1	697542	697542	C	CT	contig_1	692580	692581	INS78	SYN1	INS	-
contig_1	700684	700684	C	CT	contig_1	695723	695724	INS79	SYN1	INS	-
contig_1	705274	705274	C	CGCGTTTTT	contig_1	700314	700322	INS80	SYN1	INS	-
contig_1	708824	708824	A	AC	contig_1	703872	703873	INS81	SYN1	INS	-
contig_1	717932	717933	GC	G	contig_1	712981	712981	DEL82	SYN1	DEL	-
contig_1	723607	723609	GTT	G	contig_1	718655	718655	DEL83	SYN1	DEL	-
contig_1	771223	771224	CT	C	contig_1	766269	766269	DEL84	SYN1	DEL	-
contig_1	780652	780653	CA	C	contig_1	775697	775697	DEL85	SYN1	DEL	-
contig_1	789408	789408	G	GA	contig_1	784452	784453	INS86	SYN1	INS	-
contig_1	825284	825284	G	GA	contig_1	820329	820330	INS87	SYN1	INS	-
contig_1	843706	843707	GA	G	contig_1	838752	838752	DEL88	SYN1	DEL	-
contig_1	846092	846092	A	AC	contig_1	841137	841138	INS89	SYN1	INS	-
contig_1	847437	847438	TC	T	contig_1	842483	842483	DEL90	SYN1	DEL	-
contig_1	847494	847494	C	CA	contig_1	842539	842540	INS91	SYN1	INS	-
contig_1	847717	847717	T	TC	contig_1	842763	842764	INS92	SYN1	INS	-
contig_1	848117	848118	CA	C	contig_1	843164	843164	DEL93	SYN1	DEL	-
contig_1	848624	848625	CA	C	contig_1	843670	843670	DEL94	SYN1	DEL	-
contig_1	857775	857775	G	GA	contig_1	852820	852821	INS95	SYN1	INS	-
contig_1	860814	860815	CA	C	contig_1	855860	855860	DEL96	SYN1	DEL	-
contig_1	862330	862331	GA	G	contig_1	857375	857375	DEL97	SYN1	DEL	-
contig_1	863442	863443	CT	C	contig_1	858486	858486	DEL98	SYN1	DEL	-
contig_1	869735	869735	A	AT	contig_1	864778	864779	INS99	SYN1	INS	-
contig_1	881707	881707	G	GA	contig_1	876751	876752	INS100	SYN1	INS	-
contig_1	884137	884138	TC	T	contig_1	879182	879182	DEL101	SYN1	DEL	-
contig_1	888120	888120	A	G	contig_1	883164	883164	SNP102	SYN1	SNP	-
contig_1	901957	901958	GA	G	contig_1	897001	897001	DEL103	SYN1	DEL	-
contig_1	914032	914032	G	T	contig_1	909075	909075	SNP104	SYN1	SNP	-
contig_1	914158	914158	G	A	contig_1	909201	909201	SNP105	SYN1	SNP	-
contig_1	914500	914500	T	C	contig_1	909543	909543	SNP106	SYN1	SNP	-
contig_1	914510	914510	A	T	contig_1	909553	909553	SNP107	SYN1	SNP	-
contig_1	914864	914864	G	A	contig_1	909907	909907	SNP108	SYN1	SNP	-
contig_1	914939	914939	T	A	contig_1	909982	909982	SNP109	SYN1	SNP	-
contig_1	914940	914940	G	T	contig_1	909983	909983	SNP110	SYN1	SNP	-
contig_1	914991	914991	C	T	contig_1	910034	910034	SNP111	SYN1	SNP	-
contig_1	932513	932513	G	GA	contig_1	927556	927557	INS112	SYN1	INS	-
contig_1	939748	939748	C	CT	contig_1	934792	934793	INS113	SYN1	INS	-
contig_1	940663	940663	G	GA	contig_1	935708	935709	INS114	SYN1	INS	-
contig_1	963640	963640	G	GC	contig_1	958686	958687	INS115	SYN1	INS	-
contig_1	964639	964640	CT	C	contig_1	959686	959686	DEL116	SYN1	DEL	-
contig_1	975825	975825	C	CT	contig_1	970871	970872	INS117	SYN1	INS	-
contig_1	1022405	1022405	C	CAA	contig_1	1017452	1017454	INS118	SYN1	INS	-
contig_1	1026190	1026190	A	AG	contig_1	1021239	1021240	INS119	SYN1	INS	-
contig_1	1035453	1035454	AG	A	contig_1	1030503	1030503	DEL120	SYN1	DEL	-
contig_1	1069073	1069073	A	AG	contig_1	1064122	1064123	INS121	SYN1	INS	-
contig_1	1080921	1080921	G	GA	contig_1	1075971	1075972	INS122	SYN1	INS	-
contig_1	1107838	1107839	AT	A	contig_1	1102889	1102889	DEL123	SYN1	DEL	-
contig_1	1119468	1119468	A	AG	contig_1	1114518	1114519	INS124	SYN1	INS	-
contig_1	1133596	1133597	CT	C	contig_1	1128647	1128647	DEL125	SYN1	DEL	-
contig_1	1148153	1148154	AG	A	contig_1	1143203	1143203	DEL126	SYN1	DEL	-
contig_1	1181645	1181647	-	-	-	-	-	NOTAL2	-	NOTAL	-
contig_1	1181648	1194706	-	-	contig_1	1176703	1189763	INV3	-	INV	-
contig_1	1181648	1194706	-	-	contig_1	1189763	1176703	INVAL6	INV3	INVAL	-
contig_1	1188696	1188696	G	A	contig_1	1182715	1182715	SNP127	INV3	SNP	-
contig_1	1192726	1192726	T	TC	contig_1	1178684	1178685	INS128	INV3	INS	-
contig_1	1194330	1194330	C	CA	contig_1	1177079	1177080	INS129	INV3	INS	-
contig_1	1194698	3965065	-	-	contig_1	1189768	3989423	SYN2	-	SYN	-
contig_1	1194698	1967835	-	-	contig_1	1189768	1962923	SYNAL3	SYN2	SYNAL	-
contig_1	1196363	1196363	A	G	contig_1	1191433	1191433	SNP130	SYN2	SNP	-
contig_1	1197727	1197727	G	GC	contig_1	1192797	1192798	INS131	SYN2	INS	-
contig_1	1210097	1210098	GA	G	contig_1	1205168	1205168	DEL132	SYN2	DEL	-
contig_1	1249429	1249429	G	GT	contig_1	1244499	1244500	INS133	SYN2	INS	-
contig_1	1255918	1255918	C	CT	contig_1	1250989	1250990	INS134	SYN2	INS	-
contig_1	1258540	1258540	C	CT	contig_1	1253612	1253613	INS135	SYN2	INS	-
contig_1	1276308	1276308	A	AG	contig_1	1271381	1271382	INS136	SYN2	INS	-
contig_1	1276860	1276861	GT	G	contig_1	1271934	1271934	DEL137	SYN2	DEL	-
contig_1	1280921	1280921	C	CG	contig_1	1275994	1275995	INS138	SYN2	INS	-
contig_1	1292196	1292197	AT	A	contig_1	1287270	1287270	DEL139	SYN2	DEL	-
contig_1	1313350	1313350	A	G	contig_1	1308423	1308423	SNP140	SYN2	SNP	-
contig_1	1329554	1329554	G	GA	contig_1	1324627	1324628	INS141	SYN2	INS	-
contig_1	1330778	1330778	A	AT	contig_1	1325852	1325853	INS142	SYN2	INS	-
contig_1	1335282	1335282	G	GA	contig_1	1330357	1330358	INS143	SYN2	INS	-
contig_1	1336134	1336134	C	CA	contig_1	1331210	1331211	INS144	SYN2	INS	-
contig_1	1340939	1340939	G	GC	contig_1	1336016	1336017	INS145	SYN2	INS	-
contig_1	1342541	1342542	CT	C	contig_1	1337619	1337619	DEL146	SYN2	DEL	-
contig_1	1343296	1343296	T	TG	contig_1	1338373	1338374	INS147	SYN2	INS	-
contig_1	1344322	1344322	C	CT	contig_1	1339400	1339401	INS148	SYN2	INS	-
contig_1	1346572	1346573	GT	G	contig_1	1341651	1341651	DEL149	SYN2	DEL	-
contig_1	1349331	1349331	A	AT	contig_1	1344409	1344410	INS150	SYN2	INS	-
contig_1	1390158	1390158	C	CA	contig_1	1385237	1385238	INS151	SYN2	INS	-
contig_1	1391064	1391064	C	CT	contig_1	1386144	1386145	INS152	SYN2	INS	-
contig_1	1392882	1392882	T	TA	contig_1	1387963	1387964	INS153	SYN2	INS	-
contig_1	1392890	1392891	CT	C	contig_1	1387972	1387972	DEL154	SYN2	DEL	-
contig_1	1393033	1393034	CT	C	contig_1	1388114	1388114	DEL155	SYN2	DEL	-
contig_1	1393036	1393036	T	C	contig_1	1388116	1388116	SNP156	SYN2	SNP	-
contig_1	1397083	1397083	T	G	contig_1	1392163	1392163	SNP157	SYN2	SNP	-
contig_1	1398006	1398006	C	CT	contig_1	1393086	1393087	INS158	SYN2	INS	-
contig_1	1405623	1405624	TC	T	contig_1	1400704	1400704	DEL159	SYN2	DEL	-
contig_1	1418725	1418726	TC	T	contig_1	1413805	1413805	DEL160	SYN2	DEL	-
contig_1	1420545	1420546	GT	G	contig_1	1415624	1415624	DEL161	SYN2	DEL	-
contig_1	1428319	1428320	TC	T	contig_1	1423397	1423397	DEL162	SYN2	DEL	-
contig_1	1431164	1431164	T	TC	contig_1	1426241	1426242	INS163	SYN2	INS	-
contig_1	1432983	1432983	C	T	contig_1	1428061	1428061	SNP164	SYN2	SNP	-
contig_1	1432984	1432984	T	C	contig_1	1428062	1428062	SNP165	SYN2	SNP	-
contig_1	1435061	1435062	AT	A	contig_1	1430139	1430139	DEL166	SYN2	DEL	-
contig_1	1437289	1437290	CG	C	contig_1	1432366	1432366	DEL167	SYN2	DEL	-
contig_1	1442163	1442163	C	T	contig_1	1437239	1437239	SNP168	SYN2	SNP	-
contig_1	1442617	1442618	GT	G	contig_1	1437693	1437693	DEL169	SYN2	DEL	-
contig_1	1449083	1449084	GA	G	contig_1	1444158	1444158	DEL170	SYN2	DEL	-
contig_1	1452771	1452772	CT	C	contig_1	1447845	1447845	DEL171	SYN2	DEL	-
contig_1	1452953	1452953	G	A	contig_1	1448026	1448026	SNP172	SYN2	SNP	-
contig_1	1480959	1480960	CA	C	contig_1	1476032	1476032	DEL173	SYN2	DEL	-
contig_1	1488635	1488636	CG	C	contig_1	1483707	1483707	DEL174	SYN2	DEL	-
contig_1	1491075	1491075	T	TA	contig_1	1486146	1486147	INS175	SYN2	INS	-
contig_1	1493403	1493404	GA	G	contig_1	1488475	1488475	DEL176	SYN2	DEL	-
contig_1	1516067	1516068	GA	G	contig_1	1511138	1511138	DEL177	SYN2	DEL	-
contig_1	1529475	1529475	A	AG	contig_1	1524545	1524546	INS178	SYN2	INS	-
contig_1	1538225	1538226	CA	C	contig_1	1533296	1533296	DEL179	SYN2	DEL	-
contig_1	1556747	1556748	CT	C	contig_1	1551817	1551817	DEL180	SYN2	DEL	-
contig_1	1562142	1562142	A	AG	contig_1	1557211	1557212	INS181	SYN2	INS	-
contig_1	1562475	1562475	G	GA	contig_1	1557545	1557546	INS182	SYN2	INS	-
contig_1	1588812	1588813	AG	A	contig_1	1583883	1583883	DEL183	SYN2	DEL	-
contig_1	1600387	1600387	C	CA	contig_1	1595457	1595458	INS184	SYN2	INS	-
contig_1	1600695	1600696	TC	T	contig_1	1595766	1595766	DEL185	SYN2	DEL	-
contig_1	1608236	1608237	GA	G	contig_1	1603306	1603306	DEL186	SYN2	DEL	-
contig_1	1650579	1650580	TA	T	contig_1	1645648	1645648	DEL187	SYN2	DEL	-
contig_1	1656948	1656948	T	TCAGTTTTCC	contig_1	1652016	1652025	INS188	SYN2	INS	-
contig_1	1661851	1661851	C	CA	contig_1	1656928	1656929	INS189	SYN2	INS	-
contig_1	1665974	1665974	G	A	contig_1	1661052	1661052	SNP190	SYN2	SNP	-
contig_1	1667259	1667259	T	TC	contig_1	1662337	1662338	INS191	SYN2	INS	-
contig_1	1672512	1672512	C	CT	contig_1	1667591	1667592	INS192	SYN2	INS	-
contig_1	1677875	1677876	CT	C	contig_1	1672955	1672955	DEL193	SYN2	DEL	-
contig_1	1737088	1737088	T	TC	contig_1	1732167	1732168	INS194	SYN2	INS	-
contig_1	1740639	1740639	C	CAA	contig_1	1735719	1735721	INS195	SYN2	INS	-
contig_1	1763902	1763903	GA	G	contig_1	1758984	1758984	DEL196	SYN2	DEL	-
contig_1	1786901	1786901	G	GT	contig_1	1781982	1781983	INS197	SYN2	INS	-
contig_1	1796008	1796009	GT	G	contig_1	1791090	1791090	DEL198	SYN2	DEL	-
contig_1	1845086	1845086	C	CA	contig_1	1840167	1840168	INS199	SYN2	INS	-
contig_1	1848057	1848058	TC	T	contig_1	1843139	1843139	DEL200	SYN2	DEL	-
contig_1	1848650	1848650	A	T	contig_1	1843731	1843731	SNP201	SYN2	SNP	-
contig_1	1849819	1849819	T	TG	contig_1	1844900	1844901	INS202	SYN2	INS	-
contig_1	1866506	1866506	C	T	contig_1	1861588	1861588	SNP203	SYN2	SNP	-
contig_1	1870867	1870868	AT	A	contig_1	1865949	1865949	DEL204	SYN2	DEL	-
contig_1	1873258	1873258	T	TG	contig_1	1868339	1868340	INS205	SYN2	INS	-
contig_1	1875991	1875992	AT	A	contig_1	1871073	1871073	DEL206	SYN2	DEL	-
contig_1	1876173	1876174	CA	C	contig_1	1871254	1871254	DEL207	SYN2	DEL	-
contig_1	1883485	1883486	AT	A	contig_1	1878565	1878565	DEL208	SYN2	DEL	-
contig_1	1884278	1884279	CT	C	contig_1	1879357	1879357	DEL209	SYN2	DEL	-
contig_1	1909001	1909001	T	TG	contig_1	1904079	1904080	INS210	SYN2	INS	-
contig_1	1912294	1912294	C	CT	contig_1	1907373	1907374	INS211	SYN2	INS	-
contig_1	1917249	1917249	G	GT	contig_1	1912329	1912330	INS212	SYN2	INS	-
contig_1	1922243	1922244	AG	A	contig_1	1917324	1917324	DEL213	SYN2	DEL	-
contig_1	1925875	1925875	A	AC	contig_1	1920955	1920956	INS214	SYN2	INS	-
contig_1	1934346	1934346	T	TCGGATTCAG	contig_1	1929427	1929436	INS215	SYN2	INS	-
contig_1	1934346	1967835	-	-	contig_1	1929432	1996412	CPG2	SYN2	CPG	-
contig_1	1934346	2633390	-	-	contig_1	1962922	2661964	SYNAL4	SYN2	SYNAL	-
contig_1	1939644	1939644	G	GT	contig_1	1934734	1934735	INS216	SYN2	INS	-
contig_1	1941844	1941845	GA	G	contig_1	1936935	1936935	DEL217	SYN2	DEL	-
contig_1	1941844	1941845	GA	G	contig_1	1970420	1970420	DEL220	SYN2	DEL	-
contig_1	1949215	1949215	C	CT	contig_1	1977790	1977791	INS221	SYN2	INS	-
contig_1	1952670	1952671	AT	A	contig_1	1947760	1947760	DEL218	SYN2	DEL	-
contig_1	1952670	1952671	AT	A	contig_1	1981246	1981246	DEL222	SYN2	DEL	-
contig_1	1955834	1955834	C	CT	contig_1	1984409	1984410	INS223	SYN2	INS	-
contig_1	1967832	1967833	AT	A	contig_1	1962921	1962921	DEL219	SYN2	DEL	-
contig_1	1970813	1970814	AT	A	contig_1	1999389	1999389	DEL224	SYN2	DEL	-
contig_1	2010067	2010067	C	CT	contig_1	2038642	2038643	INS225	SYN2	INS	-
contig_1	2012143	2012143	G	GC	contig_1	2040719	2040720	INS226	SYN2	INS	-
contig_1	2021580	2021580	C	CG	contig_1	2050157	2050158	INS227	SYN2	INS	-
contig_1	2034012	2034013	GA	G	contig_1	2062590	2062590	DEL228	SYN2	DEL	-
contig_1	2034654	2034654	G	GT	contig_1	2063231	2063232	INS229	SYN2	INS	-
contig_1	2035440	2035440	T	C	contig_1	2064018	2064018	SNP230	SYN2	SNP	-
contig_1	2064558	2064558	C	CT	contig_1	2093136	2093137	INS231	SYN2	INS	-
contig_1	2078066	2078066	C	CA	contig_1	2106645	2106646	INS232	SYN2	INS	-
contig_1	2119864	2119865	GA	G	contig_1	2148444	2148444	DEL233	SYN2	DEL	-
contig_1	2123244	2123245	CA	C	contig_1	2151823	2151823	DEL234	SYN2	DEL	-
contig_1	2123827	2123828	GT	G	contig_1	2152405	2152405	DEL235	SYN2	DEL	-
contig_1	2148887	2148888	CT	C	contig_1	2177464	2177464	DEL236	SYN2	DEL	-
contig_1	2157900	2157901	CT	C	contig_1	2186476	2186476	DEL237	SYN2	DEL	-
contig_1	2158891	2158892	GT	G	contig_1	2187466	2187466	DEL238	SYN2	DEL	-
contig_1	2159254	2159255	TC	T	contig_1	2187828	2187828	DEL239	SYN2	DEL	-
contig_1	2165009	2165010	CT	C	contig_1	2193582	2193582	DEL240	SYN2	DEL	-
contig_1	2179462	2179462	T	TA	contig_1	2208034	2208035	INS241	SYN2	INS	-
contig_1	2179481	2179481	C	T	contig_1	2208054	2208054	SNP242	SYN2	SNP	-
contig_1	2179963	2179964	CT	C	contig_1	2208536	2208536	DEL243	SYN2	DEL	-
contig_1	2181534	2181534	C	T	contig_1	2210106	2210106	SNP244	SYN2	SNP	-
contig_1	2229868	2229868	C	CA	contig_1	2258440	2258441	INS245	SYN2	INS	-
contig_1	2230325	2230325	C	CA	contig_1	2258898	2258899	INS246	SYN2	INS	-
contig_1	2245303	2245303	T	TC	contig_1	2273877	2273878	INS247	SYN2	INS	-
contig_1	2249382	2249382	C	CT	contig_1	2277957	2277958	INS248	SYN2	INS	-
contig_1	2252190	2252190	T	TC	contig_1	2280766	2280767	INS249	SYN2	INS	-
contig_1	2253930	2253931	GA	G	contig_1	2282507	2282507	DEL250	SYN2	DEL	-
contig_1	2272733	2272734	GC	G	contig_1	2301309	2301309	DEL251	SYN2	DEL	-
contig_1	2272939	2272940	AT	A	contig_1	2301514	2301514	DEL252	SYN2	DEL	-
contig_1	2296990	2296991	GA	G	contig_1	2325564	2325564	DEL253	SYN2	DEL	-
contig_1	2299006	2299007	GT	G	contig_1	2327579	2327579	DEL254	SYN2	DEL	-
contig_1	2301271	2301271	T	TC	contig_1	2329843	2329844	INS255	SYN2	INS	-
contig_1	2305081	2305082	CT	C	contig_1	2333654	2333654	DEL256	SYN2	DEL	-
contig_1	2310644	2310644	G	GA	contig_1	2339216	2339217	INS257	SYN2	INS	-
contig_1	2310736	2310736	T	C	contig_1	2339309	2339309	SNP258	SYN2	SNP	-
contig_1	2311661	2311661	G	GC	contig_1	2340234	2340235	INS259	SYN2	INS	-
contig_1	2311663	2311663	T	A	contig_1	2340237	2340237	SNP260	SYN2	SNP	-
contig_1	2311666	2311666	C	T	contig_1	2340240	2340240	SNP261	SYN2	SNP	-
contig_1	2315557	2315558	AT	A	contig_1	2344131	2344131	DEL262	SYN2	DEL	-
contig_1	2315785	2315785	C	CA	contig_1	2344358	2344359	INS263	SYN2	INS	-
contig_1	2317650	2317650	T	G	contig_1	2346224	2346224	SNP264	SYN2	SNP	-
contig_1	2322251	2322252	CA	C	contig_1	2350825	2350825	DEL265	SYN2	DEL	-
contig_1	2322322	2322323	TG	T	contig_1	2350895	2350895	DEL266	SYN2	DEL	-
contig_1	2324003	2324003	T	C	contig_1	2352575	2352575	SNP267	SYN2	SNP	-
contig_1	2373978	2373978	A	AG	contig_1	2402550	2402551	INS268	SYN2	INS	-
contig_1	2376903	2376903	A	G	contig_1	2405476	2405476	SNP269	SYN2	SNP	-
contig_1	2378314	2378314	C	A	contig_1	2406887	2406887	SNP270	SYN2	SNP	-
contig_1	2392557	2392557	G	GC	contig_1	2421130	2421131	INS271	SYN2	INS	-
contig_1	2394178	2394179	GA	G	contig_1	2422752	2422752	DEL272	SYN2	DEL	-
contig_1	2394615	2394616	TG	T	contig_1	2423188	2423188	DEL273	SYN2	DEL	-
contig_1	2397129	2397129	T	TC	contig_1	2425701	2425702	INS274	SYN2	INS	-
contig_1	2405011	2405012	CT	C	contig_1	2433584	2433584	DEL275	SYN2	DEL	-
contig_1	2406065	2406065	C	CG	contig_1	2434637	2434638	INS276	SYN2	INS	-
contig_1	2421913	2421914	AG	A	contig_1	2450486	2450486	DEL277	SYN2	DEL	-
contig_1	2437331	2437331	T	TG	contig_1	2465903	2465904	INS278	SYN2	INS	-
contig_1	2450200	2450201	GA	G	contig_1	2478773	2478773	DEL279	SYN2	DEL	-
contig_1	2451099	2451099	G	GT	contig_1	2479671	2479672	INS280	SYN2	INS	-
contig_1	2472276	2472277	CT	C	contig_1	2500849	2500849	DEL281	SYN2	DEL	-
contig_1	2479989	2479990	TC	T	contig_1	2508561	2508561	DEL282	SYN2	DEL	-
contig_1	2512389	2512390	TC	T	contig_1	2540960	2540960	DEL283	SYN2	DEL	-
contig_1	2518811	2518811	G	GT	contig_1	2547381	2547382	INS284	SYN2	INS	-
contig_1	2527724	2527724	T	TC	contig_1	2556295	2556296	INS285	SYN2	INS	-
contig_1	2545224	2545224	A	AT	contig_1	2573796	2573797	INS286	SYN2	INS	-
contig_1	2570332	2570333	TG	T	contig_1	2598905	2598905	DEL287	SYN2	DEL	-
contig_1	2572339	2572340	GA	G	contig_1	2600911	2600911	DEL288	SYN2	DEL	-
contig_1	2603382	2603382	A	AG	contig_1	2631953	2631954	INS289	SYN2	INS	-
contig_1	2608118	2608118	G	GC	contig_1	2636690	2636691	INS290	SYN2	INS	-
contig_1	2632508	2632508	G	GC	contig_1	2661081	2661082	INS291	SYN2	INS	-
contig_1	2633390	2637598	-	-	contig_1	2661964	2661964	DEL3	SYN2	DEL	-
contig_1	2637599	3965065	-	-	contig_1	2661965	3989423	SYNAL5	SYN2	SYNAL	-
contig_1	2638687	2638688	TC	T	contig_1	2663053	2663053	DEL292	SYN2	DEL	-
contig_1	2643517	2643517	G	C	contig_1	2667882	2667882	SNP293	SYN2	SNP	-
contig_1	2646560	2646561	GA	G	contig_1	2670925	2670925	DEL294	SYN2	DEL	-
contig_1	2648277	2648277	T	TC	contig_1	2672641	2672642	INS295	SYN2	INS	-
contig_1	2657774	2657775	CA	C	contig_1	2682139	2682139	DEL296	SYN2	DEL	-
contig_1	2658548	2658549	GC	G	contig_1	2682912	2682912	DEL297	SYN2	DEL	-
contig_1	2659454	2659454	C	CA	contig_1	2683817	2683818	INS298	SYN2	INS	-
contig_1	2694428	2694429	GA	G	contig_1	2718792	2718792	DEL299	SYN2	DEL	-
contig_1	2696362	2696363	CA	C	contig_1	2720725	2720725	DEL300	SYN2	DEL	-
contig_1	2708668	2708668	A	G	contig_1	2733030	2733030	SNP301	SYN2	SNP	-
contig_1	2714213	2714214	TC	T	contig_1	2738575	2738575	DEL302	SYN2	DEL	-
contig_1	2727156	2727157	TC	T	contig_1	2751517	2751517	DEL303	SYN2	DEL	-
contig_1	2727543	2727543	T	C	contig_1	2751903	2751903	SNP304	SYN2	SNP	-
contig_1	2734222	2734223	TA	T	contig_1	2758582	2758582	DEL305	SYN2	DEL	-
contig_1	2736457	2736457	C	T	contig_1	2760816	2760816	SNP306	SYN2	SNP	-
contig_1	2749364	2749365	GA	G	contig_1	2773723	2773723	DEL307	SYN2	DEL	-
contig_1	2759921	2759921	T	TC	contig_1	2784279	2784280	INS308	SYN2	INS	-
contig_1	2769629	2769629	G	GA	contig_1	2793988	2793989	INS309	SYN2	INS	-
contig_1	2770062	2770062	T	C	contig_1	2794422	2794422	SNP310	SYN2	SNP	-
contig_1	2770158	2770158	T	C	contig_1	2794518	2794518	SNP311	SYN2	SNP	-
contig_1	2774237	2774238	GA	G	contig_1	2798597	2798597	DEL312	SYN2	DEL	-
contig_1	2778329	2778329	C	CA	contig_1	2802688	2802689	INS313	SYN2	INS	-
contig_1	2853704	2853705	AG	A	contig_1	2878064	2878064	DEL314	SYN2	DEL	-
contig_1	2858677	2858677	T	TA	contig_1	2883036	2883037	INS315	SYN2	INS	-
contig_1	2858688	2858689	AC	A	contig_1	2883048	2883048	DEL316	SYN2	DEL	-
contig_1	2870139	2870140	TC	T	contig_1	2894498	2894498	DEL317	SYN2	DEL	-
contig_1	2876547	2876547	G	GC	contig_1	2900905	2900906	INS318	SYN2	INS	-
contig_1	2892659	2892660	TC	T	contig_1	2917018	2917018	DEL319	SYN2	DEL	-
contig_1	2913028	2913029	GA	G	contig_1	2937386	2937386	DEL320	SYN2	DEL	-
contig_1	2922317	2922317	C	CT	contig_1	2946674	2946675	INS321	SYN2	INS	-
contig_1	2922651	2922651	C	CT	contig_1	2947009	2947010	INS322	SYN2	INS	-
contig_1	2922687	2922687	C	T	contig_1	2947046	2947046	SNP323	SYN2	SNP	-
contig_1	2923555	2923556	CG	C	contig_1	2947914	2947914	DEL324	SYN2	DEL	-
contig_1	2923589	2923589	T	TC	contig_1	2947947	2947948	INS325	SYN2	INS	-
contig_1	2926373	2926374	CT	C	contig_1	2950732	2950732	DEL326	SYN2	DEL	-
contig_1	2934404	2934404	C	CT	contig_1	2958762	2958763	INS327	SYN2	INS	-
contig_1	2939617	2939617	C	CA	contig_1	2963976	2963977	INS328	SYN2	INS	-
contig_1	2944456	2944457	GC	G	contig_1	2968816	2968816	DEL329	SYN2	DEL	-
contig_1	2947472	2947473	GA	G	contig_1	2971831	2971831	DEL330	SYN2	DEL	-
contig_1	2949494	2949494	G	GA	contig_1	2973852	2973853	INS331	SYN2	INS	-
contig_1	2975158	2975159	GA	G	contig_1	2999517	2999517	DEL332	SYN2	DEL	-
contig_1	3000970	3000970	G	GC	contig_1	3025328	3025329	INS333	SYN2	INS	-
contig_1	3007117	3007117	T	TC	contig_1	3031476	3031477	INS334	SYN2	INS	-
contig_1	3019414	3019415	GT	G	contig_1	3043774	3043774	DEL335	SYN2	DEL	-
contig_1	3020489	3020489	C	CG	contig_1	3044848	3044849	INS336	SYN2	INS	-
contig_1	3047183	3047183	T	TA	contig_1	3071543	3071544	INS337	SYN2	INS	-
contig_1	3049008	3049009	GA	G	contig_1	3073369	3073369	DEL338	SYN2	DEL	-
contig_1	3050929	3050930	AT	A	contig_1	3075289	3075289	DEL339	SYN2	DEL	-
contig_1	3065287	3065287	T	TG	contig_1	3089646	3089647	INS340	SYN2	INS	-
contig_1	3096620	3096621	GA	G	contig_1	3120980	3120980	DEL341	SYN2	DEL	-
contig_1	3102355	3102355	C	CT	contig_1	3126714	3126715	INS342	SYN2	INS	-
contig_1	3113290	3113290	A	AT	contig_1	3137650	3137651	INS343	SYN2	INS	-
contig_1	3117478	3117478	C	CT	contig_1	3141839	3141840	INS344	SYN2	INS	-
contig_1	3118820	3118821	AG	A	contig_1	3143182	3143182	DEL345	SYN2	DEL	-
contig_1	3120444	3120445	CG	C	contig_1	3144805	3144805	DEL346	SYN2	DEL	-
contig_1	3123472	3123472	C	CG	contig_1	3147832	3147833	INS347	SYN2	INS	-
contig_1	3134974	3134975	GA	G	contig_1	3159335	3159335	DEL348	SYN2	DEL	-
contig_1	3179910	3179910	A	AT	contig_1	3204270	3204271	INS349	SYN2	INS	-
contig_1	3186324	3186324	T	TC	contig_1	3210685	3210686	INS350	SYN2	INS	-
contig_1	3219466	3219467	GC	G	contig_1	3243828	3243828	DEL351	SYN2	DEL	-
contig_1	3221914	3221914	G	GA	contig_1	3246275	3246276	INS352	SYN2	INS	-
contig_1	3231196	3231196	T	TG	contig_1	3255558	3255559	INS353	SYN2	INS	-
contig_1	3236165	3236166	CT	C	contig_1	3260528	3260528	DEL354	SYN2	DEL	-
contig_1	3237587	3237588	AC	A	contig_1	3261949	3261949	DEL355	SYN2	DEL	-
contig_1	3246932	3246933	TA	T	contig_1	3271293	3271293	DEL356	SYN2	DEL	-
contig_1	3255928	3255928	C	CT	contig_1	3280288	3280289	INS357	SYN2	INS	-
contig_1	3262289	3262289	T	C	contig_1	3286650	3286650	SNP358	SYN2	SNP	-
contig_1	3262478	3262479	GA	G	contig_1	3286839	3286839	DEL359	SYN2	DEL	-
contig_1	3280558	3280558	A	AG	contig_1	3304918	3304919	INS360	SYN2	INS	-
contig_1	3308271	3308271	C	CCT	contig_1	3332632	3332634	INS361	SYN2	INS	-
contig_1	3322327	3322328	TC	T	contig_1	3346690	3346690	DEL362	SYN2	DEL	-
contig_1	3324192	3324193	AG	A	contig_1	3348554	3348554	DEL363	SYN2	DEL	-
contig_1	3334242	3334243	CG	C	contig_1	3358603	3358603	DEL364	SYN2	DEL	-
contig_1	3335389	3335389	C	T	contig_1	3359749	3359749	SNP365	SYN2	SNP	-
contig_1	3336463	3336463	C	T	contig_1	3360823	3360823	SNP366	SYN2	SNP	-
contig_1	3336757	3336757	T	TA	contig_1	3361117	3361118	INS367	SYN2	INS	-
contig_1	3339109	3339110	CT	C	contig_1	3363470	3363470	DEL368	SYN2	DEL	-
contig_1	3344049	3344050	CA	C	contig_1	3368409	3368409	DEL369	SYN2	DEL	-
contig_1	3351217	3351218	GT	G	contig_1	3375576	3375576	DEL370	SYN2	DEL	-
contig_1	3354047	3354047	T	TA	contig_1	3378405	3378406	INS371	SYN2	INS	-
contig_1	3354923	3354924	GA	G	contig_1	3379282	3379282	DEL372	SYN2	DEL	-
contig_1	3355073	3355074	TA	T	contig_1	3379431	3379431	DEL373	SYN2	DEL	-
contig_1	3355876	3355877	CT	C	contig_1	3380233	3380233	DEL374	SYN2	DEL	-
contig_1	3356246	3356246	C	T	contig_1	3380602	3380602	SNP375	SYN2	SNP	-
contig_1	3356308	3356308	T	TC	contig_1	3380664	3380665	INS376	SYN2	INS	-
contig_1	3356372	3356372	T	TC	contig_1	3380729	3380730	INS377	SYN2	INS	-
contig_1	3359168	3359168	G	GGC	contig_1	3383526	3383528	INS378	SYN2	INS	-
contig_1	3361430	3361430	C	CG	contig_1	3385790	3385791	INS379	SYN2	INS	-
contig_1	3362935	3362935	G	GT	contig_1	3387296	3387297	INS380	SYN2	INS	-
contig_1	3367487	3367488	GC	G	contig_1	3391849	3391849	DEL381	SYN2	DEL	-
contig_1	3368362	3368363	AT	A	contig_1	3392723	3392723	DEL382	SYN2	DEL	-
contig_1	3368766	3368766	C	CCA	contig_1	3393126	3393128	INS383	SYN2	INS	-
contig_1	3369037	3369037	G	A	contig_1	3393399	3393399	SNP384	SYN2	SNP	-
contig_1	3369038	3369039	TA	T	contig_1	3393400	3393400	DEL385	SYN2	DEL	-
contig_1	3369040	3369040	C	T	contig_1	3393401	3393401	SNP386	SYN2	SNP	-
contig_1	3370390	3370392	TAC	T	contig_1	3394751	3394751	DEL387	SYN2	DEL	-
contig_1	3370431	3370433	AGG	A	contig_1	3394790	3394790	DEL388	SYN2	DEL	-
contig_1	3370517	3370518	TA	T	contig_1	3394874	3394874	DEL389	SYN2	DEL	-
contig_1	3370566	3370567	TG	T	contig_1	3394922	3394922	DEL390	SYN2	DEL	-
contig_1	3370578	3370579	AT	A	contig_1	3394933	3394933	DEL391	SYN2	DEL	-
contig_1	3371096	3371096	C	T	contig_1	3395450	3395450	SNP392	SYN2	SNP	-
contig_1	3371325	3371325	T	TA	contig_1	3395679	3395680	INS393	SYN2	INS	-
contig_1	3371372	3371372	G	GA	contig_1	3395727	3395728	INS394	SYN2	INS	-
contig_1	3372071	3372072	GT	G	contig_1	3396427	3396427	DEL395	SYN2	DEL	-
contig_1	3372350	3372351	GT	G	contig_1	3396705	3396705	DEL396	SYN2	DEL	-
contig_1	3372986	3372987	GA	G	contig_1	3397340	3397340	DEL397	SYN2	DEL	-
contig_1	3373791	3373791	A	AC	contig_1	3398144	3398145	INS398	SYN2	INS	-
contig_1	3374892	3374892	T	TA	contig_1	3399246	3399247	INS399	SYN2	INS	-
contig_1	3374910	3374910	G	GA	contig_1	3399265	3399266	INS400	SYN2	INS	-
contig_1	3379204	3379205	TA	T	contig_1	3403560	3403560	DEL401	SYN2	DEL	-
contig_1	3414018	3414018	C	CT	contig_1	3438373	3438374	INS402	SYN2	INS	-
contig_1	3421005	3421006	GA	G	contig_1	3445361	3445361	DEL403	SYN2	DEL	-
contig_1	3423086	3423087	AT	A	contig_1	3447441	3447441	DEL404	SYN2	DEL	-
contig_1	3427287	3427288	GA	G	contig_1	3451641	3451641	DEL405	SYN2	DEL	-
contig_1	3436006	3436006	A	AC	contig_1	3460359	3460360	INS406	SYN2	INS	-
contig_1	3459606	3459606	T	TC	contig_1	3483960	3483961	INS407	SYN2	INS	-
contig_1	3465571	3465571	A	AC	contig_1	3489926	3489927	INS408	SYN2	INS	-
contig_1	3465669	3465670	CA	C	contig_1	3490025	3490025	DEL409	SYN2	DEL	-
contig_1	3465730	3465731	CT	C	contig_1	3490085	3490085	DEL410	SYN2	DEL	-
contig_1	3466192	3466192	C	CT	contig_1	3490546	3490547	INS411	SYN2	INS	-
contig_1	3475934	3475934	G	A	contig_1	3500289	3500289	SNP412	SYN2	SNP	-
contig_1	3481798	3481798	G	GA	contig_1	3506153	3506154	INS413	SYN2	INS	-
contig_1	3492808	3492808	G	GA	contig_1	3517164	3517165	INS414	SYN2	INS	-
contig_1	3494165	3494166	CT	C	contig_1	3518522	3518522	DEL415	SYN2	DEL	-
contig_1	3509334	3509335	AT	A	contig_1	3533690	3533690	DEL416	SYN2	DEL	-
contig_1	3544002	3544003	GA	G	contig_1	3568357	3568357	DEL417	SYN2	DEL	-
contig_1	3561326	3561327	CT	C	contig_1	3585680	3585680	DEL418	SYN2	DEL	-
contig_1	3652926	3652926	C	CT	contig_1	3677279	3677280	INS419	SYN2	INS	-
contig_1	3673564	3673564	C	CCACGACGCG	contig_1	3697918	3697927	INS420	SYN2	INS	-
contig_1	3683288	3683288	G	GT	contig_1	3707651	3707652	INS421	SYN2	INS	-
contig_1	3699154	3699155	CT	C	contig_1	3723518	3723518	DEL422	SYN2	DEL	-
contig_1	3715505	3715506	CT	C	contig_1	3739868	3739868	DEL423	SYN2	DEL	-
contig_1	3716363	3716363	G	GT	contig_1	3740725	3740726	INS424	SYN2	INS	-
contig_1	3737026	3737027	TC	T	contig_1	3761389	3761389	DEL425	SYN2	DEL	-
contig_1	3751591	3751591	C	CG	contig_1	3775953	3775954	INS426	SYN2	INS	-
contig_1	3761939	3761939	G	GA	contig_1	3786302	3786303	INS427	SYN2	INS	-
contig_1	3764317	3764317	C	CT	contig_1	3788681	3788682	INS428	SYN2	INS	-
contig_1	3766150	3766150	G	GC	contig_1	3790515	3790516	INS429	SYN2	INS	-
contig_1	3777247	3777247	T	G	contig_1	3801613	3801613	SNP430	SYN2	SNP	-
contig_1	3786723	3786723	A	AT	contig_1	3811089	3811090	INS431	SYN2	INS	-
contig_1	3796702	3796703	AT	A	contig_1	3821069	3821069	DEL432	SYN2	DEL	-
contig_1	3803053	3803053	G	A	contig_1	3827419	3827419	SNP433	SYN2	SNP	-
contig_1	3804224	3804225	TA	T	contig_1	3828590	3828590	DEL434	SYN2	DEL	-
contig_1	3805918	3805918	C	CG	contig_1	3830283	3830284	INS435	SYN2	INS	-
contig_1	3808229	3808230	CA	C	contig_1	3832595	3832595	DEL436	SYN2	DEL	-
contig_1	3816074	3816075	AG	A	contig_1	3840439	3840439	DEL437	SYN2	DEL	-
contig_1	3817843	3817843	T	TA	contig_1	3842207	3842208	INS438	SYN2	INS	-
contig_1	3818878	3818878	C	T	contig_1	3843243	3843243	SNP439	SYN2	SNP	-
contig_1	3822816	3822817	CT	C	contig_1	3847181	3847181	DEL440	SYN2	DEL	-
contig_1	3826835	3826836	GA	G	contig_1	3851199	3851199	DEL441	SYN2	DEL	-
contig_1	3835114	3835115	AT	A	contig_1	3859477	3859477	DEL442	SYN2	DEL	-
contig_1	3835739	3835739	A	G	contig_1	3860101	3860101	SNP443	SYN2	SNP	-
contig_1	3838748	3838748	G	GT	contig_1	3863110	3863111	INS444	SYN2	INS	-
contig_1	3839140	3839141	AC	A	contig_1	3863503	3863503	DEL445	SYN2	DEL	-
contig_1	3839655	3839656	GT	G	contig_1	3864017	3864017	DEL446	SYN2	DEL	-
contig_1	3840303	3840304	AT	A	contig_1	3864664	3864664	DEL447	SYN2	DEL	-
contig_1	3840368	3840368	A	AT	contig_1	3864728	3864729	INS448	SYN2	INS	-
contig_1	3841002	3841003	CT	C	contig_1	3865363	3865363	DEL449	SYN2	DEL	-
contig_1	3841099	3841099	A	AT	contig_1	3865459	3865460	INS450	SYN2	INS	-
contig_1	3841806	3841807	GT	G	contig_1	3866167	3866167	DEL451	SYN2	DEL	-
contig_1	3841998	3841998	T	TC	contig_1	3866358	3866359	INS452	SYN2	INS	-
contig_1	3842953	3842954	CT	C	contig_1	3867314	3867314	DEL453	SYN2	DEL	-
contig_1	3843426	3843427	TG	T	contig_1	3867786	3867786	DEL454	SYN2	DEL	-
contig_1	3843768	3843769	CT	C	contig_1	3868127	3868127	DEL455	SYN2	DEL	-
contig_1	3843826	3843827	AC	A	contig_1	3868184	3868184	DEL456	SYN2	DEL	-
contig_1	3844459	3844459	T	TC	contig_1	3868816	3868817	INS457	SYN2	INS	-
contig_1	3845018	3845019	TC	T	contig_1	3869376	3869376	DEL458	SYN2	DEL	-
contig_1	3845117	3845117	T	TCC	contig_1	3869474	3869476	INS459	SYN2	INS	-
contig_1	3845119	3845119	G	A	contig_1	3869478	3869478	SNP460	SYN2	SNP	-
contig_1	3845120	3845120	A	G	contig_1	3869479	3869479	SNP461	SYN2	SNP	-
contig_1	3845184	3845184	C	T	contig_1	3869543	3869543	SNP462	SYN2	SNP	-
contig_1	3845219	3845219	G	A	contig_1	3869578	3869578	SNP463	SYN2	SNP	-
contig_1	3845221	3845221	A	G	contig_1	3869580	3869580	SNP464	SYN2	SNP	-
contig_1	3845222	3845222	G	GA	contig_1	3869581	3869582	INS465	SYN2	INS	-
contig_1	3845493	3845493	C	CT	contig_1	3869853	3869854	INS466	SYN2	INS	-
contig_1	3845739	3845739	G	GA	contig_1	3870100	3870101	INS467	SYN2	INS	-
contig_1	3846131	3846131	T	TC	contig_1	3870493	3870494	INS468	SYN2	INS	-
contig_1	3846346	3846346	C	CA	contig_1	3870709	3870710	INS469	SYN2	INS	-
contig_1	3846390	3846391	TC	T	contig_1	3870754	3870754	DEL470	SYN2	DEL	-
contig_1	3846457	3846459	CCT	C	contig_1	3870820	3870820	DEL471	SYN2	DEL	-
contig_1	3846729	3846729	A	AT	contig_1	3871090	3871091	INS472	SYN2	INS	-
contig_1	3846762	3846762	C	CT	contig_1	3871124	3871125	INS473	SYN2	INS	-
contig_1	3853795	3853795	C	T	contig_1	3878158	3878158	SNP474	SYN2	SNP	-
contig_1	3862261	3862262	TC	T	contig_1	3886624	3886624	DEL475	SYN2	DEL	-
contig_1	3874420	3874420	C	T	contig_1	3898782	3898782	SNP476	SYN2	SNP	-
contig_1	3877580	3877580	A	AG	contig_1	3901942	3901943	INS477	SYN2	INS	-
contig_1	3877773	3877774	GA	G	contig_1	3902136	3902136	DEL478	SYN2	DEL	-
contig_1	3877782	3877782	C	T	contig_1	3902144	3902144	SNP479	SYN2	SNP	-
contig_1	3885454	3885455	CT	C	contig_1	3909816	3909816	DEL480	SYN2	DEL	-
contig_1	3887430	3887431	AT	A	contig_1	3911791	3911791	DEL481	SYN2	DEL	-
contig_1	3892376	3892378	TAA	T	contig_1	3916736	3916736	DEL482	SYN2	DEL	-
contig_1	3898199	3898199	T	TA	contig_1	3922557	3922558	INS483	SYN2	INS	-
contig_1	3909198	3909199	CT	C	contig_1	3933557	3933557	DEL484	SYN2	DEL	-
contig_1	3914864	3914864	A	AT	contig_1	3939222	3939223	INS485	SYN2	INS	-
contig_1	3918690	3918690	C	CT	contig_1	3943049	3943050	INS486	SYN2	INS	-
contig_1	3928395	3928396	CT	C	contig_1	3952755	3952755	DEL487	SYN2	DEL	-
-	-	-	-	-	contig_1	1176694	1176702	NOTAL3	-	NOTAL	-
-	-	-	-	-	contig_1	1189764	1189767	NOTAL4	-	NOTAL	-
-	-	-	-	-	contig_1	3989424	3989424	NOTAL5	-	NOTAL	-
