2025-02-06 09:10:07,435 - numexpr.utils - INFO - _init_num_threads:148 - Note: NumExpr detected 16 cores but "NUMEXPR_MAX_THREADS" not set, so enforcing safe limit of 8.
2025-02-06 09:10:07,436 - numexpr.utils - INFO - _init_num_threads:160 - NumExpr defaulting to 8 threads.
2025-02-06 09:10:07,537 - Reading Coords - INFO - syri:135 - Reading input from BAM file
2025-02-06 09:10:07,595 - syri - INFO - syri:214 - starting
2025-02-06 09:10:07,595 - syri - INFO - syri:214 - Analysing chromosomes: ['contig_1']
2025-02-06 09:10:07,602 - syri.contig_1 - INFO - mapstar:48 - contig_1 (17, 11)
2025-02-06 09:10:07,602 - syri.contig_1 - INFO - mapstar:48 - Identifying Synteny for chromosome contig_1
2025-02-06 09:10:07,624 - syri.contig_1 - INFO - mapstar:48 - Identifying Inversions for chromosome contig_1
2025-02-06 09:10:07,839 - syri.contig_1 - INFO - mapstar:48 - Identifying translocation and duplication for chromosome contig_1
2025-02-06 09:10:07,871 - getCTX - INFO - syri:214 - Identifying cross-chromosomal translocation and duplication for chromosome2025-02-06 09:10:07.871512
2025-02-06 09:10:07,931 - local_variation - INFO - syri:225 - Finding SVs in synOut.txt, invOut.txt, TLOut.txt, invTLOut.txt, ctxOut.txt
2025-02-06 09:10:08,205 - local_variation - INFO - syri:245 - Finding SNPs and small indels
2025-02-06 09:10:08,260 - local_variation - INFO - syri:257 - Combining outputs
2025-02-06 09:10:08,260 - local_variation - INFO - syri:262 - Generating table output
2025-02-06 09:10:08,358 - local_variation - INFO - syri:267 - Generating VCF
2025-02-06 09:10:08,367 - local_variation - WARNING - syri:275 - Finished syri
2025-02-07 14:53:12,523 - numexpr.utils - INFO - _init_num_threads:148 - Note: NumExpr detected 16 cores but "NUMEXPR_MAX_THREADS" not set, so enforcing safe limit of 8.
2025-02-07 14:53:12,523 - numexpr.utils - INFO - _init_num_threads:160 - NumExpr defaulting to 8 threads.
2025-02-07 14:53:12,616 - Reading Coords - INFO - syri:135 - Reading input from BAM file
2025-02-07 14:53:12,669 - syri - INFO - syri:214 - starting
2025-02-07 14:53:12,669 - syri - INFO - syri:214 - Analysing chromosomes: ['contig_1']
2025-02-07 14:53:12,676 - syri.contig_1 - INFO - mapstar:48 - contig_1 (17, 11)
2025-02-07 14:53:12,676 - syri.contig_1 - INFO - mapstar:48 - Identifying Synteny for chromosome contig_1
2025-02-07 14:53:12,697 - syri.contig_1 - INFO - mapstar:48 - Identifying Inversions for chromosome contig_1
2025-02-07 14:53:12,897 - syri.contig_1 - INFO - mapstar:48 - Identifying translocation and duplication for chromosome contig_1
2025-02-07 14:53:12,928 - getCTX - INFO - syri:214 - Identifying cross-chromosomal translocation and duplication for chromosome2025-02-07 14:53:12.928194
2025-02-07 14:53:12,979 - local_variation - INFO - syri:225 - Finding SVs in synOut.txt, invOut.txt, TLOut.txt, invTLOut.txt, ctxOut.txt
2025-02-07 14:53:13,227 - local_variation - INFO - syri:245 - Finding SNPs and small indels
2025-02-07 14:53:13,276 - local_variation - INFO - syri:257 - Combining outputs
2025-02-07 14:53:13,277 - local_variation - INFO - syri:262 - Generating table output
2025-02-07 14:53:13,364 - local_variation - INFO - syri:267 - Generating VCF
2025-02-07 14:53:13,373 - local_variation - WARNING - syri:275 - Finished syri
2025-02-07 14:54:11,571 - numexpr.utils - INFO - _init_num_threads:148 - Note: NumExpr detected 16 cores but "NUMEXPR_MAX_THREADS" not set, so enforcing safe limit of 8.
2025-02-07 14:54:11,571 - numexpr.utils - INFO - _init_num_threads:160 - NumExpr defaulting to 8 threads.
2025-02-07 14:54:11,663 - Reading Coords - INFO - syri:135 - Reading input from BAM file
2025-02-07 14:54:11,717 - syri - INFO - syri:214 - starting
2025-02-07 14:54:11,717 - syri - INFO - syri:214 - Analysing chromosomes: ['contig_1']
2025-02-07 14:54:11,724 - syri.contig_1 - INFO - mapstar:48 - contig_1 (17, 11)
2025-02-07 14:54:11,724 - syri.contig_1 - INFO - mapstar:48 - Identifying Synteny for chromosome contig_1
2025-02-07 14:54:11,744 - syri.contig_1 - INFO - mapstar:48 - Identifying Inversions for chromosome contig_1
2025-02-07 14:54:11,944 - syri.contig_1 - INFO - mapstar:48 - Identifying translocation and duplication for chromosome contig_1
2025-02-07 14:54:11,973 - getCTX - INFO - syri:214 - Identifying cross-chromosomal translocation and duplication for chromosome2025-02-07 14:54:11.973874
2025-02-07 14:54:12,025 - local_variation - INFO - syri:225 - Finding SVs in synOut.txt, invOut.txt, TLOut.txt, invTLOut.txt, ctxOut.txt
2025-02-07 14:54:12,273 - local_variation - INFO - syri:245 - Finding SNPs and small indels
2025-02-07 14:54:12,323 - local_variation - INFO - syri:257 - Combining outputs
2025-02-07 14:54:12,323 - local_variation - INFO - syri:262 - Generating table output
2025-02-07 14:54:12,409 - local_variation - INFO - syri:267 - Generating VCF
2025-02-07 14:54:12,417 - local_variation - WARNING - syri:275 - Finished syri
2025-02-15 20:46:55,806 - numexpr.utils - INFO - _init_num_threads:148 - Note: NumExpr detected 16 cores but "NUMEXPR_MAX_THREADS" not set, so enforcing safe limit of 8.
2025-02-15 20:46:55,806 - numexpr.utils - INFO - _init_num_threads:160 - NumExpr defaulting to 8 threads.
2025-02-15 20:46:55,896 - Reading Coords - INFO - syri:135 - Reading input from BAM file
2025-02-15 20:46:55,948 - syri - INFO - syri:214 - starting
2025-02-15 20:46:55,948 - syri - INFO - syri:214 - Analysing chromosomes: ['contig_1']
2025-02-15 20:46:55,955 - syri.contig_1 - INFO - mapstar:48 - contig_1 (17, 11)
2025-02-15 20:46:55,955 - syri.contig_1 - INFO - mapstar:48 - Identifying Synteny for chromosome contig_1
2025-02-15 20:46:55,975 - syri.contig_1 - INFO - mapstar:48 - Identifying Inversions for chromosome contig_1
2025-02-15 20:46:56,168 - syri.contig_1 - INFO - mapstar:48 - Identifying translocation and duplication for chromosome contig_1
2025-02-15 20:46:56,198 - getCTX - INFO - syri:214 - Identifying cross-chromosomal translocation and duplication for chromosome2025-02-15 20:46:56.198086
2025-02-15 20:46:56,247 - local_variation - INFO - syri:225 - Finding SVs in synOut.txt, invOut.txt, TLOut.txt, invTLOut.txt, ctxOut.txt
2025-02-15 20:46:56,486 - local_variation - INFO - syri:245 - Finding SNPs and small indels
2025-02-15 20:46:56,533 - local_variation - INFO - syri:257 - Combining outputs
2025-02-15 20:46:56,534 - local_variation - INFO - syri:262 - Generating table output
2025-02-15 20:46:56,620 - local_variation - INFO - syri:267 - Generating VCF
2025-02-15 20:46:56,627 - local_variation - WARNING - syri:275 - Finished syri
