chr1	start1	end1	REF	ALT	chr2	start2	end2	ID	parent	SVTYPE	MISC	start1_is_rm	end1_is_rm	start2_is_rm	end2_is_rm	start1_is	end1_is	start2_is	end2_is	SVLEN_ISDEL
contig_1	1	1185979	-	-	contig_1	1	1188619	SYN1	-	SYN	-	1	1176702	1	1176247	-1	9	-1	4	1176702
contig_1	1	1185979	-	-	contig_1	1	1188619	SYNAL1	SYN1	SYNAL	-	1	1176702	1	1176247	-1	9	-1	4	1176702
contig_1	552053	552515	-	-	contig_1	552063	552063	DEL72	SYN1	DEL	-	548961	549423	548970	548970	3	4	1	1	463
contig_1	1062676	1062676	A	AGGCATTATG	contig_1	1062217	1062226	INS125	SYN1	INS	-	1053399	1053399	1052938	1052947	8	8	3	3	10
contig_1	1190643	1390262	-	-	contig_1	1193280	1392884	INV5	-	INV	-	1176703	1373229	1176248	1372760	9	13	4	6	196527
contig_1	1190643	1390262	-	-	contig_1	1392884	1193280	INVAL10	INV5	INVAL	-	1176703	1373229	1372760	1176248	9	13	6	4	196527
contig_1	1390254	2258553	-	-	contig_1	1395977	2154218	SYN2	-	SYN	-	1373221	2219823	1372761	2095418	13	36	6	18	846603
contig_1	1390254	1676262	-	-	contig_1	1395977	1685074	SYNAL2	SYN2	SYNAL	-	1373221	1651475	1372761	1651010	13	18	6	9	278255
contig_1	1676262	1680759	-	-	contig_1	1685074	1685074	DEL1	SYN2	DEL	-	1651475	1652879	1651010	1651010	18	21	9	9	1405
contig_1	1680760	1838802	-	-	contig_1	1685074	1851803	SYNAL3	SYN2	SYNAL	-	1652880	1810922	1651010	1808461	21	26	9	13	158043
contig_1	1746531	1746531	C	CCATAAAGCG	contig_1	1750840	1750849	INS227	SYN2	INS	-	1718651	1718651	1716776	1716785	22	22	10	10	10
contig_1	1775152	1775152	T	TGCCAGCGGG	contig_1	1782559	1782568	INS231	SYN2	INS	-	1747272	1747272	1745403	1745412	23	23	11	11	10
contig_1	1791832	1792427	-	-	contig_1	1802341	1802341	DEL232	SYN2	DEL	-	1763952	1764547	1762092	1762092	24	25	12	12	596
contig_1	1838802	1927265	-	-	contig_1	1851803	1851803	DEL2	SYN2	DEL	-	1810922	1899385	1808461	1808461	26	27	13	13	88464
contig_1	1927266	1996990	-	-	contig_1	1854896	1924608	SYNAL4	SYN2	SYNAL	-	1899386	1962923	1808462	1871993	27	30	13	15	63538
contig_1	1957313	2030476	-	-	contig_1	1888030	1924608	CPL3	SYN2	CPL	-	1929433	1996409	1838507	1871993	28	32	14	15	66977
contig_1	1996990	2258553	-	-	contig_1	1888030	2154218	SYNAL5	SYN2	SYNAL	-	1962923	2219823	1838507	2095418	30	36	14	18	256901
contig_1	2173999	2173999	G	GATTGATATT	contig_1	2063461	2063470	INS264	SYN2	INS	-	2135269	2135269	2010846	2010855	34	34	16	16	10
contig_1	2217613	2217613	C	CACGCTTGAT	contig_1	2110176	2110185	INS270	SYN2	INS	-	2178883	2178883	2054468	2054477	35	35	17	17	10
contig_1	2258554	2269662	-	-	-	-	-	NOTAL1	-	NOTAL	-	2219824	2230932	-	-	36	37	-1	-1	11109
contig_1	2269663	2355176	-	-	contig_1	2154218	2242817	INV6	-	INV	-	2230933	2311783	2095418	2176262	37	38	18	19	80851
contig_1	2269663	2355176	-	-	contig_1	2242817	2154218	INVAL11	INV6	INVAL	-	2230933	2311783	2176262	2095418	37	38	19	18	80851
contig_1	2355177	2363481	-	-	-	-	-	NOTAL2	-	NOTAL	-	2311784	2320088	-	-	38	40	-1	-1	8305
contig_1	2363482	3097391	-	-	contig_1	2242817	2976832	SYN3	-	SYN	-	2320089	3050906	2176262	2900998	40	47	19	23	730818
contig_1	2363482	2446534	-	-	contig_1	2242817	2328959	SYNAL6	SYN3	SYNAL	-	2320089	2403141	2176262	2259311	40	41	19	20	83053
contig_1	2446534	2451019	-	-	contig_1	2328959	2328959	DEL4	SYN3	DEL	-	2403141	2407626	2259311	2259311	41	42	20	20	4486
contig_1	2451020	2705357	-	-	contig_1	2328958	2583285	SYNAL7	SYN3	SYNAL	-	2407627	2661964	2259310	2513637	42	43	20	21	254338
contig_1	2705357	2710037	-	-	contig_1	2583285	2583285	DEL5	SYN3	DEL	-	2661964	2663552	2513637	2513637	43	45	21	21	1589
contig_1	2710038	3097391	-	-	contig_1	2586379	2976832	SYNAL8	SYN3	SYNAL	-	2663553	3050906	2513638	2900998	45	47	21	23	387354
contig_1	2858096	2858096	T	TTCATCATTA	contig_1	2734438	2734447	INS351	SYN3	INS	-	2811611	2811611	2661697	2661706	46	46	22	22	10
contig_1	3097383	3110163	-	-	contig_1	2976832	2992704	INV7	-	INV	-	3050898	3063678	2900998	2913778	47	48	23	24	12781
contig_1	3097383	3110163	-	-	contig_1	2992704	2976832	INVAL12	INV7	INVAL	-	3050898	3063678	2913778	2900998	47	48	24	23	12781
contig_1	3110164	3128600	-	-	-	-	-	NOTAL3	-	NOTAL	-	3063679	3082115	-	-	48	49	-1	-1	18437
contig_1	3128601	4051419	-	-	contig_1	2997917	3923637	SYN4	-	SYN	-	3082116	3989424	2913779	3820897	49	-1	24	-1	907309
contig_1	3128601	4051419	-	-	contig_1	2997917	3923637	SYNAL9	SYN4	SYNAL	-	3082116	3989424	2913779	3820897	49	-1	24	-1	907309
contig_1	3747504	3752337	-	-	contig_1	3616795	3616795	DEL429	SYN4	DEL	-	3697927	3698097	3529565	3529565	52	54	26	26	171
contig_1	3882703	3882703	T	TTCTCCAGCC	contig_1	3751818	3751827	INS440	SYN4	INS	-	3828463	3828463	3659925	3659934	55	55	27	27	10
